Archive member included to satisfy reference by file (symbol)

freertos/libfreertos.a(queue.c.obj)
                              CMakeFiles/firmware.dir/firmware.c.obj (xQueueGenericCreate)
freertos/libfreertos.a(tasks.c.obj)
                              CMakeFiles/firmware.dir/firmware.c.obj (xTaskCreate)
freertos/libfreertos.a(timers.c.obj)
                              freertos/libfreertos.a(tasks.c.obj) (xTimerCreateTimerTask)
freertos/libfreertos.a(heap_3.c.obj)
                              freertos/libfreertos.a(queue.c.obj) (pvPortMalloc)
freertos/libfreertos.a(port.c.obj)
                              freertos/libfreertos.a(queue.c.obj) (vPortYield)
freertos/libfreertos.a(portasm.c.obj)
                              freertos/libfreertos.a(port.c.obj) (vRestoreContextOfFirstTask)
freertos/libfreertos.a(event_groups.c.obj)
                              freertos/libfreertos.a(port.c.obj) (xEventGroupCreate)
freertos/libfreertos.a(list.c.obj)
                              freertos/libfreertos.a(queue.c.obj) (vListInitialise)
C:/Users/nahue/.pico-sdk/toolchain/14_2_Rel1/bin/../lib/gcc/arm-none-eabi/14.2.1/thumb/v8-m.main+fp/softfp\libm.a(libm_a-wf_sqrt.o)
                              CMakeFiles/firmware.dir/C_/Users/nahue/.pico-sdk/sdk/2.1.1/src/rp2_common/pico_float/float_math.c.obj (sqrtf)
C:/Users/nahue/.pico-sdk/toolchain/14_2_Rel1/bin/../lib/gcc/arm-none-eabi/14.2.1/thumb/v8-m.main+fp/softfp\libm.a(libm_a-ef_sqrt.o)
                              C:/Users/nahue/.pico-sdk/toolchain/14_2_Rel1/bin/../lib/gcc/arm-none-eabi/14.2.1/thumb/v8-m.main+fp/softfp\libm.a(libm_a-wf_sqrt.o) (__ieee754_sqrtf)
C:/Users/nahue/.pico-sdk/toolchain/14_2_Rel1/bin/../lib/gcc/arm-none-eabi/14.2.1/thumb/v8-m.main+fp/softfp\libgcc.a(_arm_addsubdf3.o)
                              CMakeFiles/firmware.dir/C_/Users/nahue/.pico-sdk/sdk/2.1.1/src/rp2_common/pico_float/float_math.c.obj (__aeabi_f2d)
C:/Users/nahue/.pico-sdk/toolchain/14_2_Rel1/bin/../lib/gcc/arm-none-eabi/14.2.1/thumb/v8-m.main+fp/softfp\libgcc.a(_aeabi_ldivmod.o)
                              CMakeFiles/firmware.dir/C_/Users/nahue/.pico-sdk/sdk/2.1.1/src/common/pico_time/time.c.obj (__aeabi_ldivmod)
C:/Users/nahue/.pico-sdk/toolchain/14_2_Rel1/bin/../lib/gcc/arm-none-eabi/14.2.1/thumb/v8-m.main+fp/softfp\libgcc.a(_aeabi_uldivmod.o)
                              CMakeFiles/firmware.dir/firmware.c.obj (__aeabi_uldivmod)
C:/Users/nahue/.pico-sdk/toolchain/14_2_Rel1/bin/../lib/gcc/arm-none-eabi/14.2.1/thumb/v8-m.main+fp/softfp\libgcc.a(_udivmoddi4.o)
                              C:/Users/nahue/.pico-sdk/toolchain/14_2_Rel1/bin/../lib/gcc/arm-none-eabi/14.2.1/thumb/v8-m.main+fp/softfp\libgcc.a(_aeabi_ldivmod.o) (__udivmoddi4)
C:/Users/nahue/.pico-sdk/toolchain/14_2_Rel1/bin/../lib/gcc/arm-none-eabi/14.2.1/thumb/v8-m.main+fp/softfp\libgcc.a(_dvmd_tls.o)
                              C:/Users/nahue/.pico-sdk/toolchain/14_2_Rel1/bin/../lib/gcc/arm-none-eabi/14.2.1/thumb/v8-m.main+fp/softfp\libgcc.a(_aeabi_ldivmod.o) (__aeabi_ldiv0)
C:/Users/nahue/.pico-sdk/toolchain/14_2_Rel1/bin/../lib/gcc/arm-none-eabi/14.2.1/thumb/v8-m.main+fp/softfp\libg.a(libc_a-calloc.o)
                              CMakeFiles/firmware.dir/C_/Users/nahue/.pico-sdk/sdk/2.1.1/src/rp2_common/pico_malloc/malloc.c.obj (calloc)
C:/Users/nahue/.pico-sdk/toolchain/14_2_Rel1/bin/../lib/gcc/arm-none-eabi/14.2.1/thumb/v8-m.main+fp/softfp\libg.a(libc_a-callocr.o)
                              C:/Users/nahue/.pico-sdk/toolchain/14_2_Rel1/bin/../lib/gcc/arm-none-eabi/14.2.1/thumb/v8-m.main+fp/softfp\libg.a(libc_a-calloc.o) (_calloc_r)
C:/Users/nahue/.pico-sdk/toolchain/14_2_Rel1/bin/../lib/gcc/arm-none-eabi/14.2.1/thumb/v8-m.main+fp/softfp\libg.a(libc_a-malloc.o)
                              CMakeFiles/firmware.dir/C_/Users/nahue/.pico-sdk/sdk/2.1.1/src/rp2_common/pico_malloc/malloc.c.obj (malloc)
C:/Users/nahue/.pico-sdk/toolchain/14_2_Rel1/bin/../lib/gcc/arm-none-eabi/14.2.1/thumb/v8-m.main+fp/softfp\libg.a(libc_a-mallocr.o)
                              C:/Users/nahue/.pico-sdk/toolchain/14_2_Rel1/bin/../lib/gcc/arm-none-eabi/14.2.1/thumb/v8-m.main+fp/softfp\libg.a(libc_a-callocr.o) (_malloc_r)
C:/Users/nahue/.pico-sdk/toolchain/14_2_Rel1/bin/../lib/gcc/arm-none-eabi/14.2.1/thumb/v8-m.main+fp/softfp\libg.a(libc_a-mlock.o)
                              C:/Users/nahue/.pico-sdk/toolchain/14_2_Rel1/bin/../lib/gcc/arm-none-eabi/14.2.1/thumb/v8-m.main+fp/softfp\libg.a(libc_a-mallocr.o) (__malloc_lock)
C:/Users/nahue/.pico-sdk/toolchain/14_2_Rel1/bin/../lib/gcc/arm-none-eabi/14.2.1/thumb/v8-m.main+fp/softfp\libg.a(libc_a-realloc.o)
                              CMakeFiles/firmware.dir/C_/Users/nahue/.pico-sdk/sdk/2.1.1/src/rp2_common/pico_malloc/malloc.c.obj (realloc)
C:/Users/nahue/.pico-sdk/toolchain/14_2_Rel1/bin/../lib/gcc/arm-none-eabi/14.2.1/thumb/v8-m.main+fp/softfp\libg.a(libc_a-reallocr.o)
[...]
Memory Configuration

Name             Origin             Length             Attributes
FLASH            0x10000000         0x00400000         xr
RAM              0x20000000         0x00080000         xrw
SCRATCH_X        0x20080000         0x00001000         xrw
SCRATCH_Y        0x20081000         0x00001000         xrw
*default*        0x00000000         0xffffffff

Linker script and memory map

LOAD C:/Users/nahue/.pico-sdk/toolchain/14_2_Rel1/bin/../lib/gcc/arm-none-eabi/14.2.1/thumb/v8-m.main+fp/softfp/crti.o
LOAD C:/Users/nahue/.pico-sdk/toolchain/14_2_Rel1/bin/../lib/gcc/arm-none-eabi/14.2.1/thumb/v8-m.main+fp/softfp/crtbegin.o
LOAD C:/Users/nahue/.pico-sdk/toolchain/14_2_Rel1/bin/../lib/gcc/arm-none-eabi/14.2.1/thumb/v8-m.main+fp/softfp/crt0.o

.flash_begin    0x10000000        0x0
                0x10000000                        __flash_binary_start = .

.text           0x10000000     0x8894
                0x10000000                        __logical_binary_start = .
 *(.vectors)
 .vectors       0x10000000      0x124 CMakeFiles/firmware.dir/C_/Users/nahue/.pico-sdk/sdk/2.1.1/src/rp2_common/pico_crt0/crt0.S.obj
                0x10000000                __vectors
                0x10000000                __VECTOR_TABLE
                0x10000110                isr_invalid
                0x10000110                __default_isrs_start
                0x10000112                isr_nmi
                0x10000114                isr_hardfault
                0x1000011c                isr_irq27
                0x1000011c                isr_irq32
                0x1000011c                isr_irq31
                0x1000011c                isr_irq5
                0x1000011c                isr_irq11
                0x1000011c                isr_irq45
                0x1000011c                isr_irq23
                0x1000011c                isr_irq48
                0x1000011c                isr_irq35
                0x1000011c                isr_irq18
                0x1000011c                isr_irq50
                0x1000011c                isr_irq43
                0x1000011c                isr_irq13
                0x1000011c                isr_irq28
                0x1000011c                isr_irq19
                0x1000011c                isr_irq36
                0x1000011c                isr_irq41
                0x1000011c                isr_irq0
                0x1000011c                isr_irq6
                0x1000011c                __unhandled_user_irq
                0x1000011c                isr_irq12
                0x1000011c                isr_irq37
                0x1000011c                isr_irq42
                0x1000011c                isr_irq22
                0x1000011c                isr_irq30
                0x1000011c                isr_irq17
                0x1000011c                isr_irq38
                0x1000011c                isr_irq14
                0x1000011c                isr_irq40
                0x1000011c                isr_irq2
                0x1000011c                isr_irq10
                0x1000011c                isr_irq8
                0x1000011c                isr_irq24
                0x1000011c                isr_irq46
                0x1000011c                isr_irq1
                0x1000011c                isr_irq47
                0x1000011c                isr_irq51
                0x1000011c                isr_irq7
                0x1000011c                isr_irq21
                0x1000011c                isr_irq39
                0x1000011c                isr_irq20
                0x1000011c                isr_irq15
                0x1000011c                isr_irq25
                0x1000011c                isr_irq34
                0x1000011c                isr_irq49
                0x1000011c                isr_irq4
                0x1000011c                isr_irq16
                0x1000011c                isr_irq44
                0x1000011c                isr_irq29
                0x1000011c                isr_irq26
                0x1000011c                __default_isrs_end
                0x1000011c                isr_irq33
                0x1000011c                isr_irq3
                0x1000011c                isr_irq9
                0x10000122                unhandled_user_irq_num_in_r0
 *(.binary_info_header)
 .binary_info_header
                0x10000124       0x14 CMakeFiles/firmware.dir/C_/Users/nahue/.pico-sdk/sdk/2.1.1/src/rp2_common/pico_crt0/crt0.S.obj
                0x10000138                        __binary_info_header_end = .
 *(.embedded_block)
 .embedded_block
                0x10000138       0x14 CMakeFiles/firmware.dir/C_/Users/nahue/.pico-sdk/sdk/2.1.1/src/rp2_common/pico_crt0/crt0.S.obj
                0x1000014c                        __embedded_block_end = .
 *(.reset)
 .reset         0x1000014c       0xa0 CMakeFiles/firmware.dir/C_/Users/nahue/.pico-sdk/sdk/2.1.1/src/rp2_common/pico_crt0/crt0.S.obj
                0x1000014c                _entry_point
 *(.init)
 .init          0x100001ec        0x4 C:/Users/nahue/.pico-sdk/toolchain/14_2_Rel1/bin/../lib/gcc/arm-none-eabi/14.2.1/thumb/v8-m.main+fp/softfp/crti.o
                0x100001ec                _init
 SORT_BY_NAME(REVERSE(*libgcc.a:cmse_nonsecure_call.o))()
 *(EXCLUDE_FILE(*libm.a: *libc.a:*lib_a-mem*.o *libgcc.a:) .text*)
 .text.register_tm_clones
                0x100001f0       0x28 C:/Users/nahue/.pico-sdk/toolchain/14_2_Rel1/bin/../lib/gcc/arm-none-eabi/14.2.1/thumb/v8-m.main+fp/softfp/crtbegin.o
 .text.frame_dummy
                0x10000218       0x24 C:/Users/nahue/.pico-sdk/toolchain/14_2_Rel1/bin/../lib/gcc/arm-none-eabi/14.2.1/thumb/v8-m.main+fp/softfp/crtbegin.o
 .text.vTareaMediaPrioridad
                0x1000023c       0x50 CMakeFiles/firmware.dir/firmware.c.obj
                0x1000023c                vTareaMediaPrioridad
 .text.vTareaMonitor
                0x1000028c       0x54 CMakeFiles/firmware.dir/firmware.c.obj
                0x1000028c                vTareaMonitor
 .text.vTareaAltaPrioridad
                0x100002e0       0xd0 CMakeFiles/firmware.dir/firmware.c.obj
                0x100002e0                vTareaAltaPrioridad
 .text.vTareaBajaPrioridad
                0x100003b0       0xcc CMakeFiles/firmware.dir/firmware.c.obj
                0x100003b0                vTareaBajaPrioridad
 .text.startup.main
                0x1000047c      0x158 CMakeFiles/firmware.dir/firmware.c.obj
                0x1000047c                main
 .text.panic    0x100005d4       0x30 CMakeFiles/firmware.dir/C_/Users/nahue/.pico-sdk/sdk/2.1.1/src/rp2_common/pico_platform_panic/panic.c.obj
                0x100005d4                panic
 .text.hw_claim_or_assert
                0x10000604       0x58 CMakeFiles/firmware.dir/C_/Users/nahue/.pico-sdk/sdk/2.1.1/src/common/hardware_claim/claim.c.obj
                0x10000604                hw_claim_or_assert
 .text.hw_claim_unused_from_range
                0x1000065c       0x80 CMakeFiles/firmware.dir/C_/Users/nahue/.pico-sdk/sdk/2.1.1/src/common/hardware_claim/claim.c.obj
                0x1000065c                hw_claim_unused_from_range
 .text.next_striped_spin_lock_num
                0x100006dc       0x18 CMakeFiles/firmware.dir/C_/Users/nahue/.pico-sdk/sdk/2.1.1/src/rp2_common/hardware_sync/sync.c.obj
                0x100006dc                next_striped_spin_lock_num
 .text.spin_lock_claim_unused
                0x100006f4       0x20 CMakeFiles/firmware.dir/C_/Users/nahue/.pico-sdk/sdk/2.1.1/src/rp2_common/hardware_sync/sync.c.obj
                0x100006f4                spin_lock_claim_unused
 .text.spinlock_set_extexclall
                0x10000714       0x10 CMakeFiles/firmware.dir/C_/Users/nahue/.pico-sdk/sdk/2.1.1/src/rp2_common/hardware_sync_spin_lock/sync_spin_lock.c.obj
 .text.spin_locks_reset
                0x10000724       0x18 CMakeFiles/firmware.dir/C_/Users/nahue/.pico-sdk/sdk/2.1.1/src/rp2_common/hardware_sync_spin_lock/sync_spin_lock.c.obj
                0x10000724                spin_locks_reset
 .text.runtime_init_per_core_irq_priorities
                0x1000073c       0x40 CMakeFiles/firmware.dir/C_/Users/nahue/.pico-sdk/sdk/2.1.1/src/rp2_common/hardware_irq/irq.c.obj
                0x1000073c                runtime_init_per_core_irq_priorities
 .text.irq_set_enabled
                0x1000077c       0x2c CMakeFiles/firmware.dir/C_/Users/nahue/.pico-sdk/sdk/2.1.1/src/rp2_common/hardware_irq/irq.c.obj
                0x1000077c                irq_set_enabled
 .text.irq_is_enabled
                0x100007a8       0x20 CMakeFiles/firmware.dir/C_/Users/nahue/.pico-sdk/sdk/2.1.1/src/rp2_common/hardware_irq/irq.c.obj
                0x100007a8                irq_is_enabled
 .text.irq_set_pending
                0x100007c8       0x18 CMakeFiles/firmware.dir/C_/Users/nahue/.pico-sdk/sdk/2.1.1/src/rp2_common/hardware_irq/irq.c.obj
                0x100007c8                irq_set_pending
 .text.irq_has_shared_handler
                0x100007e0       0x20 CMakeFiles/firmware.dir/C_/Users/nahue/.pico-sdk/sdk/2.1.1/src/rp2_common/hardware_irq/irq.c.obj
                0x100007e0                irq_has_shared_handler
 .text.irq_set_exclusive_handler
                0x10000800       0x60 CMakeFiles/firmware.dir/C_/Users/nahue/.pico-sdk/sdk/2.1.1/src/rp2_common/hardware_irq/irq.c.obj
                0x10000800                irq_set_exclusive_handler
 .text.irq_add_shared_handler
                0x10000860      0x1e8 CMakeFiles/firmware.dir/C_/Users/nahue/.pico-sdk/sdk/2.1.1/src/rp2_common/hardware_irq/irq.c.obj
                0x10000860                irq_add_shared_handler
 .text.irq_add_tail_to_free_list
                0x10000a48       0xbc CMakeFiles/firmware.dir/C_/Users/nahue/.pico-sdk/sdk/2.1.1/src/rp2_common/hardware_irq/irq.c.obj
                0x10000a48                irq_add_tail_to_free_list
 .text.user_irq_claim_unused
                0x10000b04       0x28 CMakeFiles/firmware.dir/C_/Users/nahue/.pico-sdk/sdk/2.1.1/src/rp2_common/hardware_irq/irq.c.obj
                0x10000b04                user_irq_claim_unused
 .text.lock_init
                0x10000b2c        0xc CMakeFiles/firmware.dir/C_/Users/nahue/.pico-sdk/sdk/2.1.1/src/common/pico_sync/lock_core.c.obj
                0x10000b2c                lock_init
 .text.runtime_init_mutex
                0x10000b38       0x4c CMakeFiles/firmware.dir/C_/Users/nahue/.pico-sdk/sdk/2.1.1/src/common/pico_sync/mutex.c.obj
                0x10000b38                runtime_init_mutex
 .text.mutex_init
                0x10000b84       0x1c CMakeFiles/firmware.dir/C_/Users/nahue/.pico-sdk/sdk/2.1.1/src/common/pico_sync/mutex.c.obj
                0x10000b84                mutex_init
 .text.critical_section_init
                0x10000ba0       0x1c CMakeFiles/firmware.dir/C_/Users/nahue/.pico-sdk/sdk/2.1.1/src/common/pico_sync/critical_section.c.obj
                0x10000ba0                critical_section_init
 .text.critical_section_init_with_lock_num
                0x10000bbc       0x10 CMakeFiles/firmware.dir/C_/Users/nahue/.pico-sdk/sdk/2.1.1/src/common/pico_sync/critical_section.c.obj
                0x10000bbc                critical_section_init_with_lock_num
 .text.sleep_until_callback
                0x10000bcc       0x3c CMakeFiles/firmware.dir/C_/Users/nahue/.pico-sdk/sdk/2.1.1/src/common/pico_time/time.c.obj
 .text.alarm_pool_irq_handler
                0x10000c08      0x2f0 CMakeFiles/firmware.dir/C_/Users/nahue/.pico-sdk/sdk/2.1.1/src/common/pico_time/time.c.obj
 .text.runtime_init_default_alarm_pool
                0x10000ef8      0x100 CMakeFiles/firmware.dir/C_/Users/nahue/.pico-sdk/sdk/2.1.1/src/common/pico_time/time.c.obj
                0x10000ef8                runtime_init_default_alarm_pool
 .text.alarm_pool_get_default
                0x10000ff8        0x8 CMakeFiles/firmware.dir/C_/Users/nahue/.pico-sdk/sdk/2.1.1/src/common/pico_time/time.c.obj
                0x10000ff8                alarm_pool_get_default
 .text.alarm_pool_add_alarm_at
                0x10001000       0xdc CMakeFiles/firmware.dir/C_/Users/nahue/.pico-sdk/sdk/2.1.1/src/common/pico_time/time.c.obj
                0x10001000                alarm_pool_add_alarm_at
 .text.alarm_pool_add_alarm_at_force_in_context
                0x100010dc       0xc8 CMakeFiles/firmware.dir/C_/Users/nahue/.pico-sdk/sdk/2.1.1/src/common/pico_time/time.c.obj
                0x100010dc                alarm_pool_add_alarm_at_force_in_context
 .text.alarm_pool_cancel_alarm
                0x100011a4       0x80 CMakeFiles/firmware.dir/C_/Users/nahue/.pico-sdk/sdk/2.1.1/src/common/pico_time/time.c.obj
                0x100011a4                alarm_pool_cancel_alarm
 .text.alarm_pool_core_num
                0x10001224        0x4 CMakeFiles/firmware.dir/C_/Users/nahue/.pico-sdk/sdk/2.1.1/src/common/pico_time/time.c.obj
                0x10001224                alarm_pool_core_num
 .text.sleep_ms
                0x10001228       0xdc CMakeFiles/firmware.dir/C_/Users/nahue/.pico-sdk/sdk/2.1.1/src/common/pico_time/time.c.obj
                0x10001228                sleep_ms
 .text.best_effort_wfe_or_timeout
                0x10001304       0xd4 CMakeFiles/firmware.dir/C_/Users/nahue/.pico-sdk/sdk/2.1.1/src/common/pico_time/time.c.obj
                0x10001304                best_effort_wfe_or_timeout
 .text.timer_hardware_alarm_claim
                0x100013d8       0x24 CMakeFiles/firmware.dir/C_/Users/nahue/.pico-sdk/sdk/2.1.1/src/rp2_common/hardware_timer/timer.c.obj
                0x100013d8                timer_hardware_alarm_claim
 .text.timer_time_us_64
                0x100013fc       0x10 CMakeFiles/firmware.dir/C_/Users/nahue/.pico-sdk/sdk/2.1.1/src/rp2_common/hardware_timer/timer.c.obj
                0x100013fc                timer_time_us_64
 .text.time_us_64
                0x1000140c       0x14 CMakeFiles/firmware.dir/C_/Users/nahue/.pico-sdk/sdk/2.1.1/src/rp2_common/hardware_timer/timer.c.obj
                0x1000140c                time_us_64
 .text.busy_wait_until
                0x10001420       0x24 CMakeFiles/firmware.dir/C_/Users/nahue/.pico-sdk/sdk/2.1.1/src/rp2_common/hardware_timer/timer.c.obj
                0x10001420                busy_wait_until
 .text.clock_configure_undivided
                0x10001444       0xd0 CMakeFiles/firmware.dir/C_/Users/nahue/.pico-sdk/sdk/2.1.1/src/rp2_common/hardware_clocks/clocks.c.obj
                0x10001444                clock_configure_undivided
 .text.clock_get_hz
                0x10001514        0xc CMakeFiles/firmware.dir/C_/Users/nahue/.pico-sdk/sdk/2.1.1/src/rp2_common/hardware_clocks/clocks.c.obj
                0x10001514                clock_get_hz
 .text.pll_init
                0x10001520       0x8c CMakeFiles/firmware.dir/C_/Users/nahue/.pico-sdk/sdk/2.1.1/src/rp2_common/hardware_pll/pll.c.obj
                0x10001520                pll_init
 .text.watchdog_reboot
                0x100015ac       0x98 CMakeFiles/firmware.dir/C_/Users/nahue/.pico-sdk/sdk/2.1.1/src/rp2_common/hardware_watchdog/watchdog.c.obj
                0x100015ac                watchdog_reboot
 .text.tick_start
                0x10001644       0x18 CMakeFiles/firmware.dir/C_/Users/nahue/.pico-sdk/sdk/2.1.1/src/rp2_common/hardware_ticks/ticks.c.obj
                0x10001644                tick_start
 .text.rom_reboot.constprop.0.isra.0
                0x1000165c       0x34 CMakeFiles/firmware.dir/C_/Users/nahue/.pico-sdk/sdk/2.1.1/src/rp2_common/pico_bootrom/bootrom.c.obj
 .text.rom_func_lookup
                0x10001690       0x18 CMakeFiles/firmware.dir/C_/Users/nahue/.pico-sdk/sdk/2.1.1/src/rp2_common/pico_bootrom/bootrom.c.obj
                0x10001690                rom_func_lookup
 .text.rom_reset_usb_boot_extra
                0x100016a8       0x1c CMakeFiles/firmware.dir/C_/Users/nahue/.pico-sdk/sdk/2.1.1/src/rp2_common/pico_bootrom/bootrom.c.obj
                0x100016a8                rom_reset_usb_boot_extra
 .text.runtime_init_bootrom_locking_enable
                0x100016c4       0x14 CMakeFiles/firmware.dir/C_/Users/nahue/.pico-sdk/sdk/2.1.1/src/rp2_common/pico_bootrom/bootrom_lock.c.obj
                0x100016c4                runtime_init_bootrom_locking_enable
 .text.runtime_init_boot_locks_reset
                0x100016d8       0x1c CMakeFiles/firmware.dir/C_/Users/nahue/.pico-sdk/sdk/2.1.1/src/rp2_common/hardware_boot_lock/boot_lock.c.obj
                0x100016d8                runtime_init_boot_locks_reset
 .text.xosc_init
                0x100016f4       0x30 CMakeFiles/firmware.dir/C_/Users/nahue/.pico-sdk/sdk/2.1.1/src/rp2_common/hardware_xosc/xosc.c.obj
                0x100016f4                xosc_init
 .text.first_per_core_initializer
                0x10001724        0x4 CMakeFiles/firmware.dir/C_/Users/nahue/.pico-sdk/sdk/2.1.1/src/rp2_common/pico_runtime/runtime.c.obj
 .text.hard_assertion_failure
                0x10001728        0xc CMakeFiles/firmware.dir/C_/Users/nahue/.pico-sdk/sdk/2.1.1/src/rp2_common/pico_runtime/runtime.c.obj
                0x10001728                hard_assertion_failure
 .text.runtime_run_initializers
                0x10001734       0x20 CMakeFiles/firmware.dir/C_/Users/nahue/.pico-sdk/sdk/2.1.1/src/rp2_common/pico_runtime/runtime.c.obj
                0x10001734                runtime_run_initializers
 .text.runtime_init_early_resets
                0x10001754       0x34 CMakeFiles/firmware.dir/C_/Users/nahue/.pico-sdk/sdk/2.1.1/src/rp2_common/pico_runtime_init/runtime_init.c.obj
                0x10001754                runtime_init_early_resets
 .text.runtime_init_usb_power_down
                0x10001788       0x1c CMakeFiles/firmware.dir/C_/Users/nahue/.pico-sdk/sdk/2.1.1/src/rp2_common/pico_runtime_init/runtime_init.c.obj
                0x10001788                runtime_init_usb_power_down
 .text.runtime_init_per_core_enable_coprocessors
                0x100017a4       0x1c CMakeFiles/firmware.dir/C_/Users/nahue/.pico-sdk/sdk/2.1.1/src/rp2_common/pico_runtime_init/runtime_init.c.obj
                0x100017a4                runtime_init_per_core_enable_coprocessors
 .text.runtime_init_post_clock_resets
                0x100017c0       0x20 CMakeFiles/firmware.dir/C_/Users/nahue/.pico-sdk/sdk/2.1.1/src/rp2_common/pico_runtime_init/runtime_init.c.obj
                0x100017c0                runtime_init_post_clock_resets
 .text.runtime_init_bootrom_reset
                0x100017e0       0x14 CMakeFiles/firmware.dir/C_/Users/nahue/.pico-sdk/sdk/2.1.1/src/rp2_common/pico_runtime_init/runtime_init.c.obj
                0x100017e0                runtime_init_bootrom_reset
 .text.runtime_init_per_core_bootrom_reset
                0x100017f4       0x14 CMakeFiles/firmware.dir/C_/Users/nahue/.pico-sdk/sdk/2.1.1/src/rp2_common/pico_runtime_init/runtime_init.c.obj
                0x100017f4                runtime_init_per_core_bootrom_reset
 .text.runtime_init_spin_locks_reset
                0x10001808        0x4 CMakeFiles/firmware.dir/C_/Users/nahue/.pico-sdk/sdk/2.1.1/src/rp2_common/pico_runtime_init/runtime_init.c.obj
                0x10001808                runtime_init_spin_locks_reset
 .text.runtime_init_install_ram_vector_table
                0x1000180c       0x20 CMakeFiles/firmware.dir/C_/Users/nahue/.pico-sdk/sdk/2.1.1/src/rp2_common/pico_runtime_init/runtime_init.c.obj
                0x1000180c                runtime_init_install_ram_vector_table
 .text.runtime_init_clocks
                0x1000182c       0xdc CMakeFiles/firmware.dir/C_/Users/nahue/.pico-sdk/sdk/2.1.1/src/rp2_common/pico_runtime_init/runtime_init_clocks.c.obj
                0x1000182c                runtime_init_clocks
 .text.__rp2350_dcp_engaged_state_save_restore
                0x10001908       0x3a CMakeFiles/firmware.dir/C_/Users/nahue/.pico-sdk/sdk/2.1.1/src/rp2_common/pico_double/double_aeabi_dcp.S.obj
 *fill*         0x10001942        0x2 
 .text.__wrap___aeabi_dadd
                0x10001944       0x28 CMakeFiles/firmware.dir/C_/Users/nahue/.pico-sdk/sdk/2.1.1/src/rp2_common/pico_double/double_aeabi_dcp.S.obj
                0x1000194c                __wrap___aeabi_dadd
 .text.__wrap___aeabi_dsub
                0x1000196c       0x28 CMakeFiles/firmware.dir/C_/Users/nahue/.pico-sdk/sdk/2.1.1/src/rp2_common/pico_double/double_aeabi_dcp.S.obj
                0x10001974                __wrap___aeabi_dsub
 .text.__wrap___aeabi_dmul
                0x10001994       0x4c CMakeFiles/firmware.dir/C_/Users/nahue/.pico-sdk/sdk/2.1.1/src/rp2_common/pico_double/double_aeabi_dcp.S.obj
                0x1000199c                __wrap___aeabi_dmul
 .text.__wrap___aeabi_ddiv
                0x100019e0       0x9c CMakeFiles/firmware.dir/C_/Users/nahue/.pico-sdk/sdk/2.1.1/src/rp2_common/pico_double/double_aeabi_dcp.S.obj
                0x100019e8                __wrap___aeabi_ddiv
 .text.__wrap___aeabi_i2d
                0x10001a7c       0x24 CMakeFiles/firmware.dir/C_/Users/nahue/.pico-sdk/sdk/2.1.1/src/rp2_common/pico_double/double_aeabi_dcp.S.obj
                0x10001a84                int2double
                0x10001a84                __wrap___aeabi_i2d
 .text.__wrap___aeabi_ui2d
                0x10001aa0       0x24 CMakeFiles/firmware.dir/C_/Users/nahue/.pico-sdk/sdk/2.1.1/src/rp2_common/pico_double/double_aeabi_dcp.S.obj
                0x10001aa8                uint2double
                0x10001aa8                __wrap___aeabi_ui2d
 .text.__wrap___aeabi_d2iz
                0x10001ac4       0x24 CMakeFiles/firmware.dir/C_/Users/nahue/.pico-sdk/sdk/2.1.1/src/rp2_common/pico_double/double_aeabi_dcp.S.obj
                0x10001acc                double2int_z
                0x10001acc                __wrap___aeabi_d2iz
 .text.__wrap___aeabi_d2uiz
                0x10001ae8       0x24 CMakeFiles/firmware.dir/C_/Users/nahue/.pico-sdk/sdk/2.1.1/src/rp2_common/pico_double/double_aeabi_dcp.S.obj
                0x10001af0                double2uint
                0x10001af0                __wrap___aeabi_d2uiz
                0x10001af0                double2uint_z
 .text.__wrap___aeabi_dcmpun
                0x10001b0c       0x24 CMakeFiles/firmware.dir/C_/Users/nahue/.pico-sdk/sdk/2.1.1/src/rp2_common/pico_double/double_aeabi_dcp.S.obj
                0x10001b14                __wrap___aeabi_dcmpun
 .text.__wrap___aeabi_dcmplt
                0x10001b30       0x28 CMakeFiles/firmware.dir/C_/Users/nahue/.pico-sdk/sdk/2.1.1/src/rp2_common/pico_double/double_aeabi_dcp.S.obj
                0x10001b38                __wrap___aeabi_dcmplt
 .text.__wrap___aeabi_dcmple
                0x10001b58       0x28 CMakeFiles/firmware.dir/C_/Users/nahue/.pico-sdk/sdk/2.1.1/src/rp2_common/pico_double/double_aeabi_dcp.S.obj
                0x10001b60                __wrap___aeabi_dcmple
 .text.__wrap___aeabi_dcmpge
                0x10001b80       0x28 CMakeFiles/firmware.dir/C_/Users/nahue/.pico-sdk/sdk/2.1.1/src/rp2_common/pico_double/double_aeabi_dcp.S.obj
                0x10001b88                __wrap___aeabi_dcmpge
 .text.__wrap___aeabi_dcmpgt
                0x10001ba8       0x28 CMakeFiles/firmware.dir/C_/Users/nahue/.pico-sdk/sdk/2.1.1/src/rp2_common/pico_double/double_aeabi_dcp.S.obj
                0x10001bb0                __wrap___aeabi_dcmpgt
 .text.__wrap_malloc
                0x10001bd0       0x24 CMakeFiles/firmware.dir/C_/Users/nahue/.pico-sdk/sdk/2.1.1/src/rp2_common/pico_malloc/malloc.c.obj
                0x10001bd0                __wrap_malloc
 .text.__wrap_free
                0x10001bf4        0x4 CMakeFiles/firmware.dir/C_/Users/nahue/.pico-sdk/sdk/2.1.1/src/rp2_common/pico_malloc/malloc.c.obj
                0x10001bf4                __wrap_free
 .text._out_null
                0x10001bf8        0x4 CMakeFiles/firmware.dir/C_/Users/nahue/.pico-sdk/sdk/2.1.1/src/rp2_common/pico_printf/printf.c.obj
 .text._out_rev
                0x10001bfc       0x9c CMakeFiles/firmware.dir/C_/Users/nahue/.pico-sdk/sdk/2.1.1/src/rp2_common/pico_printf/printf.c.obj
 .text._ntoa_format
                0x10001c98      0x1d4 CMakeFiles/firmware.dir/C_/Users/nahue/.pico-sdk/sdk/2.1.1/src/rp2_common/pico_printf/printf.c.obj
 .text._out_char
                0x10001e6c        0x8 CMakeFiles/firmware.dir/C_/Users/nahue/.pico-sdk/sdk/2.1.1/src/rp2_common/pico_printf/printf.c.obj
 .text._out_fct
                0x10001e74        0xc CMakeFiles/firmware.dir/C_/Users/nahue/.pico-sdk/sdk/2.1.1/src/rp2_common/pico_printf/printf.c.obj
 .text._ftoa    0x10001e80      0x4bc CMakeFiles/firmware.dir/C_/Users/nahue/.pico-sdk/sdk/2.1.1/src/rp2_common/pico_printf/printf.c.obj
 *fill*         0x1000233c        0x4 
 .text._etoa    0x10002340      0x574 CMakeFiles/firmware.dir/C_/Users/nahue/.pico-sdk/sdk/2.1.1/src/rp2_common/pico_printf/printf.c.obj
 .text._vsnprintf
                0x100028b4      0x9e4 CMakeFiles/firmware.dir/C_/Users/nahue/.pico-sdk/sdk/2.1.1/src/rp2_common/pico_printf/printf.c.obj
 .text.vfctprintf
                0x10003298       0x28 CMakeFiles/firmware.dir/C_/Users/nahue/.pico-sdk/sdk/2.1.1/src/rp2_common/pico_printf/printf.c.obj
                0x10003298                vfctprintf
 .text.weak_raw_vprintf
                0x100032c0       0x30 CMakeFiles/firmware.dir/C_/Users/nahue/.pico-sdk/sdk/2.1.1/src/rp2_common/pico_printf/printf.c.obj
                0x100032c0                weak_raw_vprintf
 .text._exit    0x100032f0        0x4 CMakeFiles/firmware.dir/C_/Users/nahue/.pico-sdk/sdk/2.1.1/src/rp2_common/pico_clib_interface/newlib_interface.c.obj
                0x100032f0                _exit
 .text._sbrk    0x100032f4       0x2c CMakeFiles/firmware.dir/C_/Users/nahue/.pico-sdk/sdk/2.1.1/src/rp2_common/pico_clib_interface/newlib_interface.c.obj
                0x100032f4                _sbrk
 .text.exit     0x10003320        0x8 CMakeFiles/firmware.dir/C_/Users/nahue/.pico-sdk/sdk/2.1.1/src/rp2_common/pico_clib_interface/newlib_interface.c.obj
                0x10003320                exit
 .text.runtime_init
                0x10003328       0x24 CMakeFiles/firmware.dir/C_/Users/nahue/.pico-sdk/sdk/2.1.1/src/rp2_common/pico_clib_interface/newlib_interface.c.obj
                0x10003328                runtime_init
 .text.stdio_out_chars_no_crlf
                0x1000334c        0x8 CMakeFiles/firmware.dir/C_/Users/nahue/.pico-sdk/sdk/2.1.1/src/rp2_common/pico_stdio/stdio.c.obj
 .text.stdio_out_chars_crlf
                0x10003354       0xb0 CMakeFiles/firmware.dir/C_/Users/nahue/.pico-sdk/sdk/2.1.1/src/rp2_common/pico_stdio/stdio.c.obj
 .text.stdio_buffered_printer
                0x10003404       0x60 CMakeFiles/firmware.dir/C_/Users/nahue/.pico-sdk/sdk/2.1.1/src/rp2_common/pico_stdio/stdio.c.obj
 .text.stdio_put_string
                0x10003464       0xec CMakeFiles/firmware.dir/C_/Users/nahue/.pico-sdk/sdk/2.1.1/src/rp2_common/pico_stdio/stdio.c.obj
                0x10003464                stdio_put_string
 .text.stdio_set_driver_enabled
                0x10003550       0x28 CMakeFiles/firmware.dir/C_/Users/nahue/.pico-sdk/sdk/2.1.1/src/rp2_common/pico_stdio/stdio.c.obj
                0x10003550                stdio_set_driver_enabled
 .text.stdio_init_all
                0x10003578        0x4 CMakeFiles/firmware.dir/C_/Users/nahue/.pico-sdk/sdk/2.1.1/src/rp2_common/pico_stdio/stdio.c.obj
                0x10003578                stdio_init_all
 .text.__wrap_putchar
                0x1000357c       0x84 CMakeFiles/firmware.dir/C_/Users/nahue/.pico-sdk/sdk/2.1.1/src/rp2_common/pico_stdio/stdio.c.obj
                0x1000357c                __wrap_putchar
                0x1000357c                stdio_putchar
 .text.__wrap_puts
                0x10003600       0x3c CMakeFiles/firmware.dir/C_/Users/nahue/.pico-sdk/sdk/2.1.1/src/rp2_common/pico_stdio/stdio.c.obj
                0x10003600                stdio_puts
                0x10003600                __wrap_puts
 .text.__wrap_vprintf
                0x1000363c       0xc4 CMakeFiles/firmware.dir/C_/Users/nahue/.pico-sdk/sdk/2.1.1/src/rp2_common/pico_stdio/stdio.c.obj
                0x1000363c                stdio_vprintf
                0x1000363c                __wrap_vprintf
 .text.__wrap_printf
                0x10003700       0x1c CMakeFiles/firmware.dir/C_/Users/nahue/.pico-sdk/sdk/2.1.1/src/rp2_common/pico_stdio/stdio.c.obj
                0x10003700                __wrap_printf
                0x10003700                stdio_printf
 .text.resetd_init
                0x1000371c        0x4 CMakeFiles/firmware.dir/C_/Users/nahue/.pico-sdk/sdk/2.1.1/src/rp2_common/pico_stdio_usb/reset_interface.c.obj
 .text.resetd_reset
                0x10003720        0xc CMakeFiles/firmware.dir/C_/Users/nahue/.pico-sdk/sdk/2.1.1/src/rp2_common/pico_stdio_usb/reset_interface.c.obj
 .text.resetd_open
                0x1000372c       0x28 CMakeFiles/firmware.dir/C_/Users/nahue/.pico-sdk/sdk/2.1.1/src/rp2_common/pico_stdio_usb/reset_interface.c.obj
 .text.resetd_xfer_cb
                0x10003754        0x4 CMakeFiles/firmware.dir/C_/Users/nahue/.pico-sdk/sdk/2.1.1/src/rp2_common/pico_stdio_usb/reset_interface.c.obj
 .text.resetd_control_xfer_cb
                0x10003758       0x50 CMakeFiles/firmware.dir/C_/Users/nahue/.pico-sdk/sdk/2.1.1/src/rp2_common/pico_stdio_usb/reset_interface.c.obj
 .text.tud_descriptor_bos_cb
                0x100037a8        0x8 CMakeFiles/firmware.dir/C_/Users/nahue/.pico-sdk/sdk/2.1.1/src/rp2_common/pico_stdio_usb/reset_interface.c.obj
                0x100037a8                tud_descriptor_bos_cb
 .text.tud_vendor_control_xfer_cb
                0x100037b0       0x28 CMakeFiles/firmware.dir/C_/Users/nahue/.pico-sdk/sdk/2.1.1/src/rp2_common/pico_stdio_usb/reset_interface.c.obj
                0x100037b0                tud_vendor_control_xfer_cb
 .text.usbd_app_driver_get_cb
                0x100037d8       0x10 CMakeFiles/firmware.dir/C_/Users/nahue/.pico-sdk/sdk/2.1.1/src/rp2_common/pico_stdio_usb/reset_interface.c.obj
                0x100037d8                usbd_app_driver_get_cb
 .text.tud_cdc_line_coding_cb
                0x100037e8       0x18 CMakeFiles/firmware.dir/C_/Users/nahue/.pico-sdk/sdk/2.1.1/src/rp2_common/pico_stdio_usb/reset_interface.c.obj
                0x100037e8                tud_cdc_line_coding_cb
 .text.stdio_usb_set_chars_available_callback
                0x10003800       0x14 CMakeFiles/firmware.dir/C_/Users/nahue/.pico-sdk/sdk/2.1.1/src/rp2_common/pico_stdio_usb/stdio_usb.c.obj
                0x10003800                stdio_usb_set_chars_available_callback
 .text.timer_task
                0x10003814       0x70 CMakeFiles/firmware.dir/C_/Users/nahue/.pico-sdk/sdk/2.1.1/src/rp2_common/pico_stdio_usb/stdio_usb.c.obj
 .text.usb_irq  0x10003884        0xc CMakeFiles/firmware.dir/C_/Users/nahue/.pico-sdk/sdk/2.1.1/src/rp2_common/pico_stdio_usb/stdio_usb.c.obj
 .text.stdio_usb_in_chars
                0x10003890       0x88 CMakeFiles/firmware.dir/C_/Users/nahue/.pico-sdk/sdk/2.1.1/src/rp2_common/pico_stdio_usb/stdio_usb.c.obj
                0x10003890                stdio_usb_in_chars
 .text.stdio_usb_out_flush
                0x10003918       0x54 CMakeFiles/firmware.dir/C_/Users/nahue/.pico-sdk/sdk/2.1.1/src/rp2_common/pico_stdio_usb/stdio_usb.c.obj
 .text.stdio_usb_out_chars
                0x1000396c       0xf4 CMakeFiles/firmware.dir/C_/Users/nahue/.pico-sdk/sdk/2.1.1/src/rp2_common/pico_stdio_usb/stdio_usb.c.obj
 .text.low_priority_worker_irq
                0x10003a60       0xd8 CMakeFiles/firmware.dir/C_/Users/nahue/.pico-sdk/sdk/2.1.1/src/rp2_common/pico_stdio_usb/stdio_usb.c.obj
 .text.stdio_usb_init
                0x10003b38       0xe8 CMakeFiles/firmware.dir/C_/Users/nahue/.pico-sdk/sdk/2.1.1/src/rp2_common/pico_stdio_usb/stdio_usb.c.obj
                0x10003b38                stdio_usb_init
 .text.tud_descriptor_device_cb
                0x10003c20        0x8 CMakeFiles/firmware.dir/C_/Users/nahue/.pico-sdk/sdk/2.1.1/src/rp2_common/pico_stdio_usb/stdio_usb_descriptors.c.obj
                0x10003c20                tud_descriptor_device_cb
 .text.tud_descriptor_configuration_cb
                0x10003c28        0x8 CMakeFiles/firmware.dir/C_/Users/nahue/.pico-sdk/sdk/2.1.1/src/rp2_common/pico_stdio_usb/stdio_usb_descriptors.c.obj
                0x10003c28                tud_descriptor_configuration_cb
 .text.tud_descriptor_string_cb
                0x10003c30       0x70 CMakeFiles/firmware.dir/C_/Users/nahue/.pico-sdk/sdk/2.1.1/src/rp2_common/pico_stdio_usb/stdio_usb_descriptors.c.obj
                0x10003c30                tud_descriptor_string_cb
 .text.startup._retrieve_unique_id_on_boot
                0x10003ca0       0x30 CMakeFiles/firmware.dir/C_/Users/nahue/.pico-sdk/sdk/2.1.1/src/rp2_common/pico_unique_id/unique_id.c.obj
 .text.pico_get_unique_board_id_string
                0x10003cd0      0x184 CMakeFiles/firmware.dir/C_/Users/nahue/.pico-sdk/sdk/2.1.1/src/rp2_common/pico_unique_id/unique_id.c.obj
                0x10003cd0                pico_get_unique_board_id_string
 .text.dcd_init
                0x10003e54       0x8c CMakeFiles/firmware.dir/C_/Users/nahue/.pico-sdk/sdk/2.1.1/lib/tinyusb/src/portable/raspberrypi/rp2040/dcd_rp2040.c.obj
                0x10003e54                dcd_init
 .text.dcd_int_enable
                0x10003ee0        0x8 CMakeFiles/firmware.dir/C_/Users/nahue/.pico-sdk/sdk/2.1.1/lib/tinyusb/src/portable/raspberrypi/rp2040/dcd_rp2040.c.obj
                0x10003ee0                dcd_int_enable
 .text.dcd_set_address
                0x10003ee8       0x10 CMakeFiles/firmware.dir/C_/Users/nahue/.pico-sdk/sdk/2.1.1/lib/tinyusb/src/portable/raspberrypi/rp2040/dcd_rp2040.c.obj
                0x10003ee8                dcd_set_address
 .text.dcd_sof_enable
                0x10003ef8       0x1c CMakeFiles/firmware.dir/C_/Users/nahue/.pico-sdk/sdk/2.1.1/lib/tinyusb/src/portable/raspberrypi/rp2040/dcd_rp2040.c.obj
                0x10003ef8                dcd_sof_enable
 .text.dcd_edpt0_status_complete
                0x10003f14       0x1c CMakeFiles/firmware.dir/C_/Users/nahue/.pico-sdk/sdk/2.1.1/lib/tinyusb/src/portable/raspberrypi/rp2040/dcd_rp2040.c.obj
                0x10003f14                dcd_edpt0_status_complete
 .text.dcd_edpt_open
                0x10003f30      0x104 CMakeFiles/firmware.dir/C_/Users/nahue/.pico-sdk/sdk/2.1.1/lib/tinyusb/src/portable/raspberrypi/rp2040/dcd_rp2040.c.obj
                0x10003f30                dcd_edpt_open
 .text.dcd_edpt_close_all
                0x10004034        0x4 CMakeFiles/firmware.dir/C_/Users/nahue/.pico-sdk/sdk/2.1.1/lib/tinyusb/src/portable/raspberrypi/rp2040/dcd_rp2040.c.obj
                0x10004034                dcd_edpt_close_all
 .text.dcd_edpt_xfer
                0x10004038       0x28 CMakeFiles/firmware.dir/C_/Users/nahue/.pico-sdk/sdk/2.1.1/lib/tinyusb/src/portable/raspberrypi/rp2040/dcd_rp2040.c.obj
                0x10004038                dcd_edpt_xfer
 .text.dcd_edpt_stall
                0x10004060       0x30 CMakeFiles/firmware.dir/C_/Users/nahue/.pico-sdk/sdk/2.1.1/lib/tinyusb/src/portable/raspberrypi/rp2040/dcd_rp2040.c.obj
                0x10004060                dcd_edpt_stall
 .text.dcd_edpt_clear_stall
                0x10004090       0x24 CMakeFiles/firmware.dir/C_/Users/nahue/.pico-sdk/sdk/2.1.1/lib/tinyusb/src/portable/raspberrypi/rp2040/dcd_rp2040.c.obj
                0x10004090                dcd_edpt_clear_stall
 .text.rp2040_usb_init
                0x100040b4       0x40 CMakeFiles/firmware.dir/C_/Users/nahue/.pico-sdk/sdk/2.1.1/lib/tinyusb/src/portable/raspberrypi/rp2040/rp2040_usb.c.obj
                0x100040b4                rp2040_usb_init
 .text.hw_endpoint_xfer_start
                0x100040f4       0x40 CMakeFiles/firmware.dir/C_/Users/nahue/.pico-sdk/sdk/2.1.1/lib/tinyusb/src/portable/raspberrypi/rp2040/rp2040_usb.c.obj
                0x100040f4                hw_endpoint_xfer_start
 .text.configuration_reset
                0x10004134       0x8c CMakeFiles/firmware.dir/C_/Users/nahue/.pico-sdk/sdk/2.1.1/lib/tinyusb/src/device/usbd.c.obj
 .text.tud_event_hook_cb
                0x100041c0        0x4 CMakeFiles/firmware.dir/C_/Users/nahue/.pico-sdk/sdk/2.1.1/lib/tinyusb/src/device/usbd.c.obj
                0x100041c0                tud_event_hook_cb
 .text.tud_sof_cb
                0x100041c4        0x4 CMakeFiles/firmware.dir/C_/Users/nahue/.pico-sdk/sdk/2.1.1/lib/tinyusb/src/device/usbd.c.obj
                0x100041c4                tud_sof_cb
 .text.tud_descriptor_device_qualifier_cb
                0x100041c8        0x4 CMakeFiles/firmware.dir/C_/Users/nahue/.pico-sdk/sdk/2.1.1/lib/tinyusb/src/device/usbd.c.obj
                0x100041c8                tud_descriptor_device_qualifier_cb
 .text.tud_descriptor_other_speed_configuration_cb
                0x100041cc        0x4 CMakeFiles/firmware.dir/C_/Users/nahue/.pico-sdk/sdk/2.1.1/lib/tinyusb/src/device/usbd.c.obj
                0x100041cc                tud_descriptor_other_speed_configuration_cb
 .text.tud_mount_cb
                0x100041d0        0x4 CMakeFiles/firmware.dir/C_/Users/nahue/.pico-sdk/sdk/2.1.1/lib/tinyusb/src/device/usbd.c.obj
                0x100041d0                tud_mount_cb
 .text.tud_umount_cb
                0x100041d4        0x4 CMakeFiles/firmware.dir/C_/Users/nahue/.pico-sdk/sdk/2.1.1/lib/tinyusb/src/device/usbd.c.obj
                0x100041d4                tud_umount_cb
 .text.tud_suspend_cb
                0x100041d8        0x4 CMakeFiles/firmware.dir/C_/Users/nahue/.pico-sdk/sdk/2.1.1/lib/tinyusb/src/device/usbd.c.obj
                0x100041d8                tud_suspend_cb
 .text.tud_resume_cb
                0x100041dc        0x4 CMakeFiles/firmware.dir/C_/Users/nahue/.pico-sdk/sdk/2.1.1/lib/tinyusb/src/device/usbd.c.obj
                0x100041dc                tud_resume_cb
 .text.tud_mounted
                0x100041e0       0x10 CMakeFiles/firmware.dir/C_/Users/nahue/.pico-sdk/sdk/2.1.1/lib/tinyusb/src/device/usbd.c.obj
                0x100041e0                tud_mounted
 .text.tud_suspended
                0x100041f0       0x10 CMakeFiles/firmware.dir/C_/Users/nahue/.pico-sdk/sdk/2.1.1/lib/tinyusb/src/device/usbd.c.obj
                0x100041f0                tud_suspended
 .text.tud_rhport_init
                0x10004200       0xf4 CMakeFiles/firmware.dir/C_/Users/nahue/.pico-sdk/sdk/2.1.1/lib/tinyusb/src/device/usbd.c.obj
                0x10004200                tud_rhport_init
 .text.tud_task_ext
                0x100042f4      0x784 CMakeFiles/firmware.dir/C_/Users/nahue/.pico-sdk/sdk/2.1.1/lib/tinyusb/src/device/usbd.c.obj
                0x100042f4                tud_task_ext
 .text.usbd_open_edpt_pair
                0x10004a78       0x9c CMakeFiles/firmware.dir/C_/Users/nahue/.pico-sdk/sdk/2.1.1/lib/tinyusb/src/device/usbd.c.obj
                0x10004a78                usbd_open_edpt_pair
 .text.usbd_edpt_open
                0x10004b14       0x44 CMakeFiles/firmware.dir/C_/Users/nahue/.pico-sdk/sdk/2.1.1/lib/tinyusb/src/device/usbd.c.obj
                0x10004b14                usbd_edpt_open
 .text.usbd_edpt_claim
                0x10004b58       0x24 CMakeFiles/firmware.dir/C_/Users/nahue/.pico-sdk/sdk/2.1.1/lib/tinyusb/src/device/usbd.c.obj
                0x10004b58                usbd_edpt_claim
 .text.usbd_edpt_release
                0x10004b7c       0x24 CMakeFiles/firmware.dir/C_/Users/nahue/.pico-sdk/sdk/2.1.1/lib/tinyusb/src/device/usbd.c.obj
                0x10004b7c                usbd_edpt_release
 .text.usbd_edpt_xfer
                0x10004ba0       0x70 CMakeFiles/firmware.dir/C_/Users/nahue/.pico-sdk/sdk/2.1.1/lib/tinyusb/src/device/usbd.c.obj
                0x10004ba0                usbd_edpt_xfer
 .text.tud_control_status
                0x10004c10       0x34 CMakeFiles/firmware.dir/C_/Users/nahue/.pico-sdk/sdk/2.1.1/lib/tinyusb/src/device/usbd_control.c.obj
                0x10004c10                tud_control_status
 .text.tud_control_xfer
                0x10004c44       0xb0 CMakeFiles/firmware.dir/C_/Users/nahue/.pico-sdk/sdk/2.1.1/lib/tinyusb/src/device/usbd_control.c.obj
                0x10004c44                tud_control_xfer
 .text.usbd_control_reset
                0x10004cf4       0x14 CMakeFiles/firmware.dir/C_/Users/nahue/.pico-sdk/sdk/2.1.1/lib/tinyusb/src/device/usbd_control.c.obj
                0x10004cf4                usbd_control_reset
 .text.usbd_control_set_complete_callback
                0x10004d08        0xc CMakeFiles/firmware.dir/C_/Users/nahue/.pico-sdk/sdk/2.1.1/lib/tinyusb/src/device/usbd_control.c.obj
                0x10004d08                usbd_control_set_complete_callback
 .text.usbd_control_set_request
                0x10004d14       0x1c CMakeFiles/firmware.dir/C_/Users/nahue/.pico-sdk/sdk/2.1.1/lib/tinyusb/src/device/usbd_control.c.obj
                0x10004d14                usbd_control_set_request
 .text.usbd_control_xfer_cb
                0x10004d30      0x100 CMakeFiles/firmware.dir/C_/Users/nahue/.pico-sdk/sdk/2.1.1/lib/tinyusb/src/device/usbd_control.c.obj
                0x10004d30                usbd_control_xfer_cb
 .text._prep_out_transaction.isra.0
                0x10004e30       0x74 CMakeFiles/firmware.dir/C_/Users/nahue/.pico-sdk/sdk/2.1.1/lib/tinyusb/src/class/cdc/cdc_device.c.obj
 .text.tud_cdc_n_connected
                0x10004ea4       0x2c CMakeFiles/firmware.dir/C_/Users/nahue/.pico-sdk/sdk/2.1.1/lib/tinyusb/src/class/cdc/cdc_device.c.obj
                0x10004ea4                tud_cdc_n_connected
 .text.tud_cdc_n_available
                0x10004ed0       0x14 CMakeFiles/firmware.dir/C_/Users/nahue/.pico-sdk/sdk/2.1.1/lib/tinyusb/src/class/cdc/cdc_device.c.obj
                0x10004ed0                tud_cdc_n_available
 .text.tud_cdc_n_read
                0x10004ee4       0x90 CMakeFiles/firmware.dir/C_/Users/nahue/.pico-sdk/sdk/2.1.1/lib/tinyusb/src/class/cdc/cdc_device.c.obj
                0x10004ee4                tud_cdc_n_read
 .text.tud_cdc_n_write_flush
                0x10004f74       0x8c CMakeFiles/firmware.dir/C_/Users/nahue/.pico-sdk/sdk/2.1.1/lib/tinyusb/src/class/cdc/cdc_device.c.obj
                0x10004f74                tud_cdc_n_write_flush
 .text.tud_cdc_n_write
                0x10005000       0x40 CMakeFiles/firmware.dir/C_/Users/nahue/.pico-sdk/sdk/2.1.1/lib/tinyusb/src/class/cdc/cdc_device.c.obj
                0x10005000                tud_cdc_n_write
 .text.tud_cdc_n_write_available
                0x10005040       0x14 CMakeFiles/firmware.dir/C_/Users/nahue/.pico-sdk/sdk/2.1.1/lib/tinyusb/src/class/cdc/cdc_device.c.obj
                0x10005040                tud_cdc_n_write_available
 .text.cdcd_init
                0x10005054       0x70 CMakeFiles/firmware.dir/C_/Users/nahue/.pico-sdk/sdk/2.1.1/lib/tinyusb/src/class/cdc/cdc_device.c.obj
                0x10005054                cdcd_init
 .text.cdcd_deinit
                0x100050c4       0x30 CMakeFiles/firmware.dir/C_/Users/nahue/.pico-sdk/sdk/2.1.1/lib/tinyusb/src/class/cdc/cdc_device.c.obj
                0x100050c4                cdcd_deinit
 .text.cdcd_reset
                0x100050f4       0x4c CMakeFiles/firmware.dir/C_/Users/nahue/.pico-sdk/sdk/2.1.1/lib/tinyusb/src/class/cdc/cdc_device.c.obj
                0x100050f4                cdcd_reset
 .text.cdcd_open
                0x10005140       0xc0 CMakeFiles/firmware.dir/C_/Users/nahue/.pico-sdk/sdk/2.1.1/lib/tinyusb/src/class/cdc/cdc_device.c.obj
                0x10005140                cdcd_open
 .text.cdcd_control_xfer_cb
                0x10005200       0xc0 CMakeFiles/firmware.dir/C_/Users/nahue/.pico-sdk/sdk/2.1.1/lib/tinyusb/src/class/cdc/cdc_device.c.obj
                0x10005200                cdcd_control_xfer_cb
 .text.cdcd_xfer_cb
                0x100052c0       0xf8 CMakeFiles/firmware.dir/C_/Users/nahue/.pico-sdk/sdk/2.1.1/lib/tinyusb/src/class/cdc/cdc_device.c.obj
                0x100052c0                cdcd_xfer_cb
 .text.vendord_init
                0x100053b8       0x5c CMakeFiles/firmware.dir/C_/Users/nahue/.pico-sdk/sdk/2.1.1/lib/tinyusb/src/class/vendor/vendor_device.c.obj
                0x100053b8                vendord_init
 .text.vendord_deinit
                0x10005414       0x1c CMakeFiles/firmware.dir/C_/Users/nahue/.pico-sdk/sdk/2.1.1/lib/tinyusb/src/class/vendor/vendor_device.c.obj
                0x10005414                vendord_deinit
 .text.vendord_reset
                0x10005430       0x24 CMakeFiles/firmware.dir/C_/Users/nahue/.pico-sdk/sdk/2.1.1/lib/tinyusb/src/class/vendor/vendor_device.c.obj
                0x10005430                vendord_reset
 .text.vendord_open
                0x10005454       0xf4 CMakeFiles/firmware.dir/C_/Users/nahue/.pico-sdk/sdk/2.1.1/lib/tinyusb/src/class/vendor/vendor_device.c.obj
                0x10005454                vendord_open
 .text.vendord_xfer_cb
                0x10005548       0x88 CMakeFiles/firmware.dir/C_/Users/nahue/.pico-sdk/sdk/2.1.1/lib/tinyusb/src/class/vendor/vendor_device.c.obj
                0x10005548                vendord_xfer_cb
 .text.tusb_rhport_init
                0x100055d0       0x64 CMakeFiles/firmware.dir/C_/Users/nahue/.pico-sdk/sdk/2.1.1/lib/tinyusb/src/tusb.c.obj
                0x100055d0                tusb_rhport_init
 .text.tu_edpt_claim
                0x10005634       0x54 CMakeFiles/firmware.dir/C_/Users/nahue/.pico-sdk/sdk/2.1.1/lib/tinyusb/src/tusb.c.obj
                0x10005634                tu_edpt_claim
 .text.tu_edpt_release
                0x10005688       0x38 CMakeFiles/firmware.dir/C_/Users/nahue/.pico-sdk/sdk/2.1.1/lib/tinyusb/src/tusb.c.obj
                0x10005688                tu_edpt_release
 .text.tu_edpt_validate
                0x100056c0       0x60 CMakeFiles/firmware.dir/C_/Users/nahue/.pico-sdk/sdk/2.1.1/lib/tinyusb/src/tusb.c.obj
                0x100056c0                tu_edpt_validate
 .text.tu_edpt_bind_driver
                0x10005720       0x58 CMakeFiles/firmware.dir/C_/Users/nahue/.pico-sdk/sdk/2.1.1/lib/tinyusb/src/tusb.c.obj
                0x10005720                tu_edpt_bind_driver
 .text.tu_edpt_stream_init
                0x10005778       0x58 CMakeFiles/firmware.dir/C_/Users/nahue/.pico-sdk/sdk/2.1.1/lib/tinyusb/src/tusb.c.obj
                0x10005778                tu_edpt_stream_init
 .text.tu_edpt_stream_deinit
                0x100057d0        0x4 CMakeFiles/firmware.dir/C_/Users/nahue/.pico-sdk/sdk/2.1.1/lib/tinyusb/src/tusb.c.obj
                0x100057d0                tu_edpt_stream_deinit
 .text.tu_edpt_stream_write_zlp_if_needed
                0x100057d4       0x68 CMakeFiles/firmware.dir/C_/Users/nahue/.pico-sdk/sdk/2.1.1/lib/tinyusb/src/tusb.c.obj
                0x100057d4                tu_edpt_stream_write_zlp_if_needed
 .text.tu_edpt_stream_write_xfer
                0x1000583c       0x70 CMakeFiles/firmware.dir/C_/Users/nahue/.pico-sdk/sdk/2.1.1/lib/tinyusb/src/tusb.c.obj
                0x1000583c                tu_edpt_stream_write_xfer
 .text.tu_edpt_stream_read_xfer
                0x100058ac       0xc8 CMakeFiles/firmware.dir/C_/Users/nahue/.pico-sdk/sdk/2.1.1/lib/tinyusb/src/tusb.c.obj
                0x100058ac                tu_edpt_stream_read_xfer
 .text.tu_fifo_config
                0x10005974       0x60 CMakeFiles/firmware.dir/C_/Users/nahue/.pico-sdk/sdk/2.1.1/lib/tinyusb/src/common/tusb_fifo.c.obj
                0x10005974                tu_fifo_config
 .text.tu_fifo_count
                0x100059d4       0x20 CMakeFiles/firmware.dir/C_/Users/nahue/.pico-sdk/sdk/2.1.1/lib/tinyusb/src/common/tusb_fifo.c.obj
                0x100059d4                tu_fifo_count
 .text.tu_fifo_empty
                0x100059f4       0x14 CMakeFiles/firmware.dir/C_/Users/nahue/.pico-sdk/sdk/2.1.1/lib/tinyusb/src/common/tusb_fifo.c.obj
                0x100059f4                tu_fifo_empty
 .text.tu_fifo_remaining
                0x10005a08       0x24 CMakeFiles/firmware.dir/C_/Users/nahue/.pico-sdk/sdk/2.1.1/lib/tinyusb/src/common/tusb_fifo.c.obj
                0x10005a08                tu_fifo_remaining
 .text.tu_fifo_read
                0x10005a2c       0x94 CMakeFiles/firmware.dir/C_/Users/nahue/.pico-sdk/sdk/2.1.1/lib/tinyusb/src/common/tusb_fifo.c.obj
                0x10005a2c                tu_fifo_read
 .text.tu_fifo_read_n
                0x10005ac0       0xd8 CMakeFiles/firmware.dir/C_/Users/nahue/.pico-sdk/sdk/2.1.1/lib/tinyusb/src/common/tusb_fifo.c.obj
                0x10005ac0                tu_fifo_read_n
 .text.tu_fifo_write
                0x10005b98       0xa4 CMakeFiles/firmware.dir/C_/Users/nahue/.pico-sdk/sdk/2.1.1/lib/tinyusb/src/common/tusb_fifo.c.obj
                0x10005b98                tu_fifo_write
 .text.tu_fifo_write_n
                0x10005c3c      0x15c CMakeFiles/firmware.dir/C_/Users/nahue/.pico-sdk/sdk/2.1.1/lib/tinyusb/src/common/tusb_fifo.c.obj
                0x10005c3c                tu_fifo_write_n
 .text.tu_fifo_clear
                0x10005d98       0x38 CMakeFiles/firmware.dir/C_/Users/nahue/.pico-sdk/sdk/2.1.1/lib/tinyusb/src/common/tusb_fifo.c.obj
                0x10005d98                tu_fifo_clear
 .text.tu_fifo_set_overwritable
                0x10005dd0       0x3c CMakeFiles/firmware.dir/C_/Users/nahue/.pico-sdk/sdk/2.1.1/lib/tinyusb/src/common/tusb_fifo.c.obj
                0x10005dd0                tu_fifo_set_overwritable
 .text.exception_set_exclusive_handler
                0x10005e0c       0x4c CMakeFiles/firmware.dir/C_/Users/nahue/.pico-sdk/sdk/2.1.1/src/rp2_common/hardware_exception/exception.c.obj
                0x10005e0c                exception_set_exclusive_handler
 .text.prvCopyDataToQueue
                0x10005e58       0x78 freertos/libfreertos.a(queue.c.obj)
 .text.xQueueGenericCreate
                0x10005ed0       0x78 freertos/libfreertos.a(queue.c.obj)
                0x10005ed0                xQueueGenericCreate
 .text.xQueueGenericSend
                0x10005f48      0x280 freertos/libfreertos.a(queue.c.obj)
                0x10005f48                xQueueGenericSend
 .text.xQueueCreateMutex
                0x100061c8       0x68 freertos/libfreertos.a(queue.c.obj)
                0x100061c8                xQueueCreateMutex
 .text.xQueueReceive
                0x10006230      0x288 freertos/libfreertos.a(queue.c.obj)
                0x10006230                xQueueReceive
 .text.xQueueSemaphoreTake
                0x100064b8      0x2c0 freertos/libfreertos.a(queue.c.obj)
                0x100064b8                xQueueSemaphoreTake
 .text.vQueueAddToRegistry
                0x10006778      0x180 freertos/libfreertos.a(queue.c.obj)
                0x10006778                vQueueAddToRegistry
 .text.vQueueWaitForMessageRestricted
                0x100068f8       0xc8 freertos/libfreertos.a(queue.c.obj)
                0x100068f8                vQueueWaitForMessageRestricted
 .text.prvAddNewTaskToReadyList
                0x100069c0      0x118 freertos/libfreertos.a(tasks.c.obj)
 .text.prvIdleTask
                0x10006ad8       0x5c freertos/libfreertos.a(tasks.c.obj)
 .text.xTaskIncrementTick.part.0
                0x10006b34      0x15c freertos/libfreertos.a(tasks.c.obj)
 .text.xTaskCreate
                0x10006c90      0x104 freertos/libfreertos.a(tasks.c.obj)
                0x10006c90                xTaskCreate
 .text.vTaskStartScheduler
                0x10006d94       0xc0 freertos/libfreertos.a(tasks.c.obj)
                0x10006d94                vTaskStartScheduler
 .text.vTaskSuspendAll
                0x10006e54       0x10 freertos/libfreertos.a(tasks.c.obj)
                0x10006e54                vTaskSuspendAll
 .text.xTaskResumeAll
                0x10006e64      0x180 freertos/libfreertos.a(tasks.c.obj)
                0x10006e64                xTaskResumeAll
 .text.vTaskDelay
                0x10006fe4       0x84 freertos/libfreertos.a(tasks.c.obj)
                0x10006fe4                vTaskDelay
 .text.xTaskGetTickCount
                0x10007068        0xc freertos/libfreertos.a(tasks.c.obj)
                0x10007068                xTaskGetTickCount
 .text.xTaskIncrementTick
                0x10007074       0x20 freertos/libfreertos.a(tasks.c.obj)
                0x10007074                xTaskIncrementTick
 .text.vTaskSwitchContext
                0x10007094       0xa4 freertos/libfreertos.a(tasks.c.obj)
                0x10007094                vTaskSwitchContext
 .text.vTaskPlaceOnEventList
                0x10007138       0x98 freertos/libfreertos.a(tasks.c.obj)
                0x10007138                vTaskPlaceOnEventList
 .text.vTaskPlaceOnEventListRestricted
                0x100071d0       0xcc freertos/libfreertos.a(tasks.c.obj)
                0x100071d0                vTaskPlaceOnEventListRestricted
 .text.xTaskRemoveFromEventList
                0x1000729c       0xd0 freertos/libfreertos.a(tasks.c.obj)
                0x1000729c                xTaskRemoveFromEventList
 .text.vTaskInternalSetTimeOutState
                0x1000736c       0x18 freertos/libfreertos.a(tasks.c.obj)
                0x1000736c                vTaskInternalSetTimeOutState
 .text.xTaskCheckForTimeOut
                0x10007384       0x60 freertos/libfreertos.a(tasks.c.obj)
                0x10007384                xTaskCheckForTimeOut
 .text.vTaskMissedYield
                0x100073e4        0xc freertos/libfreertos.a(tasks.c.obj)
                0x100073e4                vTaskMissedYield
 .text.xTaskPriorityInherit
                0x100073f0       0x90 freertos/libfreertos.a(tasks.c.obj)
                0x100073f0                xTaskPriorityInherit
 .text.xTaskPriorityDisinherit
                0x10007480       0x6c freertos/libfreertos.a(tasks.c.obj)
                0x10007480                xTaskPriorityDisinherit
 .text.vTaskPriorityDisinheritAfterTimeout
                0x100074ec       0x78 freertos/libfreertos.a(tasks.c.obj)
                0x100074ec                vTaskPriorityDisinheritAfterTimeout
 .text.pvTaskIncrementMutexHeldCount
                0x10007564       0x14 freertos/libfreertos.a(tasks.c.obj)
                0x10007564                pvTaskIncrementMutexHeldCount
 .text.prvTimerTask
                0x10007578      0x350 freertos/libfreertos.a(timers.c.obj)
 .text.xTimerCreateTimerTask
                0x100078c8       0x84 freertos/libfreertos.a(timers.c.obj)
                0x100078c8                xTimerCreateTimerTask
 .text.pvPortMalloc
                0x1000794c       0x18 freertos/libfreertos.a(heap_3.c.obj)
                0x1000794c                pvPortMalloc
 .text.vPortFree
                0x10007964       0x1c freertos/libfreertos.a(heap_3.c.obj)
                0x10007964                vPortFree
 .text.prvTaskExitError
                0x10007980       0x18 freertos/libfreertos.a(port.c.obj)
 .text.isr_systick
                0x10007998       0x24 freertos/libfreertos.a(port.c.obj)
                0x10007998                isr_systick
 .text.vPortSetupTimerInterrupt
                0x100079bc       0x2c freertos/libfreertos.a(port.c.obj)
                0x100079bc                vPortSetupTimerInterrupt
 .text.vPortYield
                0x100079e8       0x18 freertos/libfreertos.a(port.c.obj)
                0x100079e8                vPortYield
 .text.vPortEnterCritical
                0x10007a00       0x1c freertos/libfreertos.a(port.c.obj)
                0x10007a00                vPortEnterCritical
 .text.vPortExitCritical
                0x10007a1c       0x18 freertos/libfreertos.a(port.c.obj)
                0x10007a1c                vPortExitCritical
 .text.vPortSVCHandler_C
                0x10007a34       0x2c freertos/libfreertos.a(port.c.obj)
                0x10007a34                vPortSVCHandler_C
 .text.pxPortInitialiseStack
                0x10007a60       0x78 freertos/libfreertos.a(port.c.obj)
                0x10007a60                pxPortInitialiseStack
 .text.xPortStartScheduler
                0x10007ad8       0xdc freertos/libfreertos.a(port.c.obj)
                0x10007ad8                xPortStartScheduler
 .text.startup.prvRuntimeInitializer
                0x10007bb4       0x24 freertos/libfreertos.a(port.c.obj)
 .text.vRestoreContextOfFirstTask
                0x10007bd8       0x2c freertos/libfreertos.a(portasm.c.obj)
                0x10007bd8                vRestoreContextOfFirstTask
 .text.vStartFirstTask
                0x10007c04       0x10 freertos/libfreertos.a(portasm.c.obj)
                0x10007c04                vStartFirstTask
 .text.ulSetInterruptMask
                0x10007c14       0x18 freertos/libfreertos.a(portasm.c.obj)
                0x10007c14                ulSetInterruptMask
 .text.vClearInterruptMask
                0x10007c2c       0x10 freertos/libfreertos.a(portasm.c.obj)
                0x10007c2c                vClearInterruptMask
 .text.isr_pendsv
                0x10007c3c       0x80 freertos/libfreertos.a(portasm.c.obj)
                0x10007c3c                isr_pendsv
 .text.isr_svcall
                0x10007cbc       0x18 freertos/libfreertos.a(portasm.c.obj)
                0x10007cbc                isr_svcall
 .text.xEventGroupCreate
                0x10007cd4       0x1c freertos/libfreertos.a(event_groups.c.obj)
                0x10007cd4                xEventGroupCreate
 .text.vListInitialise
                0x10007cf0       0x18 freertos/libfreertos.a(list.c.obj)
                0x10007cf0                vListInitialise
 .text.vListInitialiseItem
                0x10007d08        0x8 freertos/libfreertos.a(list.c.obj)
                0x10007d08                vListInitialiseItem
 .text.vListInsert
                0x10007d10       0x30 freertos/libfreertos.a(list.c.obj)
                0x10007d10                vListInsert
 .text.uxListRemove
                0x10007d40       0x28 freertos/libfreertos.a(list.c.obj)
                0x10007d40                uxListRemove
 .text.malloc   0x10007d68       0x10 C:/Users/nahue/.pico-sdk/toolchain/14_2_Rel1/bin/../lib/gcc/arm-none-eabi/14.2.1/thumb/v8-m.main+fp/softfp\libg.a(libc_a-malloc.o)
                0x10007d68                malloc
 .text.free     0x10007d78       0x10 C:/Users/nahue/.pico-sdk/toolchain/14_2_Rel1/bin/../lib/gcc/arm-none-eabi/14.2.1/thumb/v8-m.main+fp/softfp\libg.a(libc_a-malloc.o)
                0x10007d78                free
 .text._malloc_r
                0x10007d88      0x578 C:/Users/nahue/.pico-sdk/toolchain/14_2_Rel1/bin/../lib/gcc/arm-none-eabi/14.2.1/thumb/v8-m.main+fp/softfp\libg.a(libc_a-mallocr.o)
                0x10007d88                _malloc_r
 .text.__malloc_lock
                0x10008300        0xc C:/Users/nahue/.pico-sdk/toolchain/14_2_Rel1/bin/../lib/gcc/arm-none-eabi/14.2.1/thumb/v8-m.main+fp/softfp\libg.a(libc_a-mlock.o)
                0x10008300                __malloc_lock
 .text.__malloc_unlock
                0x1000830c        0xc C:/Users/nahue/.pico-sdk/toolchain/14_2_Rel1/bin/../lib/gcc/arm-none-eabi/14.2.1/thumb/v8-m.main+fp/softfp\libg.a(libc_a-mlock.o)
                0x1000830c                __malloc_unlock
 .text.memset   0x10008318       0x9c C:/Users/nahue/.pico-sdk/toolchain/14_2_Rel1/bin/../lib/gcc/arm-none-eabi/14.2.1/thumb/v8-m.main+fp/softfp\libg.a(libc_a-memset.o)
                0x10008318                memset
 .text._sbrk_r  0x100083b4       0x24 C:/Users/nahue/.pico-sdk/toolchain/14_2_Rel1/bin/../lib/gcc/arm-none-eabi/14.2.1/thumb/v8-m.main+fp/softfp\libg.a(libc_a-sbrkr.o)
                0x100083b4                _sbrk_r
 .text.__errno  0x100083d8        0xc C:/Users/nahue/.pico-sdk/toolchain/14_2_Rel1/bin/../lib/gcc/arm-none-eabi/14.2.1/thumb/v8-m.main+fp/softfp\libg.a(libc_a-errno.o)
                0x100083d8                __errno
 .text.__retarget_lock_acquire_recursive
                0x100083e4        0x4 C:/Users/nahue/.pico-sdk/toolchain/14_2_Rel1/bin/../lib/gcc/arm-none-eabi/14.2.1/thumb/v8-m.main+fp/softfp\libg.a(libc_a-lock.o)
                0x100083e4                __retarget_lock_acquire_recursive
 .text.__retarget_lock_release_recursive
                0x100083e8        0x4 C:/Users/nahue/.pico-sdk/toolchain/14_2_Rel1/bin/../lib/gcc/arm-none-eabi/14.2.1/thumb/v8-m.main+fp/softfp\libg.a(libc_a-lock.o)
                0x100083e8                __retarget_lock_release_recursive
 .text.sysconf  0x100083ec       0x1c C:/Users/nahue/.pico-sdk/toolchain/14_2_Rel1/bin/../lib/gcc/arm-none-eabi/14.2.1/thumb/v8-m.main+fp/softfp\libg.a(libc_a-sysconf.o)
                0x100083ec                sysconf
 .text          0x10008408       0xec C:/Users/nahue/.pico-sdk/toolchain/14_2_Rel1/bin/../lib/gcc/arm-none-eabi/14.2.1/thumb/v8-m.main+fp/softfp\libg.a(libc_a-memcpy.o)
                0x10008408                memcpy
 .text.strlen   0x100084f4       0x5c C:/Users/nahue/.pico-sdk/toolchain/14_2_Rel1/bin/../lib/gcc/arm-none-eabi/14.2.1/thumb/v8-m.main+fp/softfp\libg.a(libc_a-strlen-stub.o)
                0x100084f4                strlen
 .text._malloc_trim_r
                0x10008550       0xb8 C:/Users/nahue/.pico-sdk/toolchain/14_2_Rel1/bin/../lib/gcc/arm-none-eabi/14.2.1/thumb/v8-m.main+fp/softfp\libg.a(libc_a-freer.o)
                0x10008550                _malloc_trim_r
 .text._free_r  0x10008608      0x1e8 C:/Users/nahue/.pico-sdk/toolchain/14_2_Rel1/bin/../lib/gcc/arm-none-eabi/14.2.1/thumb/v8-m.main+fp/softfp\libg.a(libc_a-freer.o)
                0x10008608                _free_r
 *(.fini)
 .fini          0x100087f0        0x4 C:/Users/nahue/.pico-sdk/toolchain/14_2_Rel1/bin/../lib/gcc/arm-none-eabi/14.2.1/thumb/v8-m.main+fp/softfp/crti.o
                0x100087f0                _fini
 *fill*         0x100087f4        0x4 
 .fini.__stub   0x100087f8       0x50 linker stubs
 *crtbegin.o(.ctors)
 *crtbegin?.o(.ctors)
 *(EXCLUDE_FILE(*crtend.o *crtend?.o) .ctors)
 *(SORT_BY_NAME(.ctors.*))
 *(.ctors)
 *crtbegin.o(.dtors)
 *crtbegin?.o(.dtors)
 *(EXCLUDE_FILE(*crtend.o *crtend?.o) .dtors)
 *(SORT_BY_NAME(.dtors.*))
 *(.dtors)
                0x10008848                        . = ALIGN (0x4)
                0x10008848                        PROVIDE (__preinit_array_start = .)
 *(SORT_BY_NAME(.preinit_array.*))
 .preinit_array.00050
                0x10008848        0x4 CMakeFiles/firmware.dir/C_/Users/nahue/.pico-sdk/sdk/2.1.1/src/rp2_common/pico_runtime_init/runtime_init.c.obj
                0x10008848                __pre_init_runtime_init_bootrom_reset
 .preinit_array.00100
                0x1000884c        0x4 CMakeFiles/firmware.dir/C_/Users/nahue/.pico-sdk/sdk/2.1.1/src/rp2_common/pico_runtime_init/runtime_init.c.obj
                0x1000884c                __pre_init_runtime_init_early_resets
 .preinit_array.00101
                0x10008850        0x4 CMakeFiles/firmware.dir/C_/Users/nahue/.pico-sdk/sdk/2.1.1/src/rp2_common/pico_runtime_init/runtime_init.c.obj
                0x10008850                __pre_init_runtime_init_usb_power_down
 .preinit_array.00500
                0x10008854        0x4 CMakeFiles/firmware.dir/C_/Users/nahue/.pico-sdk/sdk/2.1.1/src/rp2_common/pico_runtime_init/runtime_init.c.obj
                0x10008854                __pre_init_runtime_init_clocks
 .preinit_array.00600
                0x10008858        0x4 CMakeFiles/firmware.dir/C_/Users/nahue/.pico-sdk/sdk/2.1.1/src/rp2_common/pico_runtime_init/runtime_init.c.obj
                0x10008858                __pre_init_runtime_init_post_clock_resets
 .preinit_array.01000
                0x1000885c        0x4 CMakeFiles/firmware.dir/C_/Users/nahue/.pico-sdk/sdk/2.1.1/src/rp2_common/hardware_boot_lock/boot_lock.c.obj
                0x1000885c                __pre_init_runtime_init_boot_locks_reset
 .preinit_array.01000
                0x10008860        0x4 CMakeFiles/firmware.dir/C_/Users/nahue/.pico-sdk/sdk/2.1.1/src/rp2_common/pico_runtime_init/runtime_init.c.obj
                0x10008860                __pre_init_runtime_init_spin_locks_reset
 .preinit_array.01010
                0x10008864        0x4 CMakeFiles/firmware.dir/C_/Users/nahue/.pico-sdk/sdk/2.1.1/src/rp2_common/pico_bootrom/bootrom_lock.c.obj
                0x10008864                __pre_init_runtime_init_bootrom_locking_enable
 .preinit_array.01100
                0x10008868        0x4 CMakeFiles/firmware.dir/C_/Users/nahue/.pico-sdk/sdk/2.1.1/src/common/pico_sync/mutex.c.obj
                0x10008868                __pre_init_runtime_init_mutex
 .preinit_array.10080
                0x1000886c        0x4 CMakeFiles/firmware.dir/C_/Users/nahue/.pico-sdk/sdk/2.1.1/src/rp2_common/pico_runtime_init/runtime_init.c.obj
                0x1000886c                __pre_init_runtime_init_install_ram_vector_table
 .preinit_array.11000
                0x10008870        0x4 CMakeFiles/firmware.dir/C_/Users/nahue/.pico-sdk/sdk/2.1.1/src/common/pico_time/time.c.obj
                0x10008870                __pre_init_runtime_init_default_alarm_pool
 .preinit_array.YYYYY
                0x10008874        0x4 CMakeFiles/firmware.dir/C_/Users/nahue/.pico-sdk/sdk/2.1.1/src/rp2_common/pico_runtime/runtime.c.obj
                0x10008874                __pre_init_first_per_core_initializer
 .preinit_array.ZZZZZ.00051
                0x10008878        0x4 CMakeFiles/firmware.dir/C_/Users/nahue/.pico-sdk/sdk/2.1.1/src/rp2_common/pico_runtime_init/runtime_init.c.obj
                0x10008878                __pre_init_runtime_init_per_core_bootrom_reset
 .preinit_array.ZZZZZ.00200
                0x1000887c        0x4 CMakeFiles/firmware.dir/C_/Users/nahue/.pico-sdk/sdk/2.1.1/src/rp2_common/pico_runtime_init/runtime_init.c.obj
                0x1000887c                __pre_init_runtime_init_per_core_enable_coprocessors
 .preinit_array.ZZZZZ.01000
                0x10008880        0x4 CMakeFiles/firmware.dir/C_/Users/nahue/.pico-sdk/sdk/2.1.1/src/rp2_common/hardware_sync_spin_lock/sync_spin_lock.c.obj
                0x10008880                __pre_init_spinlock_set_extexclall
 .preinit_array.ZZZZZ.01200
                0x10008884        0x4 CMakeFiles/firmware.dir/C_/Users/nahue/.pico-sdk/sdk/2.1.1/src/rp2_common/hardware_irq/irq.c.obj
                0x10008884                __pre_init_runtime_init_per_core_irq_priorities
 *(.preinit_array)
                0x10008888                        PROVIDE (__preinit_array_end = .)
                0x10008888                        . = ALIGN (0x4)
                0x10008888                        PROVIDE (__init_array_start = .)
 *(SORT_BY_NAME(.init_array.*))
 *(.init_array)
 .init_array    0x10008888        0x4 C:/Users/nahue/.pico-sdk/toolchain/14_2_Rel1/bin/../lib/gcc/arm-none-eabi/14.2.1/thumb/v8-m.main+fp/softfp/crtbegin.o
 .init_array    0x1000888c        0x4 CMakeFiles/firmware.dir/C_/Users/nahue/.pico-sdk/sdk/2.1.1/src/rp2_common/pico_unique_id/unique_id.c.obj
 .init_array    0x10008890        0x4 freertos/libfreertos.a(port.c.obj)
                0x10008894                        PROVIDE (__init_array_end = .)
                0x10008894                        . = ALIGN (0x4)
                [!provide]                        PROVIDE (__fini_array_start = .)
 *(SORT_BY_NAME(.fini_array.*))
 *(.fini_array)
                [!provide]                        PROVIDE (__fini_array_end = .)
 *(.eh_frame*)
 .eh_frame      0x10008894        0x0 C:/Users/nahue/.pico-sdk/toolchain/14_2_Rel1/bin/../lib/gcc/arm-none-eabi/14.2.1/thumb/v8-m.main+fp/softfp/crtbegin.o
                0x10008894                        . = ALIGN (0x4)

.glue_7         0x10008894        0x0
 .glue_7        0x10008894        0x0 linker stubs

.glue_7t        0x10008894        0x0
 .glue_7t       0x10008894        0x0 linker stubs

.vfp11_veneer   0x10008894        0x0
 .vfp11_veneer  0x10008894        0x0 linker stubs

.v4_bx          0x10008894        0x0
 .v4_bx         0x10008894        0x0 linker stubs

.iplt           0x10008894        0x0
 .iplt          0x10008894        0x0 C:/Users/nahue/.pico-sdk/toolchain/14_2_Rel1/bin/../lib/gcc/arm-none-eabi/14.2.1/thumb/v8-m.main+fp/softfp/crtbegin.o

.boot2          0x10008894        0x0
                0x10008894                        __boot2_start__ = .
 *(.boot2)
                0x10008894                        __boot2_end__ = .
                0x00000001                        ASSERT (((__boot2_end__ - __boot2_start__) <= 0x100), ERROR: Pico second stage bootloader must be no more than 256 bytes in size)

.rodata         0x10008898      0xb08
 *(EXCLUDE_FILE(*libm.a: *libc.a:*lib_a-mem*.o *libgcc.a:) .rodata*)
 .rodata.vTareaMediaPrioridad.str1.4
                0x10008898      0x898 CMakeFiles/firmware.dir/firmware.c.obj
                                 0xc8 (size before relaxing)
 .rodata.vTareaMonitor.str1.4
                0x10009130      0x10d CMakeFiles/firmware.dir/firmware.c.obj
 .rodata.vTareaAltaPrioridad.str1.4
                0x10009130      0x138 CMakeFiles/firmware.dir/firmware.c.obj
 .rodata.vTareaBajaPrioridad.str1.4
                0x10009130      0x157 CMakeFiles/firmware.dir/firmware.c.obj
 .rodata.main.str1.4
                0x10009130      0x295 CMakeFiles/firmware.dir/firmware.c.obj
 .rodata.panic.str1.4
                0x10009130       0x12 CMakeFiles/firmware.dir/C_/Users/nahue/.pico-sdk/sdk/2.1.1/src/rp2_common/pico_platform_panic/panic.c.obj
 .rodata.spin_lock_claim_unused.str1.4
                0x10009130       0x1b CMakeFiles/firmware.dir/C_/Users/nahue/.pico-sdk/sdk/2.1.1/src/rp2_common/hardware_sync/sync.c.obj
 .rodata.user_irq_claim_unused.str1.4
                0x10009130       0x1b CMakeFiles/firmware.dir/C_/Users/nahue/.pico-sdk/sdk/2.1.1/src/rp2_common/hardware_irq/irq.c.obj
 .rodata.timer_hardware_alarm_claim.str1.4
                0x10009130       0x22 CMakeFiles/firmware.dir/C_/Users/nahue/.pico-sdk/sdk/2.1.1/src/rp2_common/hardware_timer/timer.c.obj
 .rodata.hard_assertion_failure.str1.4
                0x10009130        0xc CMakeFiles/firmware.dir/C_/Users/nahue/.pico-sdk/sdk/2.1.1/src/rp2_common/pico_runtime/runtime.c.obj
 .rodata.__wrap_malloc.str1.4
                0x10009130        0xe CMakeFiles/firmware.dir/C_/Users/nahue/.pico-sdk/sdk/2.1.1/src/rp2_common/pico_malloc/malloc.c.obj
 .rodata.str1.4
                0x10009130       0x44 CMakeFiles/firmware.dir/0c360e8eefedd404adad6857690e9db2/src/rp2_common/pico_standard_binary_info/standard_binary_info.c.obj
 .rodata.__bi_84
                0x10009130        0xc CMakeFiles/firmware.dir/0c360e8eefedd404adad6857690e9db2/src/rp2_common/pico_standard_binary_info/standard_binary_info.c.obj
 .rodata.__bi_78
                0x1000913c        0xc CMakeFiles/firmware.dir/0c360e8eefedd404adad6857690e9db2/src/rp2_common/pico_standard_binary_info/standard_binary_info.c.obj
 .rodata.__bi_60
                0x10009148        0xc CMakeFiles/firmware.dir/0c360e8eefedd404adad6857690e9db2/src/rp2_common/pico_standard_binary_info/standard_binary_info.c.obj
 .rodata.__bi_54
                0x10009154        0xc CMakeFiles/firmware.dir/0c360e8eefedd404adad6857690e9db2/src/rp2_common/pico_standard_binary_info/standard_binary_info.c.obj
 .rodata.__bi_48
                0x10009160        0xc CMakeFiles/firmware.dir/0c360e8eefedd404adad6857690e9db2/src/rp2_common/pico_standard_binary_info/standard_binary_info.c.obj
 .rodata.__bi_42
                0x1000916c        0xc CMakeFiles/firmware.dir/0c360e8eefedd404adad6857690e9db2/src/rp2_common/pico_standard_binary_info/standard_binary_info.c.obj
 .rodata.__bi_34
                0x10009178        0xc CMakeFiles/firmware.dir/0c360e8eefedd404adad6857690e9db2/src/rp2_common/pico_standard_binary_info/standard_binary_info.c.obj
 .rodata.__bi_26
                0x10009184        0xc CMakeFiles/firmware.dir/0c360e8eefedd404adad6857690e9db2/src/rp2_common/pico_standard_binary_info/standard_binary_info.c.obj
 .rodata._ftoa.str1.4
                0x10009190       0x15 CMakeFiles/firmware.dir/C_/Users/nahue/.pico-sdk/sdk/2.1.1/src/rp2_common/pico_printf/printf.c.obj
 .rodata.pow10.0
                0x10009190       0x50 CMakeFiles/firmware.dir/C_/Users/nahue/.pico-sdk/sdk/2.1.1/src/rp2_common/pico_printf/printf.c.obj
 .rodata.crlf_str.0
                0x100091e0        0x2 CMakeFiles/firmware.dir/C_/Users/nahue/.pico-sdk/sdk/2.1.1/src/rp2_common/pico_stdio/stdio.c.obj
 *fill*         0x100091e2        0x2 
 .rodata._resetd_driver
                0x100091e4       0x20 CMakeFiles/firmware.dir/C_/Users/nahue/.pico-sdk/sdk/2.1.1/src/rp2_common/pico_stdio_usb/reset_interface.c.obj
 .rodata.desc_ms_os_20
                0x10009204       0xa6 CMakeFiles/firmware.dir/C_/Users/nahue/.pico-sdk/sdk/2.1.1/src/rp2_common/pico_stdio_usb/reset_interface.c.obj
 *fill*         0x100092aa        0x2 
 .rodata.desc_bos
                0x100092ac       0x21 CMakeFiles/firmware.dir/C_/Users/nahue/.pico-sdk/sdk/2.1.1/src/rp2_common/pico_stdio_usb/reset_interface.c.obj
                0x100092ac                desc_bos
 .rodata.str1.4
                0x100092cd       0x13 CMakeFiles/firmware.dir/C_/Users/nahue/.pico-sdk/sdk/2.1.1/src/rp2_common/pico_stdio_usb/stdio_usb.c.obj
 *fill*         0x100092cd        0x3 
 .rodata.__bi_197.0
                0x100092d0        0xc CMakeFiles/firmware.dir/C_/Users/nahue/.pico-sdk/sdk/2.1.1/src/rp2_common/pico_stdio_usb/stdio_usb.c.obj
 .rodata.str1.4
                0x100092dc       0x2a CMakeFiles/firmware.dir/C_/Users/nahue/.pico-sdk/sdk/2.1.1/src/rp2_common/pico_stdio_usb/stdio_usb_descriptors.c.obj
 .rodata.usbd_desc_str
                0x100092dc       0x18 CMakeFiles/firmware.dir/C_/Users/nahue/.pico-sdk/sdk/2.1.1/src/rp2_common/pico_stdio_usb/stdio_usb_descriptors.c.obj
 .rodata.usbd_desc_cfg
                0x100092f4       0x54 CMakeFiles/firmware.dir/C_/Users/nahue/.pico-sdk/sdk/2.1.1/src/rp2_common/pico_stdio_usb/stdio_usb_descriptors.c.obj
 .rodata.usbd_desc_device
                0x10009348       0x12 CMakeFiles/firmware.dir/C_/Users/nahue/.pico-sdk/sdk/2.1.1/src/rp2_common/pico_stdio_usb/stdio_usb_descriptors.c.obj
 .rodata.str1.4
                0x1000935a       0x14 CMakeFiles/firmware.dir/C_/Users/nahue/.pico-sdk/sdk/2.1.1/lib/tinyusb/src/portable/raspberrypi/rp2040/dcd_rp2040.c.obj
 .rodata.str1.4
                0x1000935a       0x48 CMakeFiles/firmware.dir/C_/Users/nahue/.pico-sdk/sdk/2.1.1/lib/tinyusb/src/portable/raspberrypi/rp2040/rp2040_usb.c.obj
 *fill*         0x1000935a        0x2 
 .rodata._usbd_driver
                0x1000935c       0x40 CMakeFiles/firmware.dir/C_/Users/nahue/.pico-sdk/sdk/2.1.1/lib/tinyusb/src/device/usbd.c.obj
 .rodata.uxTopUsedPriority
                0x1000939c        0x4 freertos/libfreertos.a(tasks.c.obj)
 .rodata.xTimerCreateTimerTask.str1.4
                0x100093a0       0x10 freertos/libfreertos.a(timers.c.obj)
 *(.srodata*)
                0x100093b0                        . = ALIGN (0x4)
 *(SORT_BY_ALIGNMENT(SORT_BY_NAME(.flashdata*)))
                0x100093b0                        . = ALIGN (0x4)

.ARM.extab
 *(.ARM.extab* .gnu.linkonce.armextab.*)
                0x100093a0                        __exidx_start = .

.ARM.exidx      0x100093a0        0x8
 *(.ARM.exidx* .gnu.linkonce.armexidx.*)
 .ARM.exidx     0x100093a0        0x8 C:/Users/nahue/.pico-sdk/toolchain/14_2_Rel1/bin/../lib/gcc/arm-none-eabi/14.2.1/thumb/v8-m.main+fp/softfp\libg.a(libc_a-memcpy.o)
 .ARM.exidx.text.__udivmoddi4
                0x100093a8        0x0 C:/Users/nahue/.pico-sdk/toolchain/14_2_Rel1/bin/../lib/gcc/arm-none-eabi/14.2.1/thumb/v8-m.main+fp/softfp\libgcc.a(_udivmoddi4.o)
                                  0x8 (size before relaxing)
                0x100093a8                        __exidx_end = .
                0x100093a8                        . = ALIGN (0x4)
                0x100093a8                        __binary_info_start = .

.binary_info    0x100093a8       0x24
 *(.binary_info.keep.*)
 .binary_info.keep.__bi_ptr84
                0x100093a8        0x4 CMakeFiles/firmware.dir/0c360e8eefedd404adad6857690e9db2/src/rp2_common/pico_standard_binary_info/standard_binary_info.c.obj
 .binary_info.keep.__bi_ptr78
                0x100093ac        0x4 CMakeFiles/firmware.dir/0c360e8eefedd404adad6857690e9db2/src/rp2_common/pico_standard_binary_info/standard_binary_info.c.obj
 .binary_info.keep.__bi_ptr60
                0x100093b0        0x4 CMakeFiles/firmware.dir/0c360e8eefedd404adad6857690e9db2/src/rp2_common/pico_standard_binary_info/standard_binary_info.c.obj
 .binary_info.keep.__bi_ptr54
                0x100093b4        0x4 CMakeFiles/firmware.dir/0c360e8eefedd404adad6857690e9db2/src/rp2_common/pico_standard_binary_info/standard_binary_info.c.obj
 .binary_info.keep.__bi_ptr48
                0x100093b8        0x4 CMakeFiles/firmware.dir/0c360e8eefedd404adad6857690e9db2/src/rp2_common/pico_standard_binary_info/standard_binary_info.c.obj
 .binary_info.keep.__bi_ptr42
                0x100093bc        0x4 CMakeFiles/firmware.dir/0c360e8eefedd404adad6857690e9db2/src/rp2_common/pico_standard_binary_info/standard_binary_info.c.obj
 .binary_info.keep.__bi_ptr34
                0x100093c0        0x4 CMakeFiles/firmware.dir/0c360e8eefedd404adad6857690e9db2/src/rp2_common/pico_standard_binary_info/standard_binary_info.c.obj
 .binary_info.keep.__bi_ptr26
                0x100093c4        0x4 CMakeFiles/firmware.dir/0c360e8eefedd404adad6857690e9db2/src/rp2_common/pico_standard_binary_info/standard_binary_info.c.obj
 *(.binary_info.*)
 .binary_info.__bi_ptr197
                0x100093c8        0x4 CMakeFiles/firmware.dir/C_/Users/nahue/.pico-sdk/sdk/2.1.1/src/rp2_common/pico_stdio_usb/stdio_usb.c.obj
                0x100093cc                        __binary_info_end = .
                0x100093cc                        . = ALIGN (0x4)

.ram_vector_table
                0x20000000      0x110
 *(.ram_vector_table)
 .ram_vector_table
                0x20000000      0x110 CMakeFiles/firmware.dir/C_/Users/nahue/.pico-sdk/sdk/2.1.1/src/rp2_common/pico_runtime_init/runtime_init.c.obj
                0x20000000                ram_vector_table

.uninitialized_data
                0x20000110        0x0
                0x20000110                        . = ALIGN (0x4)
 *(.uninitialized_data*)

.data           0x20000110     0x1670 load address 0x100093cc
                0x20000110                        __data_start__ = .
 *(vtable)
 *(.time_critical*)
 .time_critical.mutex_try_enter
                0x20000110       0x50 CMakeFiles/firmware.dir/C_/Users/nahue/.pico-sdk/sdk/2.1.1/src/common/pico_sync/mutex.c.obj
                0x20000110                mutex_try_enter
 .time_critical.mutex_enter_block_until
                0x20000160       0x6c CMakeFiles/firmware.dir/C_/Users/nahue/.pico-sdk/sdk/2.1.1/src/common/pico_sync/mutex.c.obj
                0x20000160                mutex_enter_block_until
 .time_critical.mutex_try_enter_block_until
                0x200001cc       0x68 CMakeFiles/firmware.dir/C_/Users/nahue/.pico-sdk/sdk/2.1.1/src/common/pico_sync/mutex.c.obj
                0x200001cc                mutex_try_enter_block_until
 .time_critical.mutex_enter_timeout_ms
                0x20000234       0x38 CMakeFiles/firmware.dir/C_/Users/nahue/.pico-sdk/sdk/2.1.1/src/common/pico_sync/mutex.c.obj
                0x20000234                mutex_enter_timeout_ms
 .time_critical.mutex_exit
                0x2000026c       0x3c CMakeFiles/firmware.dir/C_/Users/nahue/.pico-sdk/sdk/2.1.1/src/common/pico_sync/mutex.c.obj
                0x2000026c                mutex_exit
 .time_critical.reset_non_control_endpoints
                0x200002a8       0x64 CMakeFiles/firmware.dir/C_/Users/nahue/.pico-sdk/sdk/2.1.1/lib/tinyusb/src/portable/raspberrypi/rp2040/dcd_rp2040.c.obj
 .time_critical.hw_handle_buff_status
                0x2000030c       0x90 CMakeFiles/firmware.dir/C_/Users/nahue/.pico-sdk/sdk/2.1.1/lib/tinyusb/src/portable/raspberrypi/rp2040/dcd_rp2040.c.obj
 .time_critical.dcd_rp2040_irq
                0x2000039c      0x530 CMakeFiles/firmware.dir/C_/Users/nahue/.pico-sdk/sdk/2.1.1/lib/tinyusb/src/portable/raspberrypi/rp2040/dcd_rp2040.c.obj
 .time_critical.prepare_ep_buffer
                0x200008cc       0xc0 CMakeFiles/firmware.dir/C_/Users/nahue/.pico-sdk/sdk/2.1.1/lib/tinyusb/src/portable/raspberrypi/rp2040/rp2040_usb.c.obj
 .time_critical.sync_ep_buffer
                0x2000098c       0xb4 CMakeFiles/firmware.dir/C_/Users/nahue/.pico-sdk/sdk/2.1.1/lib/tinyusb/src/portable/raspberrypi/rp2040/rp2040_usb.c.obj
 .time_critical._hw_endpoint_xfer_sync
                0x20000a40       0x2c CMakeFiles/firmware.dir/C_/Users/nahue/.pico-sdk/sdk/2.1.1/lib/tinyusb/src/portable/raspberrypi/rp2040/rp2040_usb.c.obj
 .time_critical.e15_is_bulkin_ep
                0x20000a6c       0x28 CMakeFiles/firmware.dir/C_/Users/nahue/.pico-sdk/sdk/2.1.1/lib/tinyusb/src/portable/raspberrypi/rp2040/rp2040_usb.c.obj
 .time_critical.e15_is_critical_frame_period
                0x20000a94       0x28 CMakeFiles/firmware.dir/C_/Users/nahue/.pico-sdk/sdk/2.1.1/lib/tinyusb/src/portable/raspberrypi/rp2040/rp2040_usb.c.obj
 .time_critical.hw_endpoint_reset_transfer
                0x20000abc        0xc CMakeFiles/firmware.dir/C_/Users/nahue/.pico-sdk/sdk/2.1.1/lib/tinyusb/src/portable/raspberrypi/rp2040/rp2040_usb.c.obj
                0x20000abc                hw_endpoint_reset_transfer
 .time_critical._hw_endpoint_buffer_control_update32
                0x20000ac8       0x44 CMakeFiles/firmware.dir/C_/Users/nahue/.pico-sdk/sdk/2.1.1/lib/tinyusb/src/portable/raspberrypi/rp2040/rp2040_usb.c.obj
                0x20000ac8                _hw_endpoint_buffer_control_update32
 .time_critical.hw_endpoint_start_next_buffer
                0x20000b0c       0x64 CMakeFiles/firmware.dir/C_/Users/nahue/.pico-sdk/sdk/2.1.1/lib/tinyusb/src/portable/raspberrypi/rp2040/rp2040_usb.c.obj
                0x20000b0c                hw_endpoint_start_next_buffer
 .time_critical.hw_endpoint_xfer_continue
                0x20000b70       0x3c CMakeFiles/firmware.dir/C_/Users/nahue/.pico-sdk/sdk/2.1.1/lib/tinyusb/src/portable/raspberrypi/rp2040/rp2040_usb.c.obj
                0x20000b70                hw_endpoint_xfer_continue
 .time_critical.tinyusb
                0x20000bac      0x224 CMakeFiles/firmware.dir/C_/Users/nahue/.pico-sdk/sdk/2.1.1/lib/tinyusb/src/device/usbd.c.obj
                0x20000bac                dcd_event_handler
 *(.text*)
 .text          0x20000dd0       0x30 C:/Users/nahue/.pico-sdk/toolchain/14_2_Rel1/bin/../lib/gcc/arm-none-eabi/14.2.1/thumb/v8-m.main+fp/softfp\libgcc.a(_aeabi_uldivmod.o)
                0x20000dd0                __aeabi_uldivmod
 .text.__udivmoddi4
                0x20000e00      0x34c C:/Users/nahue/.pico-sdk/toolchain/14_2_Rel1/bin/../lib/gcc/arm-none-eabi/14.2.1/thumb/v8-m.main+fp/softfp\libgcc.a(_udivmoddi4.o)
                0x20000e00                __udivmoddi4
 .text          0x2000114c        0x4 C:/Users/nahue/.pico-sdk/toolchain/14_2_Rel1/bin/../lib/gcc/arm-none-eabi/14.2.1/thumb/v8-m.main+fp/softfp\libgcc.a(_dvmd_tls.o)
                0x2000114c                __aeabi_idiv0
                0x2000114c                __aeabi_ldiv0
 .text.__stub   0x20001150       0x30 linker stubs
                0x20001180                        . = ALIGN (0x4)
 *(.rodata*)
                0x20001180                        . = ALIGN (0x4)
 *(.data*)
 .data.striped_spin_lock_num
                0x20001180        0x1 CMakeFiles/firmware.dir/C_/Users/nahue/.pico-sdk/sdk/2.1.1/src/rp2_common/hardware_sync/sync.c.obj
 *fill*         0x20001181        0x3 
 .data          0x20001184       0x48 CMakeFiles/firmware.dir/C_/Users/nahue/.pico-sdk/sdk/2.1.1/src/rp2_common/hardware_irq/irq_handler_chain.S.obj
                0x20001184                irq_handler_chain_slots
                0x200011b4                irq_handler_chain_first_slot
                0x200011be                irq_handler_chain_remove_tail
 .data.default_alarm_pool
                0x200011cc       0x18 CMakeFiles/firmware.dir/C_/Users/nahue/.pico-sdk/sdk/2.1.1/src/common/pico_time/time.c.obj
 .data.stdio_usb
                0x200011e4       0x18 CMakeFiles/firmware.dir/C_/Users/nahue/.pico-sdk/sdk/2.1.1/src/rp2_common/pico_stdio_usb/stdio_usb.c.obj
                0x200011e4                stdio_usb
 .data._usbd_qdef
                0x200011fc       0x1c CMakeFiles/firmware.dir/C_/Users/nahue/.pico-sdk/sdk/2.1.1/lib/tinyusb/src/device/usbd.c.obj
                0x200011fc                _usbd_qdef
 .data._usbd_rhport
                0x20001218        0x1 CMakeFiles/firmware.dir/C_/Users/nahue/.pico-sdk/sdk/2.1.1/lib/tinyusb/src/device/usbd.c.obj
 .data.ucPrimaryCoreNum
                0x20001219        0x1 freertos/libfreertos.a(port.c.obj)
 *fill*         0x2000121a        0x2 
 .data.ulCriticalNesting
                0x2000121c        0x4 freertos/libfreertos.a(port.c.obj)
 .data.__malloc_sbrk_base
                0x20001220        0x4 C:/Users/nahue/.pico-sdk/toolchain/14_2_Rel1/bin/../lib/gcc/arm-none-eabi/14.2.1/thumb/v8-m.main+fp/softfp\libg.a(libc_a-mallocr.o)
                0x20001220                __malloc_sbrk_base
 .data.__malloc_trim_threshold
                0x20001224        0x4 C:/Users/nahue/.pico-sdk/toolchain/14_2_Rel1/bin/../lib/gcc/arm-none-eabi/14.2.1/thumb/v8-m.main+fp/softfp\libg.a(libc_a-mallocr.o)
                0x20001224                __malloc_trim_threshold
 .data.__malloc_av_
                0x20001228      0x408 C:/Users/nahue/.pico-sdk/toolchain/14_2_Rel1/bin/../lib/gcc/arm-none-eabi/14.2.1/thumb/v8-m.main+fp/softfp\libg.a(libc_a-mallocr.o)
                0x20001228                __malloc_av_
 .data._impure_ptr
                0x20001630        0x4 C:/Users/nahue/.pico-sdk/toolchain/14_2_Rel1/bin/../lib/gcc/arm-none-eabi/14.2.1/thumb/v8-m.main+fp/softfp\libg.a(libc_a-impure.o)
                0x20001630                _impure_ptr
 *fill*         0x20001634        0x4 
 .data._impure_data
                0x20001638      0x140 C:/Users/nahue/.pico-sdk/toolchain/14_2_Rel1/bin/../lib/gcc/arm-none-eabi/14.2.1/thumb/v8-m.main+fp/softfp\libg.a(libc_a-impure.o)
                0x20001638                _impure_data
 *(.sdata*)
                0x20001778                        . = ALIGN (0x4)
 *(.after_data.*)
                0x20001778                        . = ALIGN (0x4)
                0x20001778                        PROVIDE (__mutex_array_start = .)
 *(SORT_BY_NAME(.mutex_array.*))
 *(.mutex_array)
 .mutex_array   0x20001778        0x8 CMakeFiles/firmware.dir/C_/Users/nahue/.pico-sdk/sdk/2.1.1/src/rp2_common/pico_stdio/stdio.c.obj
                0x20001780                        PROVIDE (__mutex_array_end = .)
 *(.jcr)
                0x20001780                        . = ALIGN (0x4)

.tm_clone_table
                0x20001780        0x0 load address 0x1000aa3c
 .tm_clone_table
                0x20001780        0x0 C:/Users/nahue/.pico-sdk/toolchain/14_2_Rel1/bin/../lib/gcc/arm-none-eabi/14.2.1/thumb/v8-m.main+fp/softfp/crtbegin.o
 .tm_clone_table
                0x20001780        0x0 C:/Users/nahue/.pico-sdk/toolchain/14_2_Rel1/bin/../lib/gcc/arm-none-eabi/14.2.1/thumb/v8-m.main+fp/softfp/crtend.o

.igot.plt       0x20001780        0x0 load address 0x1000aa3c
 .igot.plt      0x20001780        0x0 C:/Users/nahue/.pico-sdk/toolchain/14_2_Rel1/bin/../lib/gcc/arm-none-eabi/14.2.1/thumb/v8-m.main+fp/softfp/crtbegin.o

.tdata          0x20001780        0x0 load address 0x1000aa3c
                0x20001780                        . = ALIGN (0x4)
 *(.tdata .tdata.* .gnu.linkonce.td.*)
                0x20001780                        __tdata_end = .
                0x20001780                        PROVIDE (__data_end__ = .)
                0x100093cc                        __etext = LOADADDR (.data)

.tbss           0x20001780        0x0 load address 0x1000aa3c
                0x20001780                        . = ALIGN (0x4)
                0x20001780                        __bss_start__ = .
                0x20001780                        __tls_base = .
 *(.tbss .tbss.* .gnu.linkonce.tb.*)
 *(.tcommon)
                0x20001780                        __tls_end = .

.bss            0x20001780      0xf58 load address 0x1000aa3c
                0x20001780                        . = ALIGN (0x4)
                0x20001780                        __tbss_end = .
 *(SORT_BY_ALIGNMENT(SORT_BY_NAME(.bss*)))
 .bss.default_alarm_pool_entries
                0x20001780      0x180 CMakeFiles/firmware.dir/C_/Users/nahue/.pico-sdk/sdk/2.1.1/src/common/pico_time/time.c.obj
 .bss.last_avail_time.1
                0x20001900        0x8 CMakeFiles/firmware.dir/C_/Users/nahue/.pico-sdk/sdk/2.1.1/src/rp2_common/pico_stdio_usb/stdio_usb.c.obj
 .bss.xQueueRegistry
                0x20001908       0x50 freertos/libfreertos.a(queue.c.obj)
                0x20001908                xQueueRegistry
 .bss.__lock___malloc_recursive_mutex
                0x20001958        0x1 C:/Users/nahue/.pico-sdk/toolchain/14_2_Rel1/bin/../lib/gcc/arm-none-eabi/14.2.1/thumb/v8-m.main+fp/softfp\libg.a(libc_a-lock.o)
                0x20001958                __lock___malloc_recursive_mutex
 *fill*         0x20001959        0x3 
 .bss.__malloc_current_mallinfo
                0x2000195c       0x28 C:/Users/nahue/.pico-sdk/toolchain/14_2_Rel1/bin/../lib/gcc/arm-none-eabi/14.2.1/thumb/v8-m.main+fp/softfp\libg.a(libc_a-mallocr.o)
                0x2000195c                __malloc_current_mallinfo
 .bss.__malloc_max_sbrked_mem
                0x20001984        0x4 C:/Users/nahue/.pico-sdk/toolchain/14_2_Rel1/bin/../lib/gcc/arm-none-eabi/14.2.1/thumb/v8-m.main+fp/softfp\libg.a(libc_a-mallocr.o)
                0x20001984                __malloc_max_sbrked_mem
 .bss.__malloc_max_total_mem
                0x20001988        0x4 C:/Users/nahue/.pico-sdk/toolchain/14_2_Rel1/bin/../lib/gcc/arm-none-eabi/14.2.1/thumb/v8-m.main+fp/softfp\libg.a(libc_a-mallocr.o)
                0x20001988                __malloc_max_total_mem
 .bss.__malloc_top_pad
                0x2000198c        0x4 C:/Users/nahue/.pico-sdk/toolchain/14_2_Rel1/bin/../lib/gcc/arm-none-eabi/14.2.1/thumb/v8-m.main+fp/softfp\libg.a(libc_a-mallocr.o)
                0x2000198c                __malloc_top_pad
 .bss.__sf      0x20001990      0x138 C:/Users/nahue/.pico-sdk/toolchain/14_2_Rel1/bin/../lib/gcc/arm-none-eabi/14.2.1/thumb/v8-m.main+fp/softfp\libg.a(libc_a-findfp.o)
                0x20001990                __sf
 .bss._app_driver
                0x20001ac8        0x4 CMakeFiles/firmware.dir/C_/Users/nahue/.pico-sdk/sdk/2.1.1/lib/tinyusb/src/device/usbd.c.obj
 .bss._cdcd_epbuf
                0x20001acc       0x80 CMakeFiles/firmware.dir/C_/Users/nahue/.pico-sdk/sdk/2.1.1/lib/tinyusb/src/class/cdc/cdc_device.c.obj
 .bss._cdcd_fifo_cfg
                0x20001b4c        0x1 CMakeFiles/firmware.dir/C_/Users/nahue/.pico-sdk/sdk/2.1.1/lib/tinyusb/src/class/cdc/cdc_device.c.obj
 *fill*         0x20001b4d        0x3 
 .bss._cdcd_itf
                0x20001b50       0xc8 CMakeFiles/firmware.dir/C_/Users/nahue/.pico-sdk/sdk/2.1.1/lib/tinyusb/src/class/cdc/cdc_device.c.obj
 .bss._ctrl_epbuf
                0x20001c18       0x40 CMakeFiles/firmware.dir/C_/Users/nahue/.pico-sdk/sdk/2.1.1/lib/tinyusb/src/device/usbd_control.c.obj
 .bss._ctrl_xfer
                0x20001c58       0x14 CMakeFiles/firmware.dir/C_/Users/nahue/.pico-sdk/sdk/2.1.1/lib/tinyusb/src/device/usbd_control.c.obj
 .bss._sw_spin_locks
                0x20001c6c       0x20 CMakeFiles/firmware.dir/C_/Users/nahue/.pico-sdk/sdk/2.1.1/src/rp2_common/hardware_sync_spin_lock/sync_spin_lock.c.obj
                0x20001c6c                _sw_spin_locks
 .bss._tusb_rhport_role
                0x20001c8c        0x2 CMakeFiles/firmware.dir/C_/Users/nahue/.pico-sdk/sdk/2.1.1/lib/tinyusb/src/tusb.c.obj
                0x20001c8c                _tusb_rhport_role
 *fill*         0x20001c8e        0x2 
 .bss._ubsd_mutexdef
                0x20001c90        0x8 CMakeFiles/firmware.dir/C_/Users/nahue/.pico-sdk/sdk/2.1.1/lib/tinyusb/src/device/usbd.c.obj
 .bss._usbd_dev
                0x20001c98       0x54 CMakeFiles/firmware.dir/C_/Users/nahue/.pico-sdk/sdk/2.1.1/lib/tinyusb/src/device/usbd.c.obj
 .bss._usbd_mutex
                0x20001cec        0x4 CMakeFiles/firmware.dir/C_/Users/nahue/.pico-sdk/sdk/2.1.1/lib/tinyusb/src/device/usbd.c.obj
 .bss._usbd_q   0x20001cf0        0x4 CMakeFiles/firmware.dir/C_/Users/nahue/.pico-sdk/sdk/2.1.1/lib/tinyusb/src/device/usbd.c.obj
 .bss._usbd_qdef_buf
                0x20001cf4       0xc0 CMakeFiles/firmware.dir/C_/Users/nahue/.pico-sdk/sdk/2.1.1/lib/tinyusb/src/device/usbd.c.obj
                0x20001cf4                _usbd_qdef_buf
 .bss._vendord_epbuf
                0x20001db4       0x80 CMakeFiles/firmware.dir/C_/Users/nahue/.pico-sdk/sdk/2.1.1/lib/tinyusb/src/class/vendor/vendor_device.c.obj
 .bss._vendord_itf
                0x20001e34      0x24c CMakeFiles/firmware.dir/C_/Users/nahue/.pico-sdk/sdk/2.1.1/lib/tinyusb/src/class/vendor/vendor_device.c.obj
 .bss.chars_available_callback
                0x20002080        0x4 CMakeFiles/firmware.dir/C_/Users/nahue/.pico-sdk/sdk/2.1.1/src/rp2_common/pico_stdio_usb/stdio_usb.c.obj
 .bss.chars_available_param
                0x20002084        0x4 CMakeFiles/firmware.dir/C_/Users/nahue/.pico-sdk/sdk/2.1.1/src/rp2_common/pico_stdio_usb/stdio_usb.c.obj
 .bss.claimed   0x20002088        0x4 CMakeFiles/firmware.dir/C_/Users/nahue/.pico-sdk/sdk/2.1.1/src/rp2_common/hardware_sync/sync.c.obj
 .bss.claimed   0x2000208c        0x2 CMakeFiles/firmware.dir/C_/Users/nahue/.pico-sdk/sdk/2.1.1/src/rp2_common/hardware_timer/timer.c.obj
 *fill*         0x2000208e        0x2 
 .bss.configured_freq
                0x20002090       0x28 CMakeFiles/firmware.dir/C_/Users/nahue/.pico-sdk/sdk/2.1.1/src/rp2_common/hardware_clocks/clocks.c.obj
 .bss.desc_str.0
                0x200020b8       0x28 CMakeFiles/firmware.dir/C_/Users/nahue/.pico-sdk/sdk/2.1.1/src/rp2_common/pico_stdio_usb/stdio_usb_descriptors.c.obj
 .bss.drivers   0x200020e0        0x4 CMakeFiles/firmware.dir/C_/Users/nahue/.pico-sdk/sdk/2.1.1/src/rp2_common/pico_stdio/stdio.c.obj
 .bss.e15_last_sof
                0x200020e4        0x4 CMakeFiles/firmware.dir/C_/Users/nahue/.pico-sdk/sdk/2.1.1/lib/tinyusb/src/portable/raspberrypi/rp2040/rp2040_usb.c.obj
                0x200020e4                e15_last_sof
 .bss.errno     0x200020e8        0x4 C:/Users/nahue/.pico-sdk/toolchain/14_2_Rel1/bin/../lib/gcc/arm-none-eabi/14.2.1/thumb/v8-m.main+fp/softfp\libg.a(libc_a-reent.o)
                0x200020e8                errno
 .bss.filter    0x200020ec        0x4 CMakeFiles/firmware.dir/C_/Users/nahue/.pico-sdk/sdk/2.1.1/src/rp2_common/pico_stdio/stdio.c.obj
 .bss.heap_end.0
                0x200020f0        0x4 CMakeFiles/firmware.dir/C_/Users/nahue/.pico-sdk/sdk/2.1.1/src/rp2_common/pico_clib_interface/newlib_interface.c.obj