Archive member included to satisfy reference by file (symbol)

freertos/libfreertos.a(queue.c.obj)
                              CMakeFiles/Firmware.dir/Firmware.c.obj (xQueueGenericCreate)
freertos/libfreertos.a(tasks.c.obj)
                              CMakeFiles/Firmware.dir/Firmware.c.obj (xTaskCreate)
freertos/libfreertos.a(timers.c.obj)
                              freertos/libfreertos.a(tasks.c.obj) (xTimerCreateTimerTask)
freertos/libfreertos.a(heap_3.c.obj)
                              freertos/libfreertos.a(queue.c.obj) (pvPortMalloc)
freertos/libfreertos.a(port.c.obj)
                              freertos/libfreertos.a(queue.c.obj) (vPortYield)
freertos/libfreertos.a(portasm.c.obj)
                              freertos/libfreertos.a(port.c.obj) (vRestoreContextOfFirstTask)
freertos/libfreertos.a(event_groups.c.obj)
                              freertos/libfreertos.a(port.c.obj) (xEventGroupCreate)
freertos/libfreertos.a(list.c.obj)
                              freertos/libfreertos.a(queue.c.obj) (vListInitialise)
helper/libhelper.a(helper.c.obj)
                              CMakeFiles/Firmware.dir/Firmware.c.obj (pwm_user_init)
lcd/liblcd.a(lcd.c.obj)       CMakeFiles/Firmware.dir/Firmware.c.obj (lcd_clear)
C:/Users/nahue/.pico-sdk/toolchain/14_2_Rel1/bin/../lib/gcc/arm-none-eabi/14.2.1/thumb/v8-m.main+fp/softfp\libm.a(libm_a-wf_sqrt.o)
                              CMakeFiles/Firmware.dir/C_/Users/nahue/.pico-sdk/sdk/2.1.1/src/rp2_common/pico_float/float_math.c.obj (sqrtf)
C:/Users/nahue/.pico-sdk/toolchain/14_2_Rel1/bin/../lib/gcc/arm-none-eabi/14.2.1/thumb/v8-m.main+fp/softfp\libm.a(libm_a-ef_sqrt.o)
                              C:/Users/nahue/.pico-sdk/toolchain/14_2_Rel1/bin/../lib/gcc/arm-none-eabi/14.2.1/thumb/v8-m.main+fp/softfp\libm.a(libm_a-wf_sqrt.o) (__ieee754_sqrtf)
C:/Users/nahue/.pico-sdk/toolchain/14_2_Rel1/bin/../lib/gcc/arm-none-eabi/14.2.1/thumb/v8-m.main+fp/softfp\libgcc.a(_arm_addsubdf3.o)
                              CMakeFiles/Firmware.dir/Firmware.c.obj (__aeabi_f2d)
C:/Users/nahue/.pico-sdk/toolchain/14_2_Rel1/bin/../lib/gcc/arm-none-eabi/14.2.1/thumb/v8-m.main+fp/softfp\libgcc.a(_aeabi_ldivmod.o)
                              CMakeFiles/Firmware.dir/C_/Users/nahue/.pico-sdk/sdk/2.1.1/src/common/pico_time/time.c.obj (__aeabi_ldivmod)
C:/Users/nahue/.pico-sdk/toolchain/14_2_Rel1/bin/../lib/gcc/arm-none-eabi/14.2.1/thumb/v8-m.main+fp/softfp\libgcc.a(_aeabi_uldivmod.o)
                              CMakeFiles/Firmware.dir/C_/Users/nahue/.pico-sdk/sdk/2.1.1/src/rp2_common/hardware_clocks/clocks.c.obj (__aeabi_uldivmod)
C:/Users/nahue/.pico-sdk/toolchain/14_2_Rel1/bin/../lib/gcc/arm-none-eabi/14.2.1/thumb/v8-m.main+fp/softfp\libgcc.a(_udivmoddi4.o)
                              C:/Users/nahue/.pico-sdk/toolchain/14_2_Rel1/bin/../lib/gcc/arm-none-eabi/14.2.1/thumb/v8-m.main+fp/softfp\libgcc.a(_aeabi_ldivmod.o) (__udivmoddi4)
C:/Users/nahue/.pico-sdk/toolchain/14_2_Rel1/bin/../lib/gcc/arm-none-eabi/14.2.1/thumb/v8-m.main+fp/softfp\libgcc.a(_dvmd_tls.o)
                              C:/Users/nahue/.pico-sdk/toolchain/14_2_Rel1/bin/../lib/gcc/arm-none-eabi/14.2.1/thumb/v8-m.main+fp/softfp\libgcc.a(_aeabi_ldivmod.o) (__aeabi_ldiv0)
C:/Users/nahue/.pico-sdk/toolchain/14_2_Rel1/bin/../lib/gcc/arm-none-eabi/14.2.1/thumb/v8-m.main+fp/softfp\libg.a(libc_a-calloc.o)
                              CMakeFiles/Firmware.dir/C_/Users/nahue/.pico-sdk/sdk/2.1.1/src/rp2_common/pico_malloc/malloc.c.obj (calloc)
C:/Users/nahue/.pico-sdk/toolchain/14_2_Rel1/bin/../lib/gcc/arm-none-eabi/14.2.1/thumb/v8-m.main+fp/softfp\libg.a(libc_a-callocr.o)
                              C:/Users/nahue/.pico-sdk/toolchain/14_2_Rel1/bin/../lib/gcc/arm-none-eabi/14.2.1/thumb/v8-m.main+fp/softfp\libg.a(libc_a-calloc.o) (_calloc_r)
C:/Users/nahue/.pico-sdk/toolchain/14_2_Rel1/bin/../lib/gcc/arm-none-eabi/14.2.1/thumb/v8-m.main+fp/softfp\libg.a(libc_a-malloc.o)
                              CMakeFiles/Firmware.dir/C_/Users/nahue/.pico-sdk/sdk/2.1.1/src/rp2_common/pico_malloc/malloc.c.obj (malloc)
C:/Users/nahue/.pico-sdk/toolchain/14_2_Rel1/bin/../lib/gcc/arm-none-eabi/14.2.1/thumb/v8-m.main+fp/softfp\libg.a(libc_a-mallocr.o)
                              C:/Users/nahue/.pico-sdk/toolchain/14_2_Rel1/bin/../lib/gcc/arm-none-eabi/14.2.1/thumb/v8-m.main+fp/softfp\libg.a(libc_a-callocr.o) (_malloc_r)
C:/Users/nahue/.pico-sdk/toolchain/14_2_Rel1/bin/../lib/gcc/arm-none-eabi/14.2.1/thumb/v8-m.main+fp/softfp\libg.a(libc_a-mlock.o)
                              C:/Users/nahue/.pico-sdk/toolchain/14_2_Rel1/bin/../lib/gcc/arm-none-eabi/14.2.1/thumb/v8-m.main+fp/softfp\libg.a(libc_a-mallocr.o) (__malloc_lock)
C:/Users/nahue/.pico-sdk/toolchain/14_2_Rel1/bin/../lib/gcc/arm-none-eabi/14.2.1/thumb/v8-m.main+fp/softfp\libg.a(libc_a-realloc.o)
                              CMakeFiles/Firmware.dir/C_/Users/nahue/.pico-sdk/sdk/2.1.1/src/rp2_common/pico_malloc/malloc.c.obj (realloc)
[...]
Memory Configuration

Name             Origin             Length             Attributes
FLASH            0x10000000         0x00400000         xr
RAM              0x20000000         0x00080000         xrw
SCRATCH_X        0x20080000         0x00001000         xrw
SCRATCH_Y        0x20081000         0x00001000         xrw
*default*        0x00000000         0xffffffff

Linker script and memory map

LOAD C:/Users/nahue/.pico-sdk/toolchain/14_2_Rel1/bin/../lib/gcc/arm-none-eabi/14.2.1/thumb/v8-m.main+fp/softfp/crti.o
LOAD C:/Users/nahue/.pico-sdk/toolchain/14_2_Rel1/bin/../lib/gcc/arm-none-eabi/14.2.1/thumb/v8-m.main+fp/softfp/crtbegin.o
LOAD C:/Users/nahue/.pico-sdk/toolchain/14_2_Rel1/bin/../lib/gcc/arm-none-eabi/14.2.1/thumb/v8-m.main+fp/softfp/crt0.o

.flash_begin    0x10000000        0x0
                0x10000000                        __flash_binary_start = .

.text           0x10000000     0x927c
                0x10000000                        __logical_binary_start = .
 *(.vectors)
 .vectors       0x10000000      0x124 CMakeFiles/Firmware.dir/C_/Users/nahue/.pico-sdk/sdk/2.1.1/src/rp2_common/pico_crt0/crt0.S.obj
                0x10000000                __vectors
                0x10000000                __VECTOR_TABLE
                0x10000110                isr_invalid
                0x10000110                __default_isrs_start
                0x10000112                isr_nmi
                0x10000114                isr_hardfault
                0x1000011c                isr_irq27
                0x1000011c                isr_irq32
                0x1000011c                isr_irq31
                0x1000011c                isr_irq5
                0x1000011c                isr_irq11
                0x1000011c                isr_irq45
                0x1000011c                isr_irq23
                0x1000011c                isr_irq48
                0x1000011c                isr_irq35
                0x1000011c                isr_irq18
                0x1000011c                isr_irq50
                0x1000011c                isr_irq43
                0x1000011c                isr_irq13
                0x1000011c                isr_irq28
                0x1000011c                isr_irq19
                0x1000011c                isr_irq36
                0x1000011c                isr_irq41
                0x1000011c                isr_irq0
                0x1000011c                isr_irq6
                0x1000011c                __unhandled_user_irq
                0x1000011c                isr_irq12
                0x1000011c                isr_irq37
                0x1000011c                isr_irq42
                0x1000011c                isr_irq22
                0x1000011c                isr_irq30
                0x1000011c                isr_irq17
                0x1000011c                isr_irq38
                0x1000011c                isr_irq14
                0x1000011c                isr_irq40
                0x1000011c                isr_irq2
                0x1000011c                isr_irq10
                0x1000011c                isr_irq8
                0x1000011c                isr_irq24
                0x1000011c                isr_irq46
                0x1000011c                isr_irq1
                0x1000011c                isr_irq47
                0x1000011c                isr_irq51
                0x1000011c                isr_irq7
                0x1000011c                isr_irq21
                0x1000011c                isr_irq39
                0x1000011c                isr_irq20
                0x1000011c                isr_irq15
                0x1000011c                isr_irq25
                0x1000011c                isr_irq34
                0x1000011c                isr_irq49
                0x1000011c                isr_irq4
                0x1000011c                isr_irq16
                0x1000011c                isr_irq44
                0x1000011c                isr_irq29
                0x1000011c                isr_irq26
                0x1000011c                __default_isrs_end
                0x1000011c                isr_irq33
                0x1000011c                isr_irq3
                0x1000011c                isr_irq9
                0x10000122                unhandled_user_irq_num_in_r0
 *(.binary_info_header)
 .binary_info_header
                0x10000124       0x14 CMakeFiles/Firmware.dir/C_/Users/nahue/.pico-sdk/sdk/2.1.1/src/rp2_common/pico_crt0/crt0.S.obj
                0x10000138                        __binary_info_header_end = .
 *(.embedded_block)
 .embedded_block
                0x10000138       0x14 CMakeFiles/Firmware.dir/C_/Users/nahue/.pico-sdk/sdk/2.1.1/src/rp2_common/pico_crt0/crt0.S.obj
                0x1000014c                        __embedded_block_end = .
 *(.reset)
 .reset         0x1000014c       0xa0 CMakeFiles/Firmware.dir/C_/Users/nahue/.pico-sdk/sdk/2.1.1/src/rp2_common/pico_crt0/crt0.S.obj
                0x1000014c                _entry_point
 *(.init)
 .init          0x100001ec        0x4 C:/Users/nahue/.pico-sdk/toolchain/14_2_Rel1/bin/../lib/gcc/arm-none-eabi/14.2.1/thumb/v8-m.main+fp/softfp/crti.o
                0x100001ec                _init
 SORT_BY_NAME(REVERSE(*libgcc.a:cmse_nonsecure_call.o))()
 *(EXCLUDE_FILE(*libm.a: *libc.a:*lib_a-mem*.o *libgcc.a:) .text*)
 .text.register_tm_clones
                0x100001f0       0x28 C:/Users/nahue/.pico-sdk/toolchain/14_2_Rel1/bin/../lib/gcc/arm-none-eabi/14.2.1/thumb/v8-m.main+fp/softfp/crtbegin.o
 .text.frame_dummy
                0x10000218       0x24 C:/Users/nahue/.pico-sdk/toolchain/14_2_Rel1/bin/../lib/gcc/arm-none-eabi/14.2.1/thumb/v8-m.main+fp/softfp/crtbegin.o
 .text.frequency_calculator_task
                0x1000023c       0xb4 CMakeFiles/Firmware.dir/Firmware.c.obj
                0x1000023c                frequency_calculator_task
 .text.init_lcd
                0x100002f0       0x94 CMakeFiles/Firmware.dir/Firmware.c.obj
                0x100002f0                init_lcd
 .text.gpio_callback
                0x10000384       0x28 CMakeFiles/Firmware.dir/Firmware.c.obj
                0x10000384                gpio_callback
 .text.set_init
                0x100003ac       0x80 CMakeFiles/Firmware.dir/Firmware.c.obj
                0x100003ac                set_init
 .text.startup.main
                0x1000042c       0x6c CMakeFiles/Firmware.dir/Firmware.c.obj
                0x1000042c                main
 .text.gpio_default_irq_handler
                0x10000498      0x1d4 CMakeFiles/Firmware.dir/C_/Users/nahue/.pico-sdk/sdk/2.1.1/src/rp2_common/hardware_gpio/gpio.c.obj
 .text.gpio_set_function
                0x1000066c       0x3c CMakeFiles/Firmware.dir/C_/Users/nahue/.pico-sdk/sdk/2.1.1/src/rp2_common/hardware_gpio/gpio.c.obj
                0x1000066c                gpio_set_function
 .text.gpio_set_pulls
                0x100006a8       0x28 CMakeFiles/Firmware.dir/C_/Users/nahue/.pico-sdk/sdk/2.1.1/src/rp2_common/hardware_gpio/gpio.c.obj
                0x100006a8                gpio_set_pulls
 .text.gpio_set_irq_enabled_with_callback
                0x100006d0       0xa8 CMakeFiles/Firmware.dir/C_/Users/nahue/.pico-sdk/sdk/2.1.1/src/rp2_common/hardware_gpio/gpio.c.obj
                0x100006d0                gpio_set_irq_enabled_with_callback
 .text.gpio_init
                0x10000778       0x48 CMakeFiles/Firmware.dir/C_/Users/nahue/.pico-sdk/sdk/2.1.1/src/rp2_common/hardware_gpio/gpio.c.obj
                0x10000778                gpio_init
 .text.panic    0x100007c0       0x30 CMakeFiles/Firmware.dir/C_/Users/nahue/.pico-sdk/sdk/2.1.1/src/rp2_common/pico_platform_panic/panic.c.obj
                0x100007c0                panic
 .text.hw_claim_or_assert
                0x100007f0       0x58 CMakeFiles/Firmware.dir/C_/Users/nahue/.pico-sdk/sdk/2.1.1/src/common/hardware_claim/claim.c.obj
                0x100007f0                hw_claim_or_assert
 .text.hw_claim_unused_from_range
                0x10000848       0x80 CMakeFiles/Firmware.dir/C_/Users/nahue/.pico-sdk/sdk/2.1.1/src/common/hardware_claim/claim.c.obj
                0x10000848                hw_claim_unused_from_range
 .text.next_striped_spin_lock_num
                0x100008c8       0x18 CMakeFiles/Firmware.dir/C_/Users/nahue/.pico-sdk/sdk/2.1.1/src/rp2_common/hardware_sync/sync.c.obj
                0x100008c8                next_striped_spin_lock_num
 .text.spin_lock_claim_unused
                0x100008e0       0x20 CMakeFiles/Firmware.dir/C_/Users/nahue/.pico-sdk/sdk/2.1.1/src/rp2_common/hardware_sync/sync.c.obj
                0x100008e0                spin_lock_claim_unused
 .text.spinlock_set_extexclall
                0x10000900       0x10 CMakeFiles/Firmware.dir/8fd8c7fd2e19d6fa6d9ff96b54816ead/rp2_common/hardware_sync_spin_lock/sync_spin_lock.c.obj
 .text.spin_locks_reset
                0x10000910       0x18 CMakeFiles/Firmware.dir/8fd8c7fd2e19d6fa6d9ff96b54816ead/rp2_common/hardware_sync_spin_lock/sync_spin_lock.c.obj
                0x10000910                spin_locks_reset
 .text.runtime_init_per_core_irq_priorities
                0x10000928       0x40 CMakeFiles/Firmware.dir/C_/Users/nahue/.pico-sdk/sdk/2.1.1/src/rp2_common/hardware_irq/irq.c.obj
                0x10000928                runtime_init_per_core_irq_priorities
 .text.irq_set_enabled
                0x10000968       0x2c CMakeFiles/Firmware.dir/C_/Users/nahue/.pico-sdk/sdk/2.1.1/src/rp2_common/hardware_irq/irq.c.obj
                0x10000968                irq_set_enabled
 .text.irq_is_enabled
                0x10000994       0x20 CMakeFiles/Firmware.dir/C_/Users/nahue/.pico-sdk/sdk/2.1.1/src/rp2_common/hardware_irq/irq.c.obj
                0x10000994                irq_is_enabled
 .text.irq_set_pending
                0x100009b4       0x18 CMakeFiles/Firmware.dir/C_/Users/nahue/.pico-sdk/sdk/2.1.1/src/rp2_common/hardware_irq/irq.c.obj
                0x100009b4                irq_set_pending
 .text.irq_has_shared_handler
                0x100009cc       0x20 CMakeFiles/Firmware.dir/C_/Users/nahue/.pico-sdk/sdk/2.1.1/src/rp2_common/hardware_irq/irq.c.obj
                0x100009cc                irq_has_shared_handler
 .text.irq_set_exclusive_handler
                0x100009ec       0x60 CMakeFiles/Firmware.dir/C_/Users/nahue/.pico-sdk/sdk/2.1.1/src/rp2_common/hardware_irq/irq.c.obj
                0x100009ec                irq_set_exclusive_handler
 .text.irq_add_shared_handler
                0x10000a4c      0x1e8 CMakeFiles/Firmware.dir/C_/Users/nahue/.pico-sdk/sdk/2.1.1/src/rp2_common/hardware_irq/irq.c.obj
                0x10000a4c                irq_add_shared_handler
 .text.irq_remove_handler
                0x10000c34      0x1f4 CMakeFiles/Firmware.dir/C_/Users/nahue/.pico-sdk/sdk/2.1.1/src/rp2_common/hardware_irq/irq.c.obj
                0x10000c34                irq_remove_handler
 .text.irq_add_tail_to_free_list
                0x10000e28       0xbc CMakeFiles/Firmware.dir/C_/Users/nahue/.pico-sdk/sdk/2.1.1/src/rp2_common/hardware_irq/irq.c.obj
                0x10000e28                irq_add_tail_to_free_list
 .text.user_irq_claim_unused
                0x10000ee4       0x28 CMakeFiles/Firmware.dir/C_/Users/nahue/.pico-sdk/sdk/2.1.1/src/rp2_common/hardware_irq/irq.c.obj
                0x10000ee4                user_irq_claim_unused
 .text.lock_init
                0x10000f0c        0xc CMakeFiles/Firmware.dir/C_/Users/nahue/.pico-sdk/sdk/2.1.1/src/common/pico_sync/lock_core.c.obj
                0x10000f0c                lock_init
 .text.runtime_init_mutex
                0x10000f18       0x4c CMakeFiles/Firmware.dir/C_/Users/nahue/.pico-sdk/sdk/2.1.1/src/common/pico_sync/mutex.c.obj
                0x10000f18                runtime_init_mutex
 .text.mutex_init
                0x10000f64       0x1c CMakeFiles/Firmware.dir/C_/Users/nahue/.pico-sdk/sdk/2.1.1/src/common/pico_sync/mutex.c.obj
                0x10000f64                mutex_init
 .text.critical_section_init
                0x10000f80       0x1c CMakeFiles/Firmware.dir/C_/Users/nahue/.pico-sdk/sdk/2.1.1/src/common/pico_sync/critical_section.c.obj
                0x10000f80                critical_section_init
 .text.critical_section_init_with_lock_num
                0x10000f9c       0x10 CMakeFiles/Firmware.dir/C_/Users/nahue/.pico-sdk/sdk/2.1.1/src/common/pico_sync/critical_section.c.obj
                0x10000f9c                critical_section_init_with_lock_num
 .text.sleep_until_callback
                0x10000fac       0x3c CMakeFiles/Firmware.dir/C_/Users/nahue/.pico-sdk/sdk/2.1.1/src/common/pico_time/time.c.obj
 .text.alarm_pool_irq_handler
                0x10000fe8      0x2f0 CMakeFiles/Firmware.dir/C_/Users/nahue/.pico-sdk/sdk/2.1.1/src/common/pico_time/time.c.obj
 .text.runtime_init_default_alarm_pool
                0x100012d8      0x100 CMakeFiles/Firmware.dir/C_/Users/nahue/.pico-sdk/sdk/2.1.1/src/common/pico_time/time.c.obj
                0x100012d8                runtime_init_default_alarm_pool
 .text.alarm_pool_get_default
                0x100013d8        0x8 CMakeFiles/Firmware.dir/C_/Users/nahue/.pico-sdk/sdk/2.1.1/src/common/pico_time/time.c.obj
                0x100013d8                alarm_pool_get_default
 .text.alarm_pool_add_alarm_at
                0x100013e0       0xdc CMakeFiles/Firmware.dir/C_/Users/nahue/.pico-sdk/sdk/2.1.1/src/common/pico_time/time.c.obj
                0x100013e0                alarm_pool_add_alarm_at
 .text.alarm_pool_add_alarm_at_force_in_context
                0x100014bc       0xc8 CMakeFiles/Firmware.dir/C_/Users/nahue/.pico-sdk/sdk/2.1.1/src/common/pico_time/time.c.obj
                0x100014bc                alarm_pool_add_alarm_at_force_in_context
 .text.alarm_pool_cancel_alarm
                0x10001584       0x80 CMakeFiles/Firmware.dir/C_/Users/nahue/.pico-sdk/sdk/2.1.1/src/common/pico_time/time.c.obj
                0x10001584                alarm_pool_cancel_alarm
 .text.alarm_pool_core_num
                0x10001604        0x4 CMakeFiles/Firmware.dir/C_/Users/nahue/.pico-sdk/sdk/2.1.1/src/common/pico_time/time.c.obj
                0x10001604                alarm_pool_core_num
 .text.sleep_us
                0x10001608       0xd8 CMakeFiles/Firmware.dir/C_/Users/nahue/.pico-sdk/sdk/2.1.1/src/common/pico_time/time.c.obj
                0x10001608                sleep_us
 .text.best_effort_wfe_or_timeout
                0x100016e0       0xd4 CMakeFiles/Firmware.dir/C_/Users/nahue/.pico-sdk/sdk/2.1.1/src/common/pico_time/time.c.obj
                0x100016e0                best_effort_wfe_or_timeout
 .text.timer_hardware_alarm_claim
                0x100017b4       0x24 CMakeFiles/Firmware.dir/C_/Users/nahue/.pico-sdk/sdk/2.1.1/src/rp2_common/hardware_timer/timer.c.obj
                0x100017b4                timer_hardware_alarm_claim
 .text.timer_time_us_64
                0x100017d8       0x10 CMakeFiles/Firmware.dir/C_/Users/nahue/.pico-sdk/sdk/2.1.1/src/rp2_common/hardware_timer/timer.c.obj
                0x100017d8                timer_time_us_64
 .text.time_us_64
                0x100017e8       0x14 CMakeFiles/Firmware.dir/C_/Users/nahue/.pico-sdk/sdk/2.1.1/src/rp2_common/hardware_timer/timer.c.obj
                0x100017e8                time_us_64
 .text.busy_wait_until
                0x100017fc       0x24 CMakeFiles/Firmware.dir/C_/Users/nahue/.pico-sdk/sdk/2.1.1/src/rp2_common/hardware_timer/timer.c.obj
                0x100017fc                busy_wait_until
 .text.clock_configure_undivided
                0x10001820       0xd0 CMakeFiles/Firmware.dir/C_/Users/nahue/.pico-sdk/sdk/2.1.1/src/rp2_common/hardware_clocks/clocks.c.obj
                0x10001820                clock_configure_undivided
 .text.clock_get_hz
                0x100018f0        0xc CMakeFiles/Firmware.dir/C_/Users/nahue/.pico-sdk/sdk/2.1.1/src/rp2_common/hardware_clocks/clocks.c.obj
                0x100018f0                clock_get_hz
 .text.frequency_count_khz
                0x100018fc       0x54 CMakeFiles/Firmware.dir/C_/Users/nahue/.pico-sdk/sdk/2.1.1/src/rp2_common/hardware_clocks/clocks.c.obj
                0x100018fc                frequency_count_khz
 .text.pll_init
                0x10001950       0x8c CMakeFiles/Firmware.dir/C_/Users/nahue/.pico-sdk/sdk/2.1.1/src/rp2_common/hardware_pll/pll.c.obj
                0x10001950                pll_init
 .text.watchdog_reboot
                0x100019dc       0x98 CMakeFiles/Firmware.dir/C_/Users/nahue/.pico-sdk/sdk/2.1.1/src/rp2_common/hardware_watchdog/watchdog.c.obj
                0x100019dc                watchdog_reboot
 .text.tick_start
                0x10001a74       0x18 CMakeFiles/Firmware.dir/C_/Users/nahue/.pico-sdk/sdk/2.1.1/src/rp2_common/hardware_ticks/ticks.c.obj
                0x10001a74                tick_start
 .text.rom_reboot.constprop.0.isra.0
                0x10001a8c       0x34 CMakeFiles/Firmware.dir/C_/Users/nahue/.pico-sdk/sdk/2.1.1/src/rp2_common/pico_bootrom/bootrom.c.obj
 .text.rom_func_lookup
                0x10001ac0       0x18 CMakeFiles/Firmware.dir/C_/Users/nahue/.pico-sdk/sdk/2.1.1/src/rp2_common/pico_bootrom/bootrom.c.obj
                0x10001ac0                rom_func_lookup
 .text.rom_reset_usb_boot_extra
                0x10001ad8       0x1c CMakeFiles/Firmware.dir/C_/Users/nahue/.pico-sdk/sdk/2.1.1/src/rp2_common/pico_bootrom/bootrom.c.obj
                0x10001ad8                rom_reset_usb_boot_extra
 .text.runtime_init_bootrom_locking_enable
                0x10001af4       0x14 CMakeFiles/Firmware.dir/C_/Users/nahue/.pico-sdk/sdk/2.1.1/src/rp2_common/pico_bootrom/bootrom_lock.c.obj
                0x10001af4                runtime_init_bootrom_locking_enable
 .text.runtime_init_boot_locks_reset
                0x10001b08       0x1c CMakeFiles/Firmware.dir/C_/Users/nahue/.pico-sdk/sdk/2.1.1/src/rp2_common/hardware_boot_lock/boot_lock.c.obj
                0x10001b08                runtime_init_boot_locks_reset
 .text.xosc_init
                0x10001b24       0x30 CMakeFiles/Firmware.dir/C_/Users/nahue/.pico-sdk/sdk/2.1.1/src/rp2_common/hardware_xosc/xosc.c.obj
                0x10001b24                xosc_init
 .text.first_per_core_initializer
                0x10001b54        0x4 CMakeFiles/Firmware.dir/C_/Users/nahue/.pico-sdk/sdk/2.1.1/src/rp2_common/pico_runtime/runtime.c.obj
 .text.hard_assertion_failure
                0x10001b58        0xc CMakeFiles/Firmware.dir/C_/Users/nahue/.pico-sdk/sdk/2.1.1/src/rp2_common/pico_runtime/runtime.c.obj
                0x10001b58                hard_assertion_failure
 .text.runtime_run_initializers
                0x10001b64       0x20 CMakeFiles/Firmware.dir/C_/Users/nahue/.pico-sdk/sdk/2.1.1/src/rp2_common/pico_runtime/runtime.c.obj
                0x10001b64                runtime_run_initializers
 .text.runtime_init_early_resets
                0x10001b84       0x34 CMakeFiles/Firmware.dir/C_/Users/nahue/.pico-sdk/sdk/2.1.1/src/rp2_common/pico_runtime_init/runtime_init.c.obj
                0x10001b84                runtime_init_early_resets
 .text.runtime_init_usb_power_down
                0x10001bb8       0x1c CMakeFiles/Firmware.dir/C_/Users/nahue/.pico-sdk/sdk/2.1.1/src/rp2_common/pico_runtime_init/runtime_init.c.obj
                0x10001bb8                runtime_init_usb_power_down
 .text.runtime_init_per_core_enable_coprocessors
                0x10001bd4       0x1c CMakeFiles/Firmware.dir/C_/Users/nahue/.pico-sdk/sdk/2.1.1/src/rp2_common/pico_runtime_init/runtime_init.c.obj
                0x10001bd4                runtime_init_per_core_enable_coprocessors
 .text.runtime_init_post_clock_resets
                0x10001bf0       0x20 CMakeFiles/Firmware.dir/C_/Users/nahue/.pico-sdk/sdk/2.1.1/src/rp2_common/pico_runtime_init/runtime_init.c.obj
                0x10001bf0                runtime_init_post_clock_resets
 .text.runtime_init_bootrom_reset
                0x10001c10       0x14 CMakeFiles/Firmware.dir/C_/Users/nahue/.pico-sdk/sdk/2.1.1/src/rp2_common/pico_runtime_init/runtime_init.c.obj
                0x10001c10                runtime_init_bootrom_reset
 .text.runtime_init_per_core_bootrom_reset
                0x10001c24       0x14 CMakeFiles/Firmware.dir/C_/Users/nahue/.pico-sdk/sdk/2.1.1/src/rp2_common/pico_runtime_init/runtime_init.c.obj
                0x10001c24                runtime_init_per_core_bootrom_reset
 .text.runtime_init_spin_locks_reset
                0x10001c38        0x4 CMakeFiles/Firmware.dir/C_/Users/nahue/.pico-sdk/sdk/2.1.1/src/rp2_common/pico_runtime_init/runtime_init.c.obj
                0x10001c38                runtime_init_spin_locks_reset
 .text.runtime_init_install_ram_vector_table
                0x10001c3c       0x20 CMakeFiles/Firmware.dir/C_/Users/nahue/.pico-sdk/sdk/2.1.1/src/rp2_common/pico_runtime_init/runtime_init.c.obj
                0x10001c3c                runtime_init_install_ram_vector_table
 .text.runtime_init_clocks
                0x10001c5c       0xdc CMakeFiles/Firmware.dir/8fd8c7fd2e19d6fa6d9ff96b54816ead/rp2_common/pico_runtime_init/runtime_init_clocks.c.obj
                0x10001c5c                runtime_init_clocks
 .text.__rp2350_dcp_engaged_state_save_restore
                0x10001d38       0x3a CMakeFiles/Firmware.dir/C_/Users/nahue/.pico-sdk/sdk/2.1.1/src/rp2_common/pico_double/double_aeabi_dcp.S.obj
 *fill*         0x10001d72        0x2 
 .text.__wrap___aeabi_dadd
                0x10001d74       0x28 CMakeFiles/Firmware.dir/C_/Users/nahue/.pico-sdk/sdk/2.1.1/src/rp2_common/pico_double/double_aeabi_dcp.S.obj
                0x10001d7c                __wrap___aeabi_dadd
 .text.__wrap___aeabi_dsub
                0x10001d9c       0x28 CMakeFiles/Firmware.dir/C_/Users/nahue/.pico-sdk/sdk/2.1.1/src/rp2_common/pico_double/double_aeabi_dcp.S.obj
                0x10001da4                __wrap___aeabi_dsub
 .text.__wrap___aeabi_dmul
                0x10001dc4       0x4c CMakeFiles/Firmware.dir/C_/Users/nahue/.pico-sdk/sdk/2.1.1/src/rp2_common/pico_double/double_aeabi_dcp.S.obj
                0x10001dcc                __wrap___aeabi_dmul
 .text.__wrap___aeabi_ddiv
                0x10001e10       0x9c CMakeFiles/Firmware.dir/C_/Users/nahue/.pico-sdk/sdk/2.1.1/src/rp2_common/pico_double/double_aeabi_dcp.S.obj
                0x10001e18                __wrap___aeabi_ddiv
 .text.__wrap___aeabi_d2f
                0x10001eac       0x1c CMakeFiles/Firmware.dir/C_/Users/nahue/.pico-sdk/sdk/2.1.1/src/rp2_common/pico_double/double_aeabi_dcp.S.obj
                0x10001eb4                __wrap___aeabi_d2f
                0x10001eb4                double2float
 .text.__wrap___aeabi_i2d
                0x10001ec8       0x24 CMakeFiles/Firmware.dir/C_/Users/nahue/.pico-sdk/sdk/2.1.1/src/rp2_common/pico_double/double_aeabi_dcp.S.obj
                0x10001ed0                int2double
                0x10001ed0                __wrap___aeabi_i2d
 .text.__wrap___aeabi_ui2d
                0x10001eec       0x24 CMakeFiles/Firmware.dir/C_/Users/nahue/.pico-sdk/sdk/2.1.1/src/rp2_common/pico_double/double_aeabi_dcp.S.obj
                0x10001ef4                uint2double
                0x10001ef4                __wrap___aeabi_ui2d
 .text.__wrap___aeabi_d2iz
                0x10001f10       0x24 CMakeFiles/Firmware.dir/C_/Users/nahue/.pico-sdk/sdk/2.1.1/src/rp2_common/pico_double/double_aeabi_dcp.S.obj
                0x10001f18                double2int_z
                0x10001f18                __wrap___aeabi_d2iz
 .text.__wrap___aeabi_d2uiz
                0x10001f34       0x24 CMakeFiles/Firmware.dir/C_/Users/nahue/.pico-sdk/sdk/2.1.1/src/rp2_common/pico_double/double_aeabi_dcp.S.obj
                0x10001f3c                double2uint
                0x10001f3c                __wrap___aeabi_d2uiz
                0x10001f3c                double2uint_z
 .text.__wrap___aeabi_dcmpun
                0x10001f58       0x24 CMakeFiles/Firmware.dir/C_/Users/nahue/.pico-sdk/sdk/2.1.1/src/rp2_common/pico_double/double_aeabi_dcp.S.obj
                0x10001f60                __wrap___aeabi_dcmpun
 .text.__wrap___aeabi_dcmplt
                0x10001f7c       0x28 CMakeFiles/Firmware.dir/C_/Users/nahue/.pico-sdk/sdk/2.1.1/src/rp2_common/pico_double/double_aeabi_dcp.S.obj
                0x10001f84                __wrap___aeabi_dcmplt
 .text.__wrap___aeabi_dcmple
                0x10001fa4       0x28 CMakeFiles/Firmware.dir/C_/Users/nahue/.pico-sdk/sdk/2.1.1/src/rp2_common/pico_double/double_aeabi_dcp.S.obj
                0x10001fac                __wrap___aeabi_dcmple
 .text.__wrap___aeabi_dcmpge
                0x10001fcc       0x28 CMakeFiles/Firmware.dir/C_/Users/nahue/.pico-sdk/sdk/2.1.1/src/rp2_common/pico_double/double_aeabi_dcp.S.obj
                0x10001fd4                __wrap___aeabi_dcmpge
 .text.__wrap___aeabi_dcmpgt
                0x10001ff4       0x28 CMakeFiles/Firmware.dir/C_/Users/nahue/.pico-sdk/sdk/2.1.1/src/rp2_common/pico_double/double_aeabi_dcp.S.obj
                0x10001ffc                __wrap___aeabi_dcmpgt
 .text.__wrap_conv_tof
                0x1000201c      0x1d4 CMakeFiles/Firmware.dir/C_/Users/nahue/.pico-sdk/sdk/2.1.1/src/rp2_common/pico_float/float_common_m33.S.obj
                0x1000201c                __wrap___aeabi_l2f
                0x1000201c                int642float
                0x1000201e                fix642float
                0x100020ac                fix2float
                0x10002118                ufix2float
                0x10002174                uint642float
                0x10002174                __wrap___aeabi_ul2f
                0x10002176                ufix642float
 .text.__wrap_malloc
                0x100021f0       0x24 CMakeFiles/Firmware.dir/C_/Users/nahue/.pico-sdk/sdk/2.1.1/src/rp2_common/pico_malloc/malloc.c.obj
                0x100021f0                __wrap_malloc
 .text.__wrap_free
                0x10002214        0x4 CMakeFiles/Firmware.dir/C_/Users/nahue/.pico-sdk/sdk/2.1.1/src/rp2_common/pico_malloc/malloc.c.obj
                0x10002214                __wrap_free
 .text._out_buffer
                0x10002218        0x8 CMakeFiles/Firmware.dir/C_/Users/nahue/.pico-sdk/sdk/2.1.1/src/rp2_common/pico_printf/printf.c.obj
 .text._out_null
                0x10002220        0x4 CMakeFiles/Firmware.dir/C_/Users/nahue/.pico-sdk/sdk/2.1.1/src/rp2_common/pico_printf/printf.c.obj
 .text._out_rev
                0x10002224       0x9c CMakeFiles/Firmware.dir/C_/Users/nahue/.pico-sdk/sdk/2.1.1/src/rp2_common/pico_printf/printf.c.obj
 .text._ntoa_format
                0x100022c0      0x1d4 CMakeFiles/Firmware.dir/C_/Users/nahue/.pico-sdk/sdk/2.1.1/src/rp2_common/pico_printf/printf.c.obj
 .text._out_char
                0x10002494        0x8 CMakeFiles/Firmware.dir/C_/Users/nahue/.pico-sdk/sdk/2.1.1/src/rp2_common/pico_printf/printf.c.obj
 *fill*         0x1000249c        0x4 
 .text._ftoa    0x100024a0      0x4bc CMakeFiles/Firmware.dir/C_/Users/nahue/.pico-sdk/sdk/2.1.1/src/rp2_common/pico_printf/printf.c.obj
 *fill*         0x1000295c        0x4 
 .text._etoa    0x10002960      0x574 CMakeFiles/Firmware.dir/C_/Users/nahue/.pico-sdk/sdk/2.1.1/src/rp2_common/pico_printf/printf.c.obj
 .text._vsnprintf
                0x10002ed4      0x9e4 CMakeFiles/Firmware.dir/C_/Users/nahue/.pico-sdk/sdk/2.1.1/src/rp2_common/pico_printf/printf.c.obj
 .text.__wrap_sprintf
                0x100038b8       0x2c CMakeFiles/Firmware.dir/C_/Users/nahue/.pico-sdk/sdk/2.1.1/src/rp2_common/pico_printf/printf.c.obj
                0x100038b8                __wrap_sprintf
 .text.weak_raw_vprintf
                0x100038e4       0x30 CMakeFiles/Firmware.dir/C_/Users/nahue/.pico-sdk/sdk/2.1.1/src/rp2_common/pico_printf/printf.c.obj
                0x100038e4                weak_raw_vprintf
 .text._exit    0x10003914        0x4 CMakeFiles/Firmware.dir/8fd8c7fd2e19d6fa6d9ff96b54816ead/rp2_common/pico_clib_interface/newlib_interface.c.obj
                0x10003914                _exit
 .text._sbrk    0x10003918       0x2c CMakeFiles/Firmware.dir/8fd8c7fd2e19d6fa6d9ff96b54816ead/rp2_common/pico_clib_interface/newlib_interface.c.obj
                0x10003918                _sbrk
 .text.exit     0x10003944        0x8 CMakeFiles/Firmware.dir/8fd8c7fd2e19d6fa6d9ff96b54816ead/rp2_common/pico_clib_interface/newlib_interface.c.obj
                0x10003944                exit
 .text.runtime_init
                0x1000394c       0x24 CMakeFiles/Firmware.dir/8fd8c7fd2e19d6fa6d9ff96b54816ead/rp2_common/pico_clib_interface/newlib_interface.c.obj
                0x1000394c                runtime_init
 .text.stdio_out_chars_no_crlf
                0x10003970        0x8 CMakeFiles/Firmware.dir/C_/Users/nahue/.pico-sdk/sdk/2.1.1/src/rp2_common/pico_stdio/stdio.c.obj
 .text.stdio_out_chars_crlf
                0x10003978       0xb0 CMakeFiles/Firmware.dir/C_/Users/nahue/.pico-sdk/sdk/2.1.1/src/rp2_common/pico_stdio/stdio.c.obj
 .text.stdio_put_string
                0x10003a28       0xec CMakeFiles/Firmware.dir/C_/Users/nahue/.pico-sdk/sdk/2.1.1/src/rp2_common/pico_stdio/stdio.c.obj
                0x10003a28                stdio_put_string
 .text.stdio_set_driver_enabled
                0x10003b14       0x28 CMakeFiles/Firmware.dir/C_/Users/nahue/.pico-sdk/sdk/2.1.1/src/rp2_common/pico_stdio/stdio.c.obj
                0x10003b14                stdio_set_driver_enabled
 .text.stdio_init_all
                0x10003b3c        0x4 CMakeFiles/Firmware.dir/C_/Users/nahue/.pico-sdk/sdk/2.1.1/src/rp2_common/pico_stdio/stdio.c.obj
                0x10003b3c                stdio_init_all
 .text.__wrap_putchar
                0x10003b40       0x84 CMakeFiles/Firmware.dir/C_/Users/nahue/.pico-sdk/sdk/2.1.1/src/rp2_common/pico_stdio/stdio.c.obj
                0x10003b40                __wrap_putchar
                0x10003b40                stdio_putchar
 .text.__wrap_puts
                0x10003bc4       0x3c CMakeFiles/Firmware.dir/C_/Users/nahue/.pico-sdk/sdk/2.1.1/src/rp2_common/pico_stdio/stdio.c.obj
                0x10003bc4                stdio_puts
                0x10003bc4                __wrap_puts
 .text.resetd_init
                0x10003c00        0x4 CMakeFiles/Firmware.dir/C_/Users/nahue/.pico-sdk/sdk/2.1.1/src/rp2_common/pico_stdio_usb/reset_interface.c.obj
 .text.resetd_reset
                0x10003c04        0xc CMakeFiles/Firmware.dir/C_/Users/nahue/.pico-sdk/sdk/2.1.1/src/rp2_common/pico_stdio_usb/reset_interface.c.obj
 .text.resetd_open
                0x10003c10       0x28 CMakeFiles/Firmware.dir/C_/Users/nahue/.pico-sdk/sdk/2.1.1/src/rp2_common/pico_stdio_usb/reset_interface.c.obj
 .text.resetd_xfer_cb
                0x10003c38        0x4 CMakeFiles/Firmware.dir/C_/Users/nahue/.pico-sdk/sdk/2.1.1/src/rp2_common/pico_stdio_usb/reset_interface.c.obj
 .text.resetd_control_xfer_cb
                0x10003c3c       0x50 CMakeFiles/Firmware.dir/C_/Users/nahue/.pico-sdk/sdk/2.1.1/src/rp2_common/pico_stdio_usb/reset_interface.c.obj
 .text.tud_descriptor_bos_cb
                0x10003c8c        0x8 CMakeFiles/Firmware.dir/C_/Users/nahue/.pico-sdk/sdk/2.1.1/src/rp2_common/pico_stdio_usb/reset_interface.c.obj
                0x10003c8c                tud_descriptor_bos_cb
 .text.tud_vendor_control_xfer_cb
                0x10003c94       0x28 CMakeFiles/Firmware.dir/C_/Users/nahue/.pico-sdk/sdk/2.1.1/src/rp2_common/pico_stdio_usb/reset_interface.c.obj
                0x10003c94                tud_vendor_control_xfer_cb
 .text.usbd_app_driver_get_cb
                0x10003cbc       0x10 CMakeFiles/Firmware.dir/C_/Users/nahue/.pico-sdk/sdk/2.1.1/src/rp2_common/pico_stdio_usb/reset_interface.c.obj
                0x10003cbc                usbd_app_driver_get_cb
 .text.tud_cdc_line_coding_cb
                0x10003ccc       0x18 CMakeFiles/Firmware.dir/C_/Users/nahue/.pico-sdk/sdk/2.1.1/src/rp2_common/pico_stdio_usb/reset_interface.c.obj
                0x10003ccc                tud_cdc_line_coding_cb
 .text.stdio_usb_set_chars_available_callback
                0x10003ce4       0x14 CMakeFiles/Firmware.dir/C_/Users/nahue/.pico-sdk/sdk/2.1.1/src/rp2_common/pico_stdio_usb/stdio_usb.c.obj
                0x10003ce4                stdio_usb_set_chars_available_callback
 .text.timer_task
                0x10003cf8       0x70 CMakeFiles/Firmware.dir/C_/Users/nahue/.pico-sdk/sdk/2.1.1/src/rp2_common/pico_stdio_usb/stdio_usb.c.obj
 .text.usb_irq  0x10003d68        0xc CMakeFiles/Firmware.dir/C_/Users/nahue/.pico-sdk/sdk/2.1.1/src/rp2_common/pico_stdio_usb/stdio_usb.c.obj
 .text.stdio_usb_in_chars
                0x10003d74       0x88 CMakeFiles/Firmware.dir/C_/Users/nahue/.pico-sdk/sdk/2.1.1/src/rp2_common/pico_stdio_usb/stdio_usb.c.obj
                0x10003d74                stdio_usb_in_chars
 .text.stdio_usb_out_flush
                0x10003dfc       0x54 CMakeFiles/Firmware.dir/C_/Users/nahue/.pico-sdk/sdk/2.1.1/src/rp2_common/pico_stdio_usb/stdio_usb.c.obj
 .text.stdio_usb_out_chars
                0x10003e50       0xf4 CMakeFiles/Firmware.dir/C_/Users/nahue/.pico-sdk/sdk/2.1.1/src/rp2_common/pico_stdio_usb/stdio_usb.c.obj
 .text.low_priority_worker_irq
                0x10003f44       0xd8 CMakeFiles/Firmware.dir/C_/Users/nahue/.pico-sdk/sdk/2.1.1/src/rp2_common/pico_stdio_usb/stdio_usb.c.obj
 .text.stdio_usb_init
                0x1000401c       0xe8 CMakeFiles/Firmware.dir/C_/Users/nahue/.pico-sdk/sdk/2.1.1/src/rp2_common/pico_stdio_usb/stdio_usb.c.obj
                0x1000401c                stdio_usb_init
 .text.tud_descriptor_device_cb
                0x10004104        0x8 CMakeFiles/Firmware.dir/8fd8c7fd2e19d6fa6d9ff96b54816ead/rp2_common/pico_stdio_usb/stdio_usb_descriptors.c.obj
                0x10004104                tud_descriptor_device_cb
 .text.tud_descriptor_configuration_cb
                0x1000410c        0x8 CMakeFiles/Firmware.dir/8fd8c7fd2e19d6fa6d9ff96b54816ead/rp2_common/pico_stdio_usb/stdio_usb_descriptors.c.obj
                0x1000410c                tud_descriptor_configuration_cb
 .text.tud_descriptor_string_cb
                0x10004114       0x70 CMakeFiles/Firmware.dir/8fd8c7fd2e19d6fa6d9ff96b54816ead/rp2_common/pico_stdio_usb/stdio_usb_descriptors.c.obj
                0x10004114                tud_descriptor_string_cb
 .text.startup._retrieve_unique_id_on_boot
                0x10004184       0x30 CMakeFiles/Firmware.dir/C_/Users/nahue/.pico-sdk/sdk/2.1.1/src/rp2_common/pico_unique_id/unique_id.c.obj
 .text.pico_get_unique_board_id_string
                0x100041b4      0x184 CMakeFiles/Firmware.dir/C_/Users/nahue/.pico-sdk/sdk/2.1.1/src/rp2_common/pico_unique_id/unique_id.c.obj
                0x100041b4                pico_get_unique_board_id_string
 .text.dcd_init
                0x10004338       0x8c CMakeFiles/Firmware.dir/fa1e09513c46e2db4561adeaa5e58733/src/portable/raspberrypi/rp2040/dcd_rp2040.c.obj
                0x10004338                dcd_init
 .text.dcd_int_enable
                0x100043c4        0x8 CMakeFiles/Firmware.dir/fa1e09513c46e2db4561adeaa5e58733/src/portable/raspberrypi/rp2040/dcd_rp2040.c.obj
                0x100043c4                dcd_int_enable
 .text.dcd_set_address
                0x100043cc       0x10 CMakeFiles/Firmware.dir/fa1e09513c46e2db4561adeaa5e58733/src/portable/raspberrypi/rp2040/dcd_rp2040.c.obj
                0x100043cc                dcd_set_address
 .text.dcd_sof_enable
                0x100043dc       0x1c CMakeFiles/Firmware.dir/fa1e09513c46e2db4561adeaa5e58733/src/portable/raspberrypi/rp2040/dcd_rp2040.c.obj
                0x100043dc                dcd_sof_enable
 .text.dcd_edpt0_status_complete
                0x100043f8       0x1c CMakeFiles/Firmware.dir/fa1e09513c46e2db4561adeaa5e58733/src/portable/raspberrypi/rp2040/dcd_rp2040.c.obj
                0x100043f8                dcd_edpt0_status_complete
 .text.dcd_edpt_open
                0x10004414      0x104 CMakeFiles/Firmware.dir/fa1e09513c46e2db4561adeaa5e58733/src/portable/raspberrypi/rp2040/dcd_rp2040.c.obj
                0x10004414                dcd_edpt_open
 .text.dcd_edpt_close_all
                0x10004518        0x4 CMakeFiles/Firmware.dir/fa1e09513c46e2db4561adeaa5e58733/src/portable/raspberrypi/rp2040/dcd_rp2040.c.obj
                0x10004518                dcd_edpt_close_all
 .text.dcd_edpt_xfer
                0x1000451c       0x28 CMakeFiles/Firmware.dir/fa1e09513c46e2db4561adeaa5e58733/src/portable/raspberrypi/rp2040/dcd_rp2040.c.obj
                0x1000451c                dcd_edpt_xfer
 .text.dcd_edpt_stall
                0x10004544       0x30 CMakeFiles/Firmware.dir/fa1e09513c46e2db4561adeaa5e58733/src/portable/raspberrypi/rp2040/dcd_rp2040.c.obj
                0x10004544                dcd_edpt_stall
 .text.dcd_edpt_clear_stall
                0x10004574       0x24 CMakeFiles/Firmware.dir/fa1e09513c46e2db4561adeaa5e58733/src/portable/raspberrypi/rp2040/dcd_rp2040.c.obj
                0x10004574                dcd_edpt_clear_stall
 .text.rp2040_usb_init
                0x10004598       0x40 CMakeFiles/Firmware.dir/fa1e09513c46e2db4561adeaa5e58733/src/portable/raspberrypi/rp2040/rp2040_usb.c.obj
                0x10004598                rp2040_usb_init
 .text.hw_endpoint_xfer_start
                0x100045d8       0x40 CMakeFiles/Firmware.dir/fa1e09513c46e2db4561adeaa5e58733/src/portable/raspberrypi/rp2040/rp2040_usb.c.obj
                0x100045d8                hw_endpoint_xfer_start
 .text.configuration_reset
                0x10004618       0x8c CMakeFiles/Firmware.dir/C_/Users/nahue/.pico-sdk/sdk/2.1.1/lib/tinyusb/src/device/usbd.c.obj
 .text.tud_event_hook_cb
                0x100046a4        0x4 CMakeFiles/Firmware.dir/C_/Users/nahue/.pico-sdk/sdk/2.1.1/lib/tinyusb/src/device/usbd.c.obj
                0x100046a4                tud_event_hook_cb
 .text.tud_sof_cb
                0x100046a8        0x4 CMakeFiles/Firmware.dir/C_/Users/nahue/.pico-sdk/sdk/2.1.1/lib/tinyusb/src/device/usbd.c.obj
                0x100046a8                tud_sof_cb
 .text.tud_descriptor_device_qualifier_cb
                0x100046ac        0x4 CMakeFiles/Firmware.dir/C_/Users/nahue/.pico-sdk/sdk/2.1.1/lib/tinyusb/src/device/usbd.c.obj
                0x100046ac                tud_descriptor_device_qualifier_cb
 .text.tud_descriptor_other_speed_configuration_cb
                0x100046b0        0x4 CMakeFiles/Firmware.dir/C_/Users/nahue/.pico-sdk/sdk/2.1.1/lib/tinyusb/src/device/usbd.c.obj
                0x100046b0                tud_descriptor_other_speed_configuration_cb
 .text.tud_mount_cb
                0x100046b4        0x4 CMakeFiles/Firmware.dir/C_/Users/nahue/.pico-sdk/sdk/2.1.1/lib/tinyusb/src/device/usbd.c.obj
                0x100046b4                tud_mount_cb
 .text.tud_umount_cb
                0x100046b8        0x4 CMakeFiles/Firmware.dir/C_/Users/nahue/.pico-sdk/sdk/2.1.1/lib/tinyusb/src/device/usbd.c.obj
                0x100046b8                tud_umount_cb
 .text.tud_suspend_cb
                0x100046bc        0x4 CMakeFiles/Firmware.dir/C_/Users/nahue/.pico-sdk/sdk/2.1.1/lib/tinyusb/src/device/usbd.c.obj
                0x100046bc                tud_suspend_cb
 .text.tud_resume_cb
                0x100046c0        0x4 CMakeFiles/Firmware.dir/C_/Users/nahue/.pico-sdk/sdk/2.1.1/lib/tinyusb/src/device/usbd.c.obj
                0x100046c0                tud_resume_cb
 .text.tud_mounted
                0x100046c4       0x10 CMakeFiles/Firmware.dir/C_/Users/nahue/.pico-sdk/sdk/2.1.1/lib/tinyusb/src/device/usbd.c.obj
                0x100046c4                tud_mounted
 .text.tud_suspended
                0x100046d4       0x10 CMakeFiles/Firmware.dir/C_/Users/nahue/.pico-sdk/sdk/2.1.1/lib/tinyusb/src/device/usbd.c.obj
                0x100046d4                tud_suspended
 .text.tud_rhport_init
                0x100046e4       0xf4 CMakeFiles/Firmware.dir/C_/Users/nahue/.pico-sdk/sdk/2.1.1/lib/tinyusb/src/device/usbd.c.obj
                0x100046e4                tud_rhport_init
 .text.tud_task_ext
                0x100047d8      0x784 CMakeFiles/Firmware.dir/C_/Users/nahue/.pico-sdk/sdk/2.1.1/lib/tinyusb/src/device/usbd.c.obj
                0x100047d8                tud_task_ext
 .text.usbd_open_edpt_pair
                0x10004f5c       0x9c CMakeFiles/Firmware.dir/C_/Users/nahue/.pico-sdk/sdk/2.1.1/lib/tinyusb/src/device/usbd.c.obj
                0x10004f5c                usbd_open_edpt_pair
 .text.usbd_edpt_open
                0x10004ff8       0x44 CMakeFiles/Firmware.dir/C_/Users/nahue/.pico-sdk/sdk/2.1.1/lib/tinyusb/src/device/usbd.c.obj
                0x10004ff8                usbd_edpt_open
 .text.usbd_edpt_claim
                0x1000503c       0x24 CMakeFiles/Firmware.dir/C_/Users/nahue/.pico-sdk/sdk/2.1.1/lib/tinyusb/src/device/usbd.c.obj
                0x1000503c                usbd_edpt_claim
 .text.usbd_edpt_release
                0x10005060       0x24 CMakeFiles/Firmware.dir/C_/Users/nahue/.pico-sdk/sdk/2.1.1/lib/tinyusb/src/device/usbd.c.obj
                0x10005060                usbd_edpt_release
 .text.usbd_edpt_xfer
                0x10005084       0x70 CMakeFiles/Firmware.dir/C_/Users/nahue/.pico-sdk/sdk/2.1.1/lib/tinyusb/src/device/usbd.c.obj
                0x10005084                usbd_edpt_xfer
 .text.tud_control_status
                0x100050f4       0x34 CMakeFiles/Firmware.dir/C_/Users/nahue/.pico-sdk/sdk/2.1.1/lib/tinyusb/src/device/usbd_control.c.obj
                0x100050f4                tud_control_status
 .text.tud_control_xfer
                0x10005128       0xb0 CMakeFiles/Firmware.dir/C_/Users/nahue/.pico-sdk/sdk/2.1.1/lib/tinyusb/src/device/usbd_control.c.obj
                0x10005128                tud_control_xfer
 .text.usbd_control_reset
                0x100051d8       0x14 CMakeFiles/Firmware.dir/C_/Users/nahue/.pico-sdk/sdk/2.1.1/lib/tinyusb/src/device/usbd_control.c.obj
                0x100051d8                usbd_control_reset
 .text.usbd_control_set_complete_callback
                0x100051ec        0xc CMakeFiles/Firmware.dir/C_/Users/nahue/.pico-sdk/sdk/2.1.1/lib/tinyusb/src/device/usbd_control.c.obj
                0x100051ec                usbd_control_set_complete_callback
 .text.usbd_control_set_request
                0x100051f8       0x1c CMakeFiles/Firmware.dir/C_/Users/nahue/.pico-sdk/sdk/2.1.1/lib/tinyusb/src/device/usbd_control.c.obj
                0x100051f8                usbd_control_set_request
 .text.usbd_control_xfer_cb
                0x10005214      0x100 CMakeFiles/Firmware.dir/C_/Users/nahue/.pico-sdk/sdk/2.1.1/lib/tinyusb/src/device/usbd_control.c.obj
                0x10005214                usbd_control_xfer_cb
 .text._prep_out_transaction.isra.0
                0x10005314       0x74 CMakeFiles/Firmware.dir/C_/Users/nahue/.pico-sdk/sdk/2.1.1/lib/tinyusb/src/class/cdc/cdc_device.c.obj
 .text.tud_cdc_n_connected
                0x10005388       0x2c CMakeFiles/Firmware.dir/C_/Users/nahue/.pico-sdk/sdk/2.1.1/lib/tinyusb/src/class/cdc/cdc_device.c.obj
                0x10005388                tud_cdc_n_connected
 .text.tud_cdc_n_available
                0x100053b4       0x14 CMakeFiles/Firmware.dir/C_/Users/nahue/.pico-sdk/sdk/2.1.1/lib/tinyusb/src/class/cdc/cdc_device.c.obj
                0x100053b4                tud_cdc_n_available
 .text.tud_cdc_n_read
                0x100053c8       0x90 CMakeFiles/Firmware.dir/C_/Users/nahue/.pico-sdk/sdk/2.1.1/lib/tinyusb/src/class/cdc/cdc_device.c.obj
                0x100053c8                tud_cdc_n_read
 .text.tud_cdc_n_write_flush
                0x10005458       0x8c CMakeFiles/Firmware.dir/C_/Users/nahue/.pico-sdk/sdk/2.1.1/lib/tinyusb/src/class/cdc/cdc_device.c.obj
                0x10005458                tud_cdc_n_write_flush
 .text.tud_cdc_n_write
                0x100054e4       0x40 CMakeFiles/Firmware.dir/C_/Users/nahue/.pico-sdk/sdk/2.1.1/lib/tinyusb/src/class/cdc/cdc_device.c.obj
                0x100054e4                tud_cdc_n_write
 .text.tud_cdc_n_write_available
                0x10005524       0x14 CMakeFiles/Firmware.dir/C_/Users/nahue/.pico-sdk/sdk/2.1.1/lib/tinyusb/src/class/cdc/cdc_device.c.obj
                0x10005524                tud_cdc_n_write_available
 .text.cdcd_init
                0x10005538       0x70 CMakeFiles/Firmware.dir/C_/Users/nahue/.pico-sdk/sdk/2.1.1/lib/tinyusb/src/class/cdc/cdc_device.c.obj
                0x10005538                cdcd_init
 .text.cdcd_deinit
                0x100055a8       0x30 CMakeFiles/Firmware.dir/C_/Users/nahue/.pico-sdk/sdk/2.1.1/lib/tinyusb/src/class/cdc/cdc_device.c.obj
                0x100055a8                cdcd_deinit
 .text.cdcd_reset
                0x100055d8       0x4c CMakeFiles/Firmware.dir/C_/Users/nahue/.pico-sdk/sdk/2.1.1/lib/tinyusb/src/class/cdc/cdc_device.c.obj
                0x100055d8                cdcd_reset
 .text.cdcd_open
                0x10005624       0xc0 CMakeFiles/Firmware.dir/C_/Users/nahue/.pico-sdk/sdk/2.1.1/lib/tinyusb/src/class/cdc/cdc_device.c.obj
                0x10005624                cdcd_open
 .text.cdcd_control_xfer_cb
                0x100056e4       0xc0 CMakeFiles/Firmware.dir/C_/Users/nahue/.pico-sdk/sdk/2.1.1/lib/tinyusb/src/class/cdc/cdc_device.c.obj
                0x100056e4                cdcd_control_xfer_cb
 .text.cdcd_xfer_cb
                0x100057a4       0xf8 CMakeFiles/Firmware.dir/C_/Users/nahue/.pico-sdk/sdk/2.1.1/lib/tinyusb/src/class/cdc/cdc_device.c.obj
                0x100057a4                cdcd_xfer_cb
 .text.vendord_init
                0x1000589c       0x5c CMakeFiles/Firmware.dir/C_/Users/nahue/.pico-sdk/sdk/2.1.1/lib/tinyusb/src/class/vendor/vendor_device.c.obj
                0x1000589c                vendord_init
 .text.vendord_deinit
                0x100058f8       0x1c CMakeFiles/Firmware.dir/C_/Users/nahue/.pico-sdk/sdk/2.1.1/lib/tinyusb/src/class/vendor/vendor_device.c.obj
                0x100058f8                vendord_deinit
 .text.vendord_reset
                0x10005914       0x24 CMakeFiles/Firmware.dir/C_/Users/nahue/.pico-sdk/sdk/2.1.1/lib/tinyusb/src/class/vendor/vendor_device.c.obj
                0x10005914                vendord_reset
 .text.vendord_open
                0x10005938       0xf4 CMakeFiles/Firmware.dir/C_/Users/nahue/.pico-sdk/sdk/2.1.1/lib/tinyusb/src/class/vendor/vendor_device.c.obj
                0x10005938                vendord_open
 .text.vendord_xfer_cb
                0x10005a2c       0x88 CMakeFiles/Firmware.dir/C_/Users/nahue/.pico-sdk/sdk/2.1.1/lib/tinyusb/src/class/vendor/vendor_device.c.obj
                0x10005a2c                vendord_xfer_cb
 .text.tusb_rhport_init
                0x10005ab4       0x64 CMakeFiles/Firmware.dir/C_/Users/nahue/.pico-sdk/sdk/2.1.1/lib/tinyusb/src/tusb.c.obj
                0x10005ab4                tusb_rhport_init
 .text.tu_edpt_claim
                0x10005b18       0x54 CMakeFiles/Firmware.dir/C_/Users/nahue/.pico-sdk/sdk/2.1.1/lib/tinyusb/src/tusb.c.obj
                0x10005b18                tu_edpt_claim
 .text.tu_edpt_release
                0x10005b6c       0x38 CMakeFiles/Firmware.dir/C_/Users/nahue/.pico-sdk/sdk/2.1.1/lib/tinyusb/src/tusb.c.obj
                0x10005b6c                tu_edpt_release
 .text.tu_edpt_validate
                0x10005ba4       0x60 CMakeFiles/Firmware.dir/C_/Users/nahue/.pico-sdk/sdk/2.1.1/lib/tinyusb/src/tusb.c.obj
                0x10005ba4                tu_edpt_validate
 .text.tu_edpt_bind_driver
                0x10005c04       0x58 CMakeFiles/Firmware.dir/C_/Users/nahue/.pico-sdk/sdk/2.1.1/lib/tinyusb/src/tusb.c.obj
                0x10005c04                tu_edpt_bind_driver
 .text.tu_edpt_stream_init
                0x10005c5c       0x58 CMakeFiles/Firmware.dir/C_/Users/nahue/.pico-sdk/sdk/2.1.1/lib/tinyusb/src/tusb.c.obj
                0x10005c5c                tu_edpt_stream_init
 .text.tu_edpt_stream_deinit
                0x10005cb4        0x4 CMakeFiles/Firmware.dir/C_/Users/nahue/.pico-sdk/sdk/2.1.1/lib/tinyusb/src/tusb.c.obj
                0x10005cb4                tu_edpt_stream_deinit
 .text.tu_edpt_stream_write_zlp_if_needed
                0x10005cb8       0x68 CMakeFiles/Firmware.dir/C_/Users/nahue/.pico-sdk/sdk/2.1.1/lib/tinyusb/src/tusb.c.obj
                0x10005cb8                tu_edpt_stream_write_zlp_if_needed
 .text.tu_edpt_stream_write_xfer
                0x10005d20       0x70 CMakeFiles/Firmware.dir/C_/Users/nahue/.pico-sdk/sdk/2.1.1/lib/tinyusb/src/tusb.c.obj
                0x10005d20                tu_edpt_stream_write_xfer
 .text.tu_edpt_stream_read_xfer
                0x10005d90       0xc8 CMakeFiles/Firmware.dir/C_/Users/nahue/.pico-sdk/sdk/2.1.1/lib/tinyusb/src/tusb.c.obj
                0x10005d90                tu_edpt_stream_read_xfer
 .text.tu_fifo_config
                0x10005e58       0x60 CMakeFiles/Firmware.dir/C_/Users/nahue/.pico-sdk/sdk/2.1.1/lib/tinyusb/src/common/tusb_fifo.c.obj
                0x10005e58                tu_fifo_config
 .text.tu_fifo_count
                0x10005eb8       0x20 CMakeFiles/Firmware.dir/C_/Users/nahue/.pico-sdk/sdk/2.1.1/lib/tinyusb/src/common/tusb_fifo.c.obj
                0x10005eb8                tu_fifo_count
 .text.tu_fifo_empty
                0x10005ed8       0x14 CMakeFiles/Firmware.dir/C_/Users/nahue/.pico-sdk/sdk/2.1.1/lib/tinyusb/src/common/tusb_fifo.c.obj
                0x10005ed8                tu_fifo_empty
 .text.tu_fifo_remaining
                0x10005eec       0x24 CMakeFiles/Firmware.dir/C_/Users/nahue/.pico-sdk/sdk/2.1.1/lib/tinyusb/src/common/tusb_fifo.c.obj
                0x10005eec                tu_fifo_remaining
 .text.tu_fifo_read
                0x10005f10       0x94 CMakeFiles/Firmware.dir/C_/Users/nahue/.pico-sdk/sdk/2.1.1/lib/tinyusb/src/common/tusb_fifo.c.obj
                0x10005f10                tu_fifo_read
 .text.tu_fifo_read_n
                0x10005fa4       0xd8 CMakeFiles/Firmware.dir/C_/Users/nahue/.pico-sdk/sdk/2.1.1/lib/tinyusb/src/common/tusb_fifo.c.obj
                0x10005fa4                tu_fifo_read_n
 .text.tu_fifo_write
                0x1000607c       0xa4 CMakeFiles/Firmware.dir/C_/Users/nahue/.pico-sdk/sdk/2.1.1/lib/tinyusb/src/common/tusb_fifo.c.obj
                0x1000607c                tu_fifo_write
 .text.tu_fifo_write_n
                0x10006120      0x15c CMakeFiles/Firmware.dir/C_/Users/nahue/.pico-sdk/sdk/2.1.1/lib/tinyusb/src/common/tusb_fifo.c.obj
                0x10006120                tu_fifo_write_n
 .text.tu_fifo_clear
                0x1000627c       0x38 CMakeFiles/Firmware.dir/C_/Users/nahue/.pico-sdk/sdk/2.1.1/lib/tinyusb/src/common/tusb_fifo.c.obj
                0x1000627c                tu_fifo_clear
 .text.tu_fifo_set_overwritable
                0x100062b4       0x3c CMakeFiles/Firmware.dir/C_/Users/nahue/.pico-sdk/sdk/2.1.1/lib/tinyusb/src/common/tusb_fifo.c.obj
                0x100062b4                tu_fifo_set_overwritable
 .text.exception_set_exclusive_handler
                0x100062f0       0x4c CMakeFiles/Firmware.dir/C_/Users/nahue/.pico-sdk/sdk/2.1.1/src/rp2_common/hardware_exception/exception.c.obj
                0x100062f0                exception_set_exclusive_handler
 .text.i2c_write_blocking_internal.constprop.0
                0x1000633c       0x9c CMakeFiles/Firmware.dir/C_/Users/nahue/.pico-sdk/sdk/2.1.1/src/rp2_common/hardware_i2c/i2c.c.obj
 .text.i2c_set_baudrate
                0x100063d8       0xa4 CMakeFiles/Firmware.dir/C_/Users/nahue/.pico-sdk/sdk/2.1.1/src/rp2_common/hardware_i2c/i2c.c.obj
                0x100063d8                i2c_set_baudrate
 .text.i2c_init
                0x1000647c       0x4c CMakeFiles/Firmware.dir/C_/Users/nahue/.pico-sdk/sdk/2.1.1/src/rp2_common/hardware_i2c/i2c.c.obj
                0x1000647c                i2c_init
 .text.i2c_write_blocking
                0x100064c8       0x10 CMakeFiles/Firmware.dir/C_/Users/nahue/.pico-sdk/sdk/2.1.1/src/rp2_common/hardware_i2c/i2c.c.obj
                0x100064c8                i2c_write_blocking
 .text.prvCopyDataToQueue
                0x100064d8       0x78 freertos/libfreertos.a(queue.c.obj)
 .text.xQueueGenericCreate
                0x10006550       0x78 freertos/libfreertos.a(queue.c.obj)
                0x10006550                xQueueGenericCreate
 .text.xQueueGenericSend
                0x100065c8      0x280 freertos/libfreertos.a(queue.c.obj)
                0x100065c8                xQueueGenericSend
 .text.xQueueCreateMutex
                0x10006848       0x68 freertos/libfreertos.a(queue.c.obj)
                0x10006848                xQueueCreateMutex
 .text.xQueueReceive
                0x100068b0      0x288 freertos/libfreertos.a(queue.c.obj)
                0x100068b0                xQueueReceive
 .text.xQueueSemaphoreTake
                0x10006b38      0x2c0 freertos/libfreertos.a(queue.c.obj)
                0x10006b38                xQueueSemaphoreTake
 .text.vQueueAddToRegistry
                0x10006df8      0x180 freertos/libfreertos.a(queue.c.obj)
                0x10006df8                vQueueAddToRegistry
 .text.vQueueWaitForMessageRestricted
                0x10006f78       0xc8 freertos/libfreertos.a(queue.c.obj)
                0x10006f78                vQueueWaitForMessageRestricted
 .text.prvAddNewTaskToReadyList
                0x10007040      0x118 freertos/libfreertos.a(tasks.c.obj)
 .text.prvIdleTask
                0x10007158       0x5c freertos/libfreertos.a(tasks.c.obj)
 .text.xTaskIncrementTick.part.0
                0x100071b4      0x15c freertos/libfreertos.a(tasks.c.obj)
 .text.xTaskCreate
                0x10007310      0x104 freertos/libfreertos.a(tasks.c.obj)
                0x10007310                xTaskCreate
 .text.vTaskDelete
                0x10007414       0xbc freertos/libfreertos.a(tasks.c.obj)
                0x10007414                vTaskDelete
 .text.vTaskStartScheduler
                0x100074d0       0xc0 freertos/libfreertos.a(tasks.c.obj)
                0x100074d0                vTaskStartScheduler
 .text.vTaskSuspendAll
                0x10007590       0x10 freertos/libfreertos.a(tasks.c.obj)
                0x10007590                vTaskSuspendAll
 .text.xTaskResumeAll
                0x100075a0      0x180 freertos/libfreertos.a(tasks.c.obj)
                0x100075a0                xTaskResumeAll
 .text.vTaskDelay
                0x10007720       0x84 freertos/libfreertos.a(tasks.c.obj)
                0x10007720                vTaskDelay
 .text.xTaskGetTickCount
                0x100077a4        0xc freertos/libfreertos.a(tasks.c.obj)
                0x100077a4                xTaskGetTickCount
 .text.xTaskIncrementTick
                0x100077b0       0x20 freertos/libfreertos.a(tasks.c.obj)
                0x100077b0                xTaskIncrementTick
 .text.vTaskSwitchContext
                0x100077d0       0xa4 freertos/libfreertos.a(tasks.c.obj)
                0x100077d0                vTaskSwitchContext
 .text.vTaskPlaceOnEventList
                0x10007874       0x98 freertos/libfreertos.a(tasks.c.obj)
                0x10007874                vTaskPlaceOnEventList
 .text.vTaskPlaceOnEventListRestricted
                0x1000790c       0xcc freertos/libfreertos.a(tasks.c.obj)
                0x1000790c                vTaskPlaceOnEventListRestricted
 .text.xTaskRemoveFromEventList
                0x100079d8       0xd0 freertos/libfreertos.a(tasks.c.obj)
                0x100079d8                xTaskRemoveFromEventList
 .text.vTaskInternalSetTimeOutState
                0x10007aa8       0x18 freertos/libfreertos.a(tasks.c.obj)
                0x10007aa8                vTaskInternalSetTimeOutState
 .text.xTaskCheckForTimeOut
                0x10007ac0       0x60 freertos/libfreertos.a(tasks.c.obj)
                0x10007ac0                xTaskCheckForTimeOut
 .text.vTaskMissedYield
                0x10007b20        0xc freertos/libfreertos.a(tasks.c.obj)
                0x10007b20                vTaskMissedYield
 .text.xTaskPriorityInherit
                0x10007b2c       0x90 freertos/libfreertos.a(tasks.c.obj)
                0x10007b2c                xTaskPriorityInherit
 .text.xTaskPriorityDisinherit
                0x10007bbc       0x6c freertos/libfreertos.a(tasks.c.obj)
                0x10007bbc                xTaskPriorityDisinherit
 .text.vTaskPriorityDisinheritAfterTimeout
                0x10007c28       0x78 freertos/libfreertos.a(tasks.c.obj)
                0x10007c28                vTaskPriorityDisinheritAfterTimeout
 .text.pvTaskIncrementMutexHeldCount
                0x10007ca0       0x14 freertos/libfreertos.a(tasks.c.obj)
                0x10007ca0                pvTaskIncrementMutexHeldCount
 .text.prvTimerTask
                0x10007cb4      0x350 freertos/libfreertos.a(timers.c.obj)
 .text.xTimerCreateTimerTask
                0x10008004       0x84 freertos/libfreertos.a(timers.c.obj)
                0x10008004                xTimerCreateTimerTask
 .text.pvPortMalloc
                0x10008088       0x18 freertos/libfreertos.a(heap_3.c.obj)
                0x10008088                pvPortMalloc
 .text.vPortFree
                0x100080a0       0x1c freertos/libfreertos.a(heap_3.c.obj)
                0x100080a0                vPortFree
 .text.prvTaskExitError
                0x100080bc       0x18 freertos/libfreertos.a(port.c.obj)
 .text.isr_systick
                0x100080d4       0x24 freertos/libfreertos.a(port.c.obj)
                0x100080d4                isr_systick
 .text.vPortSetupTimerInterrupt
                0x100080f8       0x2c freertos/libfreertos.a(port.c.obj)
                0x100080f8                vPortSetupTimerInterrupt
 .text.vPortYield
                0x10008124       0x18 freertos/libfreertos.a(port.c.obj)
                0x10008124                vPortYield
 .text.vPortEnterCritical
                0x1000813c       0x1c freertos/libfreertos.a(port.c.obj)
                0x1000813c                vPortEnterCritical
 .text.vPortExitCritical
                0x10008158       0x18 freertos/libfreertos.a(port.c.obj)
                0x10008158                vPortExitCritical
 .text.vPortSVCHandler_C
                0x10008170       0x2c freertos/libfreertos.a(port.c.obj)
                0x10008170                vPortSVCHandler_C
 .text.pxPortInitialiseStack
                0x1000819c       0x78 freertos/libfreertos.a(port.c.obj)
                0x1000819c                pxPortInitialiseStack
 .text.xPortStartScheduler
                0x10008214       0xdc freertos/libfreertos.a(port.c.obj)
                0x10008214                xPortStartScheduler
 .text.startup.prvRuntimeInitializer
                0x100082f0       0x24 freertos/libfreertos.a(port.c.obj)
 .text.vRestoreContextOfFirstTask
                0x10008314       0x2c freertos/libfreertos.a(portasm.c.obj)
                0x10008314                vRestoreContextOfFirstTask
 .text.vStartFirstTask
                0x10008340       0x10 freertos/libfreertos.a(portasm.c.obj)
                0x10008340                vStartFirstTask
 .text.ulSetInterruptMask
                0x10008350       0x18 freertos/libfreertos.a(portasm.c.obj)
                0x10008350                ulSetInterruptMask
 .text.vClearInterruptMask
                0x10008368       0x10 freertos/libfreertos.a(portasm.c.obj)
                0x10008368                vClearInterruptMask
 .text.isr_pendsv
                0x10008378       0x80 freertos/libfreertos.a(portasm.c.obj)
                0x10008378                isr_pendsv
 .text.isr_svcall
                0x100083f8       0x18 freertos/libfreertos.a(portasm.c.obj)
                0x100083f8                isr_svcall
 .text.xEventGroupCreate
                0x10008410       0x1c freertos/libfreertos.a(event_groups.c.obj)
                0x10008410                xEventGroupCreate
 .text.vListInitialise
                0x1000842c       0x18 freertos/libfreertos.a(list.c.obj)
                0x1000842c                vListInitialise
 .text.vListInitialiseItem
                0x10008444        0x8 freertos/libfreertos.a(list.c.obj)
                0x10008444                vListInitialiseItem
 .text.vListInsertEnd
                0x1000844c       0x1c freertos/libfreertos.a(list.c.obj)
                0x1000844c                vListInsertEnd
 .text.vListInsert
                0x10008468       0x30 freertos/libfreertos.a(list.c.obj)
                0x10008468                vListInsert
 .text.uxListRemove
                0x10008498       0x28 freertos/libfreertos.a(list.c.obj)
                0x10008498                uxListRemove
 .text.pwm_user_init
                0x100084c0       0xe0 helper/libhelper.a(helper.c.obj)
                0x100084c0                pwm_user_init
 .text.lcd_send_byte
                0x100085a0      0x100 lcd/liblcd.a(lcd.c.obj)
 .text.lcd_clear
                0x100086a0        0x8 lcd/liblcd.a(lcd.c.obj)
                0x100086a0                lcd_clear
 .text.lcd_set_cursor
                0x100086a8       0x30 lcd/liblcd.a(lcd.c.obj)
                0x100086a8                lcd_set_cursor
 .text.lcd_string
                0x100086d8       0x18 lcd/liblcd.a(lcd.c.obj)
                0x100086d8                lcd_string
 .text.lcd_init
                0x100086f0       0x5c lcd/liblcd.a(lcd.c.obj)
                0x100086f0                lcd_init
 .text.malloc   0x1000874c       0x10 C:/Users/nahue/.pico-sdk/toolchain/14_2_Rel1/bin/../lib/gcc/arm-none-eabi/14.2.1/thumb/v8-m.main+fp/softfp\libg.a(libc_a-malloc.o)
                0x1000874c                malloc
 .text.free     0x1000875c       0x10 C:/Users/nahue/.pico-sdk/toolchain/14_2_Rel1/bin/../lib/gcc/arm-none-eabi/14.2.1/thumb/v8-m.main+fp/softfp\libg.a(libc_a-malloc.o)
                0x1000875c                free
 .text._malloc_r
                0x1000876c      0x578 C:/Users/nahue/.pico-sdk/toolchain/14_2_Rel1/bin/../lib/gcc/arm-none-eabi/14.2.1/thumb/v8-m.main+fp/softfp\libg.a(libc_a-mallocr.o)
                0x1000876c                _malloc_r
 .text.__malloc_lock
                0x10008ce4        0xc C:/Users/nahue/.pico-sdk/toolchain/14_2_Rel1/bin/../lib/gcc/arm-none-eabi/14.2.1/thumb/v8-m.main+fp/softfp\libg.a(libc_a-mlock.o)
                0x10008ce4                __malloc_lock
 .text.__malloc_unlock
                0x10008cf0        0xc C:/Users/nahue/.pico-sdk/toolchain/14_2_Rel1/bin/../lib/gcc/arm-none-eabi/14.2.1/thumb/v8-m.main+fp/softfp\libg.a(libc_a-mlock.o)
                0x10008cf0                __malloc_unlock
 .text.memset   0x10008cfc       0x9c C:/Users/nahue/.pico-sdk/toolchain/14_2_Rel1/bin/../lib/gcc/arm-none-eabi/14.2.1/thumb/v8-m.main+fp/softfp\libg.a(libc_a-memset.o)
                0x10008cfc                memset
 .text._sbrk_r  0x10008d98       0x24 C:/Users/nahue/.pico-sdk/toolchain/14_2_Rel1/bin/../lib/gcc/arm-none-eabi/14.2.1/thumb/v8-m.main+fp/softfp\libg.a(libc_a-sbrkr.o)
                0x10008d98                _sbrk_r
 .text.__errno  0x10008dbc        0xc C:/Users/nahue/.pico-sdk/toolchain/14_2_Rel1/bin/../lib/gcc/arm-none-eabi/14.2.1/thumb/v8-m.main+fp/softfp\libg.a(libc_a-errno.o)
                0x10008dbc                __errno
 .text.__retarget_lock_acquire_recursive
                0x10008dc8        0x4 C:/Users/nahue/.pico-sdk/toolchain/14_2_Rel1/bin/../lib/gcc/arm-none-eabi/14.2.1/thumb/v8-m.main+fp/softfp\libg.a(libc_a-lock.o)
                0x10008dc8                __retarget_lock_acquire_recursive
 .text.__retarget_lock_release_recursive
                0x10008dcc        0x4 C:/Users/nahue/.pico-sdk/toolchain/14_2_Rel1/bin/../lib/gcc/arm-none-eabi/14.2.1/thumb/v8-m.main+fp/softfp\libg.a(libc_a-lock.o)
                0x10008dcc                __retarget_lock_release_recursive
 .text.sysconf  0x10008dd0       0x1c C:/Users/nahue/.pico-sdk/toolchain/14_2_Rel1/bin/../lib/gcc/arm-none-eabi/14.2.1/thumb/v8-m.main+fp/softfp\libg.a(libc_a-sysconf.o)
                0x10008dd0                sysconf
 .text          0x10008dec       0xec C:/Users/nahue/.pico-sdk/toolchain/14_2_Rel1/bin/../lib/gcc/arm-none-eabi/14.2.1/thumb/v8-m.main+fp/softfp\libg.a(libc_a-memcpy.o)
                0x10008dec                memcpy
 .text.strlen   0x10008ed8       0x5c C:/Users/nahue/.pico-sdk/toolchain/14_2_Rel1/bin/../lib/gcc/arm-none-eabi/14.2.1/thumb/v8-m.main+fp/softfp\libg.a(libc_a-strlen-stub.o)
                0x10008ed8                strlen
 .text._malloc_trim_r
                0x10008f34       0xb8 C:/Users/nahue/.pico-sdk/toolchain/14_2_Rel1/bin/../lib/gcc/arm-none-eabi/14.2.1/thumb/v8-m.main+fp/softfp\libg.a(libc_a-freer.o)
                0x10008f34                _malloc_trim_r
 .text._free_r  0x10008fec      0x1e8 C:/Users/nahue/.pico-sdk/toolchain/14_2_Rel1/bin/../lib/gcc/arm-none-eabi/14.2.1/thumb/v8-m.main+fp/softfp\libg.a(libc_a-freer.o)
                0x10008fec                _free_r
 *(.fini)
 .fini          0x100091d4        0x4 C:/Users/nahue/.pico-sdk/toolchain/14_2_Rel1/bin/../lib/gcc/arm-none-eabi/14.2.1/thumb/v8-m.main+fp/softfp/crti.o
                0x100091d4                _fini
 .fini.__stub   0x100091d8       0x58 linker stubs
 *crtbegin.o(.ctors)
 *crtbegin?.o(.ctors)
 *(EXCLUDE_FILE(*crtend.o *crtend?.o) .ctors)
 *(SORT_BY_NAME(.ctors.*))
 *(.ctors)
 *crtbegin.o(.dtors)
 *crtbegin?.o(.dtors)
 *(EXCLUDE_FILE(*crtend.o *crtend?.o) .dtors)
 *(SORT_BY_NAME(.dtors.*))
 *(.dtors)
                0x10009230                        . = ALIGN (0x4)
                0x10009230                        PROVIDE (__preinit_array_start = .)
 *(SORT_BY_NAME(.preinit_array.*))
 .preinit_array.00050
                0x10009230        0x4 CMakeFiles/Firmware.dir/C_/Users/nahue/.pico-sdk/sdk/2.1.1/src/rp2_common/pico_runtime_init/runtime_init.c.obj
                0x10009230                __pre_init_runtime_init_bootrom_reset
 .preinit_array.00100
                0x10009234        0x4 CMakeFiles/Firmware.dir/C_/Users/nahue/.pico-sdk/sdk/2.1.1/src/rp2_common/pico_runtime_init/runtime_init.c.obj
                0x10009234                __pre_init_runtime_init_early_resets
 .preinit_array.00101
                0x10009238        0x4 CMakeFiles/Firmware.dir/C_/Users/nahue/.pico-sdk/sdk/2.1.1/src/rp2_common/pico_runtime_init/runtime_init.c.obj
                0x10009238                __pre_init_runtime_init_usb_power_down
 .preinit_array.00500
                0x1000923c        0x4 CMakeFiles/Firmware.dir/C_/Users/nahue/.pico-sdk/sdk/2.1.1/src/rp2_common/pico_runtime_init/runtime_init.c.obj
                0x1000923c                __pre_init_runtime_init_clocks
 .preinit_array.00600
                0x10009240        0x4 CMakeFiles/Firmware.dir/C_/Users/nahue/.pico-sdk/sdk/2.1.1/src/rp2_common/pico_runtime_init/runtime_init.c.obj
                0x10009240                __pre_init_runtime_init_post_clock_resets
 .preinit_array.01000
                0x10009244        0x4 CMakeFiles/Firmware.dir/C_/Users/nahue/.pico-sdk/sdk/2.1.1/src/rp2_common/hardware_boot_lock/boot_lock.c.obj
                0x10009244                __pre_init_runtime_init_boot_locks_reset
 .preinit_array.01000
                0x10009248        0x4 CMakeFiles/Firmware.dir/C_/Users/nahue/.pico-sdk/sdk/2.1.1/src/rp2_common/pico_runtime_init/runtime_init.c.obj
                0x10009248                __pre_init_runtime_init_spin_locks_reset
 .preinit_array.01010
                0x1000924c        0x4 CMakeFiles/Firmware.dir/C_/Users/nahue/.pico-sdk/sdk/2.1.1/src/rp2_common/pico_bootrom/bootrom_lock.c.obj
                0x1000924c                __pre_init_runtime_init_bootrom_locking_enable
 .preinit_array.01100
                0x10009250        0x4 CMakeFiles/Firmware.dir/C_/Users/nahue/.pico-sdk/sdk/2.1.1/src/common/pico_sync/mutex.c.obj
                0x10009250                __pre_init_runtime_init_mutex
 .preinit_array.10080
                0x10009254        0x4 CMakeFiles/Firmware.dir/C_/Users/nahue/.pico-sdk/sdk/2.1.1/src/rp2_common/pico_runtime_init/runtime_init.c.obj
                0x10009254                __pre_init_runtime_init_install_ram_vector_table
 .preinit_array.11000
                0x10009258        0x4 CMakeFiles/Firmware.dir/C_/Users/nahue/.pico-sdk/sdk/2.1.1/src/common/pico_time/time.c.obj
                0x10009258                __pre_init_runtime_init_default_alarm_pool
 .preinit_array.YYYYY
                0x1000925c        0x4 CMakeFiles/Firmware.dir/C_/Users/nahue/.pico-sdk/sdk/2.1.1/src/rp2_common/pico_runtime/runtime.c.obj
                0x1000925c                __pre_init_first_per_core_initializer
 .preinit_array.ZZZZZ.00051
                0x10009260        0x4 CMakeFiles/Firmware.dir/C_/Users/nahue/.pico-sdk/sdk/2.1.1/src/rp2_common/pico_runtime_init/runtime_init.c.obj
                0x10009260                __pre_init_runtime_init_per_core_bootrom_reset
 .preinit_array.ZZZZZ.00200
                0x10009264        0x4 CMakeFiles/Firmware.dir/C_/Users/nahue/.pico-sdk/sdk/2.1.1/src/rp2_common/pico_runtime_init/runtime_init.c.obj
                0x10009264                __pre_init_runtime_init_per_core_enable_coprocessors
 .preinit_array.ZZZZZ.01000
                0x10009268        0x4 CMakeFiles/Firmware.dir/8fd8c7fd2e19d6fa6d9ff96b54816ead/rp2_common/hardware_sync_spin_lock/sync_spin_lock.c.obj
                0x10009268                __pre_init_spinlock_set_extexclall
 .preinit_array.ZZZZZ.01200
                0x1000926c        0x4 CMakeFiles/Firmware.dir/C_/Users/nahue/.pico-sdk/sdk/2.1.1/src/rp2_common/hardware_irq/irq.c.obj
                0x1000926c                __pre_init_runtime_init_per_core_irq_priorities
 *(.preinit_array)
                0x10009270                        PROVIDE (__preinit_array_end = .)
                0x10009270                        . = ALIGN (0x4)
                0x10009270                        PROVIDE (__init_array_start = .)
 *(SORT_BY_NAME(.init_array.*))
 *(.init_array)
 .init_array    0x10009270        0x4 C:/Users/nahue/.pico-sdk/toolchain/14_2_Rel1/bin/../lib/gcc/arm-none-eabi/14.2.1/thumb/v8-m.main+fp/softfp/crtbegin.o
 .init_array    0x10009274        0x4 CMakeFiles/Firmware.dir/C_/Users/nahue/.pico-sdk/sdk/2.1.1/src/rp2_common/pico_unique_id/unique_id.c.obj
 .init_array    0x10009278        0x4 freertos/libfreertos.a(port.c.obj)
                0x1000927c                        PROVIDE (__init_array_end = .)
                0x1000927c                        . = ALIGN (0x4)
                [!provide]                        PROVIDE (__fini_array_start = .)
 *(SORT_BY_NAME(.fini_array.*))
 *(.fini_array)
                [!provide]                        PROVIDE (__fini_array_end = .)
 *(.eh_frame*)
 .eh_frame      0x1000927c        0x0 C:/Users/nahue/.pico-sdk/toolchain/14_2_Rel1/bin/../lib/gcc/arm-none-eabi/14.2.1/thumb/v8-m.main+fp/softfp/crtbegin.o
                0x1000927c                        . = ALIGN (0x4)

.glue_7         0x1000927c        0x0
 .glue_7        0x1000927c        0x0 linker stubs

.glue_7t        0x1000927c        0x0
 .glue_7t       0x1000927c        0x0 linker stubs

.vfp11_veneer   0x1000927c        0x0
 .vfp11_veneer  0x1000927c        0x0 linker stubs

.v4_bx          0x1000927c        0x0
 .v4_bx         0x1000927c        0x0 linker stubs

.iplt           0x1000927c        0x0
 .iplt          0x1000927c        0x0 C:/Users/nahue/.pico-sdk/toolchain/14_2_Rel1/bin/../lib/gcc/arm-none-eabi/14.2.1/thumb/v8-m.main+fp/softfp/crtbegin.o

.boot2          0x1000927c        0x0
                0x1000927c                        __boot2_start__ = .
 *(.boot2)
                0x1000927c                        __boot2_end__ = .
                0x00000001                        ASSERT (((__boot2_end__ - __boot2_start__) <= 0x100), ERROR: Pico second stage bootloader must be no more than 256 bytes in size)

.rodata         0x10009280      0x4e8
 *(EXCLUDE_FILE(*libm.a: *libc.a:*lib_a-mem*.o *libgcc.a:) .rodata*)
 .rodata.frequency_calculator_task.str1.4
                0x10009280      0x268 CMakeFiles/Firmware.dir/Firmware.c.obj
                                 0x1d (size before relaxing)
 .rodata.init_lcd.str1.4
                0x100094e8       0x33 CMakeFiles/Firmware.dir/Firmware.c.obj
 .rodata.set_init.str1.4
                0x100094e8       0x62 CMakeFiles/Firmware.dir/Firmware.c.obj
 .rodata.main.str1.4
                0x100094e8       0x1b CMakeFiles/Firmware.dir/Firmware.c.obj
 .rodata.panic.str1.4
                0x100094e8       0x12 CMakeFiles/Firmware.dir/C_/Users/nahue/.pico-sdk/sdk/2.1.1/src/rp2_common/pico_platform_panic/panic.c.obj
 .rodata.spin_lock_claim_unused.str1.4
                0x100094e8       0x1b CMakeFiles/Firmware.dir/C_/Users/nahue/.pico-sdk/sdk/2.1.1/src/rp2_common/hardware_sync/sync.c.obj
 .rodata.user_irq_claim_unused.str1.4
                0x100094e8       0x1b CMakeFiles/Firmware.dir/C_/Users/nahue/.pico-sdk/sdk/2.1.1/src/rp2_common/hardware_irq/irq.c.obj
 .rodata.timer_hardware_alarm_claim.str1.4
                0x100094e8       0x22 CMakeFiles/Firmware.dir/C_/Users/nahue/.pico-sdk/sdk/2.1.1/src/rp2_common/hardware_timer/timer.c.obj
 .rodata.hard_assertion_failure.str1.4
                0x100094e8        0xc CMakeFiles/Firmware.dir/C_/Users/nahue/.pico-sdk/sdk/2.1.1/src/rp2_common/pico_runtime/runtime.c.obj
 .rodata.__wrap_malloc.str1.4
                0x100094e8        0xe CMakeFiles/Firmware.dir/C_/Users/nahue/.pico-sdk/sdk/2.1.1/src/rp2_common/pico_malloc/malloc.c.obj
 .rodata.str1.4
                0x100094e8       0x44 CMakeFiles/Firmware.dir/715ab2c4cb6e8f8e6f1d896168e0d7ec/pico_standard_binary_info/standard_binary_info.c.obj
 .rodata.__bi_84
                0x100094e8        0xc CMakeFiles/Firmware.dir/715ab2c4cb6e8f8e6f1d896168e0d7ec/pico_standard_binary_info/standard_binary_info.c.obj
 .rodata.__bi_78
                0x100094f4        0xc CMakeFiles/Firmware.dir/715ab2c4cb6e8f8e6f1d896168e0d7ec/pico_standard_binary_info/standard_binary_info.c.obj
 .rodata.__bi_60
                0x10009500        0xc CMakeFiles/Firmware.dir/715ab2c4cb6e8f8e6f1d896168e0d7ec/pico_standard_binary_info/standard_binary_info.c.obj
 .rodata.__bi_54
                0x1000950c        0xc CMakeFiles/Firmware.dir/715ab2c4cb6e8f8e6f1d896168e0d7ec/pico_standard_binary_info/standard_binary_info.c.obj
 .rodata.__bi_48
                0x10009518        0xc CMakeFiles/Firmware.dir/715ab2c4cb6e8f8e6f1d896168e0d7ec/pico_standard_binary_info/standard_binary_info.c.obj
 .rodata.__bi_42
                0x10009524        0xc CMakeFiles/Firmware.dir/715ab2c4cb6e8f8e6f1d896168e0d7ec/pico_standard_binary_info/standard_binary_info.c.obj
 .rodata.__bi_34
                0x10009530        0xc CMakeFiles/Firmware.dir/715ab2c4cb6e8f8e6f1d896168e0d7ec/pico_standard_binary_info/standard_binary_info.c.obj
 .rodata.__bi_26
                0x1000953c        0xc CMakeFiles/Firmware.dir/715ab2c4cb6e8f8e6f1d896168e0d7ec/pico_standard_binary_info/standard_binary_info.c.obj
 .rodata._ftoa.str1.4
                0x10009548       0x15 CMakeFiles/Firmware.dir/C_/Users/nahue/.pico-sdk/sdk/2.1.1/src/rp2_common/pico_printf/printf.c.obj
 .rodata.pow10.0
                0x10009548       0x50 CMakeFiles/Firmware.dir/C_/Users/nahue/.pico-sdk/sdk/2.1.1/src/rp2_common/pico_printf/printf.c.obj
 .rodata.crlf_str.0
                0x10009598        0x2 CMakeFiles/Firmware.dir/C_/Users/nahue/.pico-sdk/sdk/2.1.1/src/rp2_common/pico_stdio/stdio.c.obj
 *fill*         0x1000959a        0x2 
 .rodata._resetd_driver
                0x1000959c       0x20 CMakeFiles/Firmware.dir/C_/Users/nahue/.pico-sdk/sdk/2.1.1/src/rp2_common/pico_stdio_usb/reset_interface.c.obj
 .rodata.desc_ms_os_20
                0x100095bc       0xa6 CMakeFiles/Firmware.dir/C_/Users/nahue/.pico-sdk/sdk/2.1.1/src/rp2_common/pico_stdio_usb/reset_interface.c.obj
 *fill*         0x10009662        0x2 
 .rodata.desc_bos
                0x10009664       0x21 CMakeFiles/Firmware.dir/C_/Users/nahue/.pico-sdk/sdk/2.1.1/src/rp2_common/pico_stdio_usb/reset_interface.c.obj
                0x10009664                desc_bos
 .rodata.str1.4
                0x10009685       0x13 CMakeFiles/Firmware.dir/C_/Users/nahue/.pico-sdk/sdk/2.1.1/src/rp2_common/pico_stdio_usb/stdio_usb.c.obj
 *fill*         0x10009685        0x3 
 .rodata.__bi_197.0
                0x10009688        0xc CMakeFiles/Firmware.dir/C_/Users/nahue/.pico-sdk/sdk/2.1.1/src/rp2_common/pico_stdio_usb/stdio_usb.c.obj
 .rodata.str1.4
                0x10009694       0x2a CMakeFiles/Firmware.dir/8fd8c7fd2e19d6fa6d9ff96b54816ead/rp2_common/pico_stdio_usb/stdio_usb_descriptors.c.obj
 .rodata.usbd_desc_str
                0x10009694       0x18 CMakeFiles/Firmware.dir/8fd8c7fd2e19d6fa6d9ff96b54816ead/rp2_common/pico_stdio_usb/stdio_usb_descriptors.c.obj
 .rodata.usbd_desc_cfg
                0x100096ac       0x54 CMakeFiles/Firmware.dir/8fd8c7fd2e19d6fa6d9ff96b54816ead/rp2_common/pico_stdio_usb/stdio_usb_descriptors.c.obj
 .rodata.usbd_desc_device
                0x10009700       0x12 CMakeFiles/Firmware.dir/8fd8c7fd2e19d6fa6d9ff96b54816ead/rp2_common/pico_stdio_usb/stdio_usb_descriptors.c.obj
 .rodata.str1.4
                0x10009712       0x14 CMakeFiles/Firmware.dir/fa1e09513c46e2db4561adeaa5e58733/src/portable/raspberrypi/rp2040/dcd_rp2040.c.obj
 .rodata.str1.4
                0x10009712       0x48 CMakeFiles/Firmware.dir/fa1e09513c46e2db4561adeaa5e58733/src/portable/raspberrypi/rp2040/rp2040_usb.c.obj
 *fill*         0x10009712        0x2 
 .rodata._usbd_driver
                0x10009714       0x40 CMakeFiles/Firmware.dir/C_/Users/nahue/.pico-sdk/sdk/2.1.1/lib/tinyusb/src/device/usbd.c.obj
 .rodata.uxTopUsedPriority
                0x10009754        0x4 freertos/libfreertos.a(tasks.c.obj)
 .rodata.xTimerCreateTimerTask.str1.4
                0x10009758       0x10 freertos/libfreertos.a(timers.c.obj)
 .rodata        0x10009758       0x10 lcd/liblcd.a(lcd.c.obj)
 *(.srodata*)
                0x10009768                        . = ALIGN (0x4)
 *(SORT_BY_ALIGNMENT(SORT_BY_NAME(.flashdata*)))
                0x10009768                        . = ALIGN (0x4)

.ARM.extab
 *(.ARM.extab* .gnu.linkonce.armextab.*)
                0x10009768                        __exidx_start = .

.ARM.exidx      0x10009768        0x8
 *(.ARM.exidx* .gnu.linkonce.armexidx.*)
 .ARM.exidx     0x10009768        0x8 C:/Users/nahue/.pico-sdk/toolchain/14_2_Rel1/bin/../lib/gcc/arm-none-eabi/14.2.1/thumb/v8-m.main+fp/softfp\libg.a(libc_a-memcpy.o)
 .ARM.exidx.text.__udivmoddi4
                0x10009770        0x0 C:/Users/nahue/.pico-sdk/toolchain/14_2_Rel1/bin/../lib/gcc/arm-none-eabi/14.2.1/thumb/v8-m.main+fp/softfp\libgcc.a(_udivmoddi4.o)
                                  0x8 (size before relaxing)
                0x10009770                        __exidx_end = .
                0x10009770                        . = ALIGN (0x4)
                0x10009770                        __binary_info_start = .

.binary_info    0x10009770       0x24
 *(.binary_info.keep.*)
 .binary_info.keep.__bi_ptr84
                0x10009770        0x4 CMakeFiles/Firmware.dir/715ab2c4cb6e8f8e6f1d896168e0d7ec/pico_standard_binary_info/standard_binary_info.c.obj
 .binary_info.keep.__bi_ptr78
                0x10009774        0x4 CMakeFiles/Firmware.dir/715ab2c4cb6e8f8e6f1d896168e0d7ec/pico_standard_binary_info/standard_binary_info.c.obj
 .binary_info.keep.__bi_ptr60
                0x10009778        0x4 CMakeFiles/Firmware.dir/715ab2c4cb6e8f8e6f1d896168e0d7ec/pico_standard_binary_info/standard_binary_info.c.obj
 .binary_info.keep.__bi_ptr54
                0x1000977c        0x4 CMakeFiles/Firmware.dir/715ab2c4cb6e8f8e6f1d896168e0d7ec/pico_standard_binary_info/standard_binary_info.c.obj
 .binary_info.keep.__bi_ptr48
                0x10009780        0x4 CMakeFiles/Firmware.dir/715ab2c4cb6e8f8e6f1d896168e0d7ec/pico_standard_binary_info/standard_binary_info.c.obj
 .binary_info.keep.__bi_ptr42
                0x10009784        0x4 CMakeFiles/Firmware.dir/715ab2c4cb6e8f8e6f1d896168e0d7ec/pico_standard_binary_info/standard_binary_info.c.obj
 .binary_info.keep.__bi_ptr34
                0x10009788        0x4 CMakeFiles/Firmware.dir/715ab2c4cb6e8f8e6f1d896168e0d7ec/pico_standard_binary_info/standard_binary_info.c.obj
 .binary_info.keep.__bi_ptr26
                0x1000978c        0x4 CMakeFiles/Firmware.dir/715ab2c4cb6e8f8e6f1d896168e0d7ec/pico_standard_binary_info/standard_binary_info.c.obj
 *(.binary_info.*)
 .binary_info.__bi_ptr197
                0x10009790        0x4 CMakeFiles/Firmware.dir/C_/Users/nahue/.pico-sdk/sdk/2.1.1/src/rp2_common/pico_stdio_usb/stdio_usb.c.obj
                0x10009794                        __binary_info_end = .
                0x10009794                        . = ALIGN (0x4)

.ram_vector_table
                0x20000000      0x110
 *(.ram_vector_table)
 .ram_vector_table
                0x20000000      0x110 CMakeFiles/Firmware.dir/C_/Users/nahue/.pico-sdk/sdk/2.1.1/src/rp2_common/pico_runtime_init/runtime_init.c.obj
                0x20000000                ram_vector_table

.uninitialized_data
                0x20000110        0x0
                0x20000110                        . = ALIGN (0x4)
 *(.uninitialized_data*)

.data           0x20000110     0x1a00 load address 0x10009794
                0x20000110                        __data_start__ = .
 *(vtable)
 *(.time_critical*)
 .time_critical.mutex_try_enter
                0x20000110       0x50 CMakeFiles/Firmware.dir/C_/Users/nahue/.pico-sdk/sdk/2.1.1/src/common/pico_sync/mutex.c.obj
                0x20000110                mutex_try_enter
 .time_critical.mutex_enter_block_until
                0x20000160       0x6c CMakeFiles/Firmware.dir/C_/Users/nahue/.pico-sdk/sdk/2.1.1/src/common/pico_sync/mutex.c.obj
                0x20000160                mutex_enter_block_until
 .time_critical.mutex_try_enter_block_until
                0x200001cc       0x68 CMakeFiles/Firmware.dir/C_/Users/nahue/.pico-sdk/sdk/2.1.1/src/common/pico_sync/mutex.c.obj
                0x200001cc                mutex_try_enter_block_until
 .time_critical.mutex_enter_timeout_ms
                0x20000234       0x38 CMakeFiles/Firmware.dir/C_/Users/nahue/.pico-sdk/sdk/2.1.1/src/common/pico_sync/mutex.c.obj
                0x20000234                mutex_enter_timeout_ms
 .time_critical.mutex_exit
                0x2000026c       0x3c CMakeFiles/Firmware.dir/C_/Users/nahue/.pico-sdk/sdk/2.1.1/src/common/pico_sync/mutex.c.obj
                0x2000026c                mutex_exit
 .time_critical.reset_non_control_endpoints
                0x200002a8       0x64 CMakeFiles/Firmware.dir/fa1e09513c46e2db4561adeaa5e58733/src/portable/raspberrypi/rp2040/dcd_rp2040.c.obj
 .time_critical.hw_handle_buff_status
                0x2000030c       0x90 CMakeFiles/Firmware.dir/fa1e09513c46e2db4561adeaa5e58733/src/portable/raspberrypi/rp2040/dcd_rp2040.c.obj
 .time_critical.dcd_rp2040_irq
                0x2000039c      0x530 CMakeFiles/Firmware.dir/fa1e09513c46e2db4561adeaa5e58733/src/portable/raspberrypi/rp2040/dcd_rp2040.c.obj
 .time_critical.prepare_ep_buffer
                0x200008cc       0xc0 CMakeFiles/Firmware.dir/fa1e09513c46e2db4561adeaa5e58733/src/portable/raspberrypi/rp2040/rp2040_usb.c.obj
 .time_critical.sync_ep_buffer
                0x2000098c       0xb4 CMakeFiles/Firmware.dir/fa1e09513c46e2db4561adeaa5e58733/src/portable/raspberrypi/rp2040/rp2040_usb.c.obj
 .time_critical._hw_endpoint_xfer_sync
                0x20000a40       0x2c CMakeFiles/Firmware.dir/fa1e09513c46e2db4561adeaa5e58733/src/portable/raspberrypi/rp2040/rp2040_usb.c.obj
 .time_critical.e15_is_bulkin_ep
                0x20000a6c       0x28 CMakeFiles/Firmware.dir/fa1e09513c46e2db4561adeaa5e58733/src/portable/raspberrypi/rp2040/rp2040_usb.c.obj
 .time_critical.e15_is_critical_frame_period
                0x20000a94       0x28 CMakeFiles/Firmware.dir/fa1e09513c46e2db4561adeaa5e58733/src/portable/raspberrypi/rp2040/rp2040_usb.c.obj
 .time_critical.hw_endpoint_reset_transfer
                0x20000abc        0xc CMakeFiles/Firmware.dir/fa1e09513c46e2db4561adeaa5e58733/src/portable/raspberrypi/rp2040/rp2040_usb.c.obj
                0x20000abc                hw_endpoint_reset_transfer
 .time_critical._hw_endpoint_buffer_control_update32
                0x20000ac8       0x44 CMakeFiles/Firmware.dir/fa1e09513c46e2db4561adeaa5e58733/src/portable/raspberrypi/rp2040/rp2040_usb.c.obj
                0x20000ac8                _hw_endpoint_buffer_control_update32
 .time_critical.hw_endpoint_start_next_buffer
                0x20000b0c       0x64 CMakeFiles/Firmware.dir/fa1e09513c46e2db4561adeaa5e58733/src/portable/raspberrypi/rp2040/rp2040_usb.c.obj
                0x20000b0c                hw_endpoint_start_next_buffer
 .time_critical.hw_endpoint_xfer_continue
                0x20000b70       0x3c CMakeFiles/Firmware.dir/fa1e09513c46e2db4561adeaa5e58733/src/portable/raspberrypi/rp2040/rp2040_usb.c.obj
                0x20000b70                hw_endpoint_xfer_continue
 .time_critical.tinyusb
                0x20000bac      0x224 CMakeFiles/Firmware.dir/C_/Users/nahue/.pico-sdk/sdk/2.1.1/lib/tinyusb/src/device/usbd.c.obj
                0x20000bac                dcd_event_handler
 *(.text*)
 .text          0x20000dd0      0x378 C:/Users/nahue/.pico-sdk/toolchain/14_2_Rel1/bin/../lib/gcc/arm-none-eabi/14.2.1/thumb/v8-m.main+fp/softfp\libgcc.a(_arm_addsubdf3.o)
                0x20000dd0                __aeabi_drsub
                0x20000dd8                __aeabi_dsub
                0x20000dd8                __subdf3
                0x20000ddc                __aeabi_dadd
                0x20000ddc                __adddf3
                0x20001054                __floatunsidf
                0x20001054                __aeabi_ui2d
                0x20001074                __floatsidf
                0x20001074                __aeabi_i2d
                0x20001098                __aeabi_f2d
                0x20001098                __extendsfdf2
                0x200010dc                __floatundidf
                0x200010dc                __aeabi_ul2d
                0x200010ec                __floatdidf
                0x200010ec                __aeabi_l2d
 .text          0x20001148       0x30 C:/Users/nahue/.pico-sdk/toolchain/14_2_Rel1/bin/../lib/gcc/arm-none-eabi/14.2.1/thumb/v8-m.main+fp/softfp\libgcc.a(_aeabi_uldivmod.o)
                0x20001148                __aeabi_uldivmod
 .text.__udivmoddi4
                0x20001178      0x34c C:/Users/nahue/.pico-sdk/toolchain/14_2_Rel1/bin/../lib/gcc/arm-none-eabi/14.2.1/thumb/v8-m.main+fp/softfp\libgcc.a(_udivmoddi4.o)
                0x20001178                __udivmoddi4
 .text          0x200014c4        0x4 C:/Users/nahue/.pico-sdk/toolchain/14_2_Rel1/bin/../lib/gcc/arm-none-eabi/14.2.1/thumb/v8-m.main+fp/softfp\libgcc.a(_dvmd_tls.o)
                0x200014c4                __aeabi_idiv0
                0x200014c4                __aeabi_ldiv0
 .text.__stub   0x200014c8       0x30 linker stubs
                0x200014f8                        . = ALIGN (0x4)
 *(.rodata*)
                0x200014f8                        . = ALIGN (0x4)
 *(.data*)
 .data.ventana  0x200014f8        0x4 CMakeFiles/Firmware.dir/Firmware.c.obj
                0x200014f8                ventana
 .data.fre      0x200014fc        0x2 CMakeFiles/Firmware.dir/Firmware.c.obj
                0x200014fc                fre
 .data.striped_spin_lock_num
                0x200014fe        0x1 CMakeFiles/Firmware.dir/C_/Users/nahue/.pico-sdk/sdk/2.1.1/src/rp2_common/hardware_sync/sync.c.obj
 *fill*         0x200014ff        0x1 
 .data          0x20001500       0x48 CMakeFiles/Firmware.dir/C_/Users/nahue/.pico-sdk/sdk/2.1.1/src/rp2_common/hardware_irq/irq_handler_chain.S.obj
                0x20001500                irq_handler_chain_slots
                0x20001530                irq_handler_chain_first_slot
                0x2000153a                irq_handler_chain_remove_tail
 .data.default_alarm_pool
                0x20001548       0x18 CMakeFiles/Firmware.dir/C_/Users/nahue/.pico-sdk/sdk/2.1.1/src/common/pico_time/time.c.obj
 .data.stdio_usb
                0x20001560       0x18 CMakeFiles/Firmware.dir/C_/Users/nahue/.pico-sdk/sdk/2.1.1/src/rp2_common/pico_stdio_usb/stdio_usb.c.obj
                0x20001560                stdio_usb
 .data._usbd_qdef
                0x20001578       0x1c CMakeFiles/Firmware.dir/C_/Users/nahue/.pico-sdk/sdk/2.1.1/lib/tinyusb/src/device/usbd.c.obj
                0x20001578                _usbd_qdef
 .data._usbd_rhport
                0x20001594        0x1 CMakeFiles/Firmware.dir/C_/Users/nahue/.pico-sdk/sdk/2.1.1/lib/tinyusb/src/device/usbd.c.obj
 *fill*         0x20001595        0x3 
 .data.i2c1_inst
                0x20001598        0x8 CMakeFiles/Firmware.dir/C_/Users/nahue/.pico-sdk/sdk/2.1.1/src/rp2_common/hardware_i2c/i2c.c.obj
                0x20001598                i2c1_inst
 .data.i2c0_inst
                0x200015a0        0x8 CMakeFiles/Firmware.dir/C_/Users/nahue/.pico-sdk/sdk/2.1.1/src/rp2_common/hardware_i2c/i2c.c.obj
                0x200015a0                i2c0_inst
 .data.ucPrimaryCoreNum
                0x200015a8        0x1 freertos/libfreertos.a(port.c.obj)
 *fill*         0x200015a9        0x3 
 .data.ulCriticalNesting
                0x200015ac        0x4 freertos/libfreertos.a(port.c.obj)
 .data.__malloc_sbrk_base
                0x200015b0        0x4 C:/Users/nahue/.pico-sdk/toolchain/14_2_Rel1/bin/../lib/gcc/arm-none-eabi/14.2.1/thumb/v8-m.main+fp/softfp\libg.a(libc_a-mallocr.o)
                0x200015b0                __malloc_sbrk_base
 .data.__malloc_trim_threshold
                0x200015b4        0x4 C:/Users/nahue/.pico-sdk/toolchain/14_2_Rel1/bin/../lib/gcc/arm-none-eabi/14.2.1/thumb/v8-m.main+fp/softfp\libg.a(libc_a-mallocr.o)
                0x200015b4                __malloc_trim_threshold
 .data.__malloc_av_
                0x200015b8      0x408 C:/Users/nahue/.pico-sdk/toolchain/14_2_Rel1/bin/../lib/gcc/arm-none-eabi/14.2.1/thumb/v8-m.main+fp/softfp\libg.a(libc_a-mallocr.o)
                0x200015b8                __malloc_av_
 .data._impure_ptr
                0x200019c0        0x4 C:/Users/nahue/.pico-sdk/toolchain/14_2_Rel1/bin/../lib/gcc/arm-none-eabi/14.2.1/thumb/v8-m.main+fp/softfp\libg.a(libc_a-impure.o)
                0x200019c0                _impure_ptr
 *fill*         0x200019c4        0x4 
 .data._impure_data
                0x200019c8      0x140 C:/Users/nahue/.pico-sdk/toolchain/14_2_Rel1/bin/../lib/gcc/arm-none-eabi/14.2.1/thumb/v8-m.main+fp/softfp\libg.a(libc_a-impure.o)
                0x200019c8                _impure_data
 *(.sdata*)
                0x20001b08                        . = ALIGN (0x4)
 *(.after_data.*)
                0x20001b08                        . = ALIGN (0x4)
                0x20001b08                        PROVIDE (__mutex_array_start = .)
 *(SORT_BY_NAME(.mutex_array.*))
 *(.mutex_array)
 .mutex_array   0x20001b08        0x8 CMakeFiles/Firmware.dir/C_/Users/nahue/.pico-sdk/sdk/2.1.1/src/rp2_common/pico_stdio/stdio.c.obj
                0x20001b10                        PROVIDE (__mutex_array_end = .)
 *(.jcr)
                0x20001b10                        . = ALIGN (0x4)

.tm_clone_table
                0x20001b10        0x0 load address 0x1000b194
 .tm_clone_table
                0x20001b10        0x0 C:/Users/nahue/.pico-sdk/toolchain/14_2_Rel1/bin/../lib/gcc/arm-none-eabi/14.2.1/thumb/v8-m.main+fp/softfp/crtbegin.o
 .tm_clone_table
                0x20001b10        0x0 C:/Users/nahue/.pico-sdk/toolchain/14_2_Rel1/bin/../lib/gcc/arm-none-eabi/14.2.1/thumb/v8-m.main+fp/softfp/crtend.o

.igot.plt       0x20001b10        0x0 load address 0x1000b194
 .igot.plt      0x20001b10        0x0 C:/Users/nahue/.pico-sdk/toolchain/14_2_Rel1/bin/../lib/gcc/arm-none-eabi/14.2.1/thumb/v8-m.main+fp/softfp/crtbegin.o

.tdata          0x20001b10        0x0 load address 0x1000b194
                0x20001b10                        . = ALIGN (0x4)
 *(.tdata .tdata.* .gnu.linkonce.td.*)
                0x20001b10                        __tdata_end = .
                0x20001b10                        PROVIDE (__data_end__ = .)
                0x10009794                        __etext = LOADADDR (.data)

.tbss           0x20001b10        0x0 load address 0x1000b194
                0x20001b10                        . = ALIGN (0x4)
                0x20001b10                        __bss_start__ = .
                0x20001b10                        __tls_base = .
 *(.tbss .tbss.* .gnu.linkonce.tb.*)
 *(.tcommon)
                0x20001b10                        __tls_end = .

.bss            0x20001b10      0xfa0 load address 0x1000b194
                0x20001b10                        . = ALIGN (0x4)
                0x20001b10                        __tbss_end = .
 *(SORT_BY_ALIGNMENT(SORT_BY_NAME(.bss*)))
 .bss.count     0x20001b10        0x8 CMakeFiles/Firmware.dir/Firmware.c.obj
                0x20001b10                count
 .bss.default_alarm_pool_entries
                0x20001b18      0x180 CMakeFiles/Firmware.dir/C_/Users/nahue/.pico-sdk/sdk/2.1.1/src/common/pico_time/time.c.obj
 .bss.last_avail_time.1
                0x20001c98        0x8 CMakeFiles/Firmware.dir/C_/Users/nahue/.pico-sdk/sdk/2.1.1/src/rp2_common/pico_stdio_usb/stdio_usb.c.obj
 .bss.xQueueRegistry
                0x20001ca0       0x50 freertos/libfreertos.a(queue.c.obj)
                0x20001ca0                xQueueRegistry
 .bss.__lock___malloc_recursive_mutex
                0x20001cf0        0x1 C:/Users/nahue/.pico-sdk/toolchain/14_2_Rel1/bin/../lib/gcc/arm-none-eabi/14.2.1/thumb/v8-m.main+fp/softfp\libg.a(libc_a-lock.o)
                0x20001cf0                __lock___malloc_recursive_mutex
 *fill*         0x20001cf1        0x3 
 .bss.__malloc_current_mallinfo
                0x20001cf4       0x28 C:/Users/nahue/.pico-sdk/toolchain/14_2_Rel1/bin/../lib/gcc/arm-none-eabi/14.2.1/thumb/v8-m.main+fp/softfp\libg.a(libc_a-mallocr.o)
                0x20001cf4                __malloc_current_mallinfo
 .bss.__malloc_max_sbrked_mem
                0x20001d1c        0x4 C:/Users/nahue/.pico-sdk/toolchain/14_2_Rel1/bin/../lib/gcc/arm-none-eabi/14.2.1/thumb/v8-m.main+fp/softfp\libg.a(libc_a-mallocr.o)
                0x20001d1c                __malloc_max_sbrked_mem
 .bss.__malloc_max_total_mem
                0x20001d20        0x4 C:/Users/nahue/.pico-sdk/toolchain/14_2_Rel1/bin/../lib/gcc/arm-none-eabi/14.2.1/thumb/v8-m.main+fp/softfp\libg.a(libc_a-mallocr.o)
                0x20001d20                __malloc_max_total_mem
 .bss.__malloc_top_pad
                0x20001d24        0x4 C:/Users/nahue/.pico-sdk/toolchain/14_2_Rel1/bin/../lib/gcc/arm-none-eabi/14.2.1/thumb/v8-m.main+fp/softfp\libg.a(libc_a-mallocr.o)
                0x20001d24                __malloc_top_pad